#
# There is insufficient memory for the Java Runtime Environment to continue.
# Native memory allocation (malloc) failed to allocate 32744 bytes. Error detail: Chunk::new
# Possible reasons:
#   The system is out of physical RAM or swap space
#   This process is running with CompressedOops enabled, and the Java Heap may be blocking the growth of the native heap
# Possible solutions:
#   Reduce memory load on the system
#   Increase physical memory or swap space
#   Check if swap backing store is full
#   Decrease Java heap size (-Xmx/-Xms)
#   Decrease number of Java threads
#   Decrease Java thread stack sizes (-Xss)
#   Set larger code cache with -XX:ReservedCodeCacheSize=
#   JVM is running with Zero Based Compressed Oops mode in which the Java heap is
#     placed in the first 32GB address space. The Java Heap base address is the
#     maximum limit for the native heap growth. Please use -XX:HeapBaseMinAddress
#     to set the Java Heap base and to place the Java Heap above 32GB virtual address.
# This output file may be truncated or incomplete.
#
#  Out of Memory Error (arena.cpp:168), pid=23360, tid=24436
#
# JRE version: OpenJDK Runtime Environment Temurin-21.0.12.1+1 (21.0.12.1+1) (build 21.0.12.1+1-LTS)
# Java VM: OpenJDK 64-Bit Server VM Temurin-21.0.12.1+1 (21.0.12.1+1-LTS, mixed mode, sharing, tiered, compressed oops, compressed class ptrs, g1 gc, windows-amd64)
# No core dump will be written. Minidumps are not enabled by default on client versions of Windows
#

---------------  S U M M A R Y ------------

Command Line: --add-opens=java.base/java.lang=ALL-UNNAMED --add-opens=java.base/java.lang.invoke=ALL-UNNAMED --add-opens=java.base/java.util=ALL-UNNAMED --add-opens=java.prefs/java.util.prefs=ALL-UNNAMED --add-exports=jdk.compiler/com.sun.tools.javac.api=ALL-UNNAMED --add-exports=jdk.compiler/com.sun.tools.javac.util=ALL-UNNAMED --add-opens=java.base/java.util=ALL-UNNAMED --add-opens=java.prefs/java.util.prefs=ALL-UNNAMED --add-opens=java.base/java.nio.charset=ALL-UNNAMED --add-opens=java.base/java.net=ALL-UNNAMED --add-opens=java.base/java.util.concurrent=ALL-UNNAMED --add-opens=java.base/java.util.concurrent.atomic=ALL-UNNAMED --add-opens=java.xml/javax.xml.namespace=ALL-UNNAMED --add-opens=java.base/java.time=ALL-UNNAMED -XX:MaxMetaspaceSize=4G -XX:ReservedCodeCacheSize=512m -XX:+HeapDumpOnOutOfMemoryError -Xmx8G -Dfile.encoding=UTF-8 -Duser.country=US -Duser.language=en -Duser.variant -javaagent:C:\Users\MypC\.gradle\wrapper\dists\gradle-9.3.1-all\9ot9r568e8zfvvd4mn8rbu1j0\gradle-9.3.1\lib\agents\gradle-instrumentation-agent-9.3.1.jar org.gradle.launcher.daemon.bootstrap.GradleDaemon 9.3.1

Host: 11th Gen Intel(R) Core(TM) i5-1135G7 @ 2.40GHz, 8 cores, 15G,  Windows 11 , 64 bit Build 26100 (10.0.26100.9549)
Time: Sat Sep 26 13:16:05 2026 SE Asia Standard Time elapsed time: 1004.785091 seconds (0d 0h 16m 44s)

---------------  T H R E A D  ---------------

Current thread (0x0000020849f69ae0):  JavaThread "C2 CompilerThread0" daemon [_thread_in_native, id=24436, stack(0x000000d17b500000,0x000000d17b600000) (1024K)]


Current CompileTask:
C2:1004785 7725 %     4       org.gradle.internal.instantiation.generator.AbstractClassGenerator::inspectType @ 292 (602 bytes)

Stack: [0x000000d17b500000,0x000000d17b600000]
Native frames: (J=compiled Java code, j=interpreted, Vv=VM code, C=native code)
V  [jvm.dll+0x6d83e9]
V  [jvm.dll+0x8b5736]
V  [jvm.dll+0x8b7cee]
V  [jvm.dll+0x8b83d3]
V  [jvm.dll+0x284596]
V  [jvm.dll+0xc685d]
V  [jvm.dll+0xc6da1]
V  [jvm.dll+0x3043d1]
V  [jvm.dll+0x30444e]
V  [jvm.dll+0x304978]
V  [jvm.dll+0x305963]
V  [jvm.dll+0x306e2c]
V  [jvm.dll+0x24deaf]
V  [jvm.dll+0x24bbe6]
V  [jvm.dll+0x1cb4ae]
V  [jvm.dll+0x25baad]
V  [jvm.dll+0x25a03a]
V  [jvm.dll+0x3f8aae]
V  [jvm.dll+0x8600cd]
V  [jvm.dll+0x6d6c1d]
C  [ucrtbase.dll+0x2cd30]
C  [KERNEL32.DLL+0x2cdf7]
C  [ntdll.dll+0x7ee4c]


---------------  P R O C E S S  ---------------

Threads class SMR info:
_java_thread_list=0x00000208954b36c0, length=57, elements={
0x000002081c641b20, 0x0000020849f5b9f0, 0x0000020849f5f180, 0x0000020849f66e30,
0x0000020849f67890, 0x0000020849f682f0, 0x0000020849f68d50, 0x0000020849f69ae0,
0x0000020849f6cce0, 0x000002084cae2a30, 0x000002084cb06e00, 0x000002084c87fd00,
0x00000208929b1f50, 0x0000020892e4b1c0, 0x0000020892cc07c0, 0x00000208935ccee0,
0x00000208920632f0, 0x000002084cb49070, 0x0000020893610550, 0x000002089360fec0,
0x000002089360d760, 0x000002089360f1a0, 0x000002089360ddf0, 0x000002089360e480,
0x000002089563e360, 0x000002089563c290, 0x000002089563c920, 0x000002089563cfb0,
0x000002089563d640, 0x000002089563dcd0, 0x000002089563e9f0, 0x000002089563b570,
0x000002089563bc00, 0x0000020895642500, 0x000002089563fda0, 0x0000020895640ac0,
0x0000020895641150, 0x00000208956417e0, 0x0000020895641e70, 0x0000020893610be0,
0x000002089661c7c0, 0x000002089661ce50, 0x000002089661b410, 0x000002089661a060,
0x000002089661a6f0, 0x000002089661db70, 0x000002089661baa0, 0x000002089661c130,
0x000002089661e200, 0x000002089661ad80, 0x000002089661e890, 0x000002089661fc40,
0x000002089661ef20, 0x00000208966202d0, 0x000002089661f5b0, 0x000002089661d4e0,
0x0000020896620960
}

Java Threads: ( => current thread )
  0x000002081c641b20 JavaThread "main"                              [_thread_blocked, id=23916, stack(0x000000d17a600000,0x000000d17a700000) (1024K)]
  0x0000020849f5b9f0 JavaThread "Reference Handler"          daemon [_thread_blocked, id=24392, stack(0x000000d17af00000,0x000000d17b000000) (1024K)]
  0x0000020849f5f180 JavaThread "Finalizer"                  daemon [_thread_blocked, id=24396, stack(0x000000d17b000000,0x000000d17b100000) (1024K)]
  0x0000020849f66e30 JavaThread "Signal Dispatcher"          daemon [_thread_blocked, id=24400, stack(0x000000d17b100000,0x000000d17b200000) (1024K)]
  0x0000020849f67890 JavaThread "Attach Listener"            daemon [_thread_blocked, id=24408, stack(0x000000d17b200000,0x000000d17b300000) (1024K)]
  0x0000020849f682f0 JavaThread "Service Thread"             daemon [_thread_blocked, id=24420, stack(0x000000d17b300000,0x000000d17b400000) (1024K)]
  0x0000020849f68d50 JavaThread "Monitor Deflation Thread"   daemon [_thread_blocked, id=24428, stack(0x000000d17b400000,0x000000d17b500000) (1024K)]
=>0x0000020849f69ae0 JavaThread "C2 CompilerThread0"         daemon [_thread_in_native, id=24436, stack(0x000000d17b500000,0x000000d17b600000) (1024K)]
  0x0000020849f6cce0 JavaThread "C1 CompilerThread0"         daemon [_thread_blocked, id=24440, stack(0x000000d17b600000,0x000000d17b700000) (1024K)]
  0x000002084cae2a30 JavaThread "Common-Cleaner"             daemon [_thread_blocked, id=24564, stack(0x000000d17b700000,0x000000d17b800000) (1024K)]
  0x000002084cb06e00 JavaThread "Notification Thread"        daemon [_thread_blocked, id=24572, stack(0x000000d17b800000,0x000000d17b900000) (1024K)]
  0x000002084c87fd00 JavaThread "Daemon health stats"               [_thread_blocked, id=22204, stack(0x000000d17be00000,0x000000d17bf00000) (1024K)]
  0x00000208929b1f50 JavaThread "Incoming local TCP Connector on port 59561"        [_thread_in_native, id=28440, stack(0x000000d17bf00000,0x000000d17c000000) (1024K)]
  0x0000020892e4b1c0 JavaThread "Daemon"                            [_thread_blocked, id=4708, stack(0x000000d17c000000,0x000000d17c100000) (1024K)]
  0x0000020892cc07c0 JavaThread "Daemon periodic checks"            [_thread_blocked, id=18256, stack(0x000000d17c100000,0x000000d17c200000) (1024K)]
  0x00000208935ccee0 JavaThread "Handler for socket connection from /127.0.0.1:59561 to /127.0.0.1:59565"        [_thread_in_native, id=23564, stack(0x000000d17c200000,0x000000d17c300000) (1024K)]
  0x00000208920632f0 JavaThread "Cancel handler"                    [_thread_blocked, id=4836, stack(0x000000d17c300000,0x000000d17c400000) (1024K)]
  0x000002084cb49070 JavaThread "Daemon worker"                     [_thread_in_Java, id=23756, stack(0x000000d17c400000,0x000000d17c500000) (1024K)]
  0x0000020893610550 JavaThread "Asynchronous log dispatcher for DefaultDaemonConnection: socket connection from /127.0.0.1:59561 to /127.0.0.1:59565"        [_thread_blocked, id=14360, stack(0x000000d17c500000,0x000000d17c600000) (1024K)]
  0x000002089360fec0 JavaThread "Stdin handler"                     [_thread_blocked, id=26332, stack(0x000000d17c600000,0x000000d17c700000) (1024K)]
  0x000002089360d760 JavaThread "Daemon client event forwarder"        [_thread_blocked, id=26940, stack(0x000000d17c700000,0x000000d17c800000) (1024K)]
  0x000002089360f1a0 JavaThread "Cache worker for journal cache (C:\Users\MypC\.gradle\caches\journal-1)"        [_thread_blocked, id=24188, stack(0x000000d17c800000,0x000000d17c900000) (1024K)]
  0x000002089360ddf0 JavaThread "File lock request listener"        [_thread_in_native, id=24192, stack(0x000000d17c900000,0x000000d17ca00000) (1024K)]
  0x000002089360e480 JavaThread "Cache worker for file hash cache (C:\Users\MypC\.gradle\caches\9.3.1\fileHashes)"        [_thread_blocked, id=26656, stack(0x000000d17cb00000,0x000000d17cc00000) (1024K)]
  0x000002089563e360 JavaThread "Cache worker for file hash cache (F:\DA_NhaThuoc\pharmacy-backend\mobile_pharmacy\android\.gradle\9.3.1\fileHashes)"        [_thread_blocked, id=26132, stack(0x000000d17cd00000,0x000000d17ce00000) (1024K)]
  0x000002089563c290 JavaThread "Cache worker for Build Output Cleanup Cache (F:\DA_NhaThuoc\pharmacy-backend\mobile_pharmacy\android\.gradle\buildOutputCleanup)"        [_thread_blocked, id=12008, stack(0x000000d17ce00000,0x000000d17cf00000) (1024K)]
  0x000002089563c920 JavaThread "File watcher server"        daemon [_thread_in_native, id=5876, stack(0x000000d17cf00000,0x000000d17d000000) (1024K)]
  0x000002089563cfb0 JavaThread "File watcher consumer"      daemon [_thread_blocked, id=9664, stack(0x000000d17d000000,0x000000d17d100000) (1024K)]
  0x000002089563d640 JavaThread "Cache worker for checksums cache (F:\DA_NhaThuoc\pharmacy-backend\mobile_pharmacy\android\.gradle\9.3.1\checksums)"        [_thread_blocked, id=24760, stack(0x000000d17d100000,0x000000d17d200000) (1024K)]
  0x000002089563dcd0 JavaThread "Cache worker for file content cache (C:\Users\MypC\.gradle\caches\9.3.1\fileContent)"        [_thread_blocked, id=25232, stack(0x000000d17d200000,0x000000d17d300000) (1024K)]
  0x000002089563e9f0 JavaThread "Cache worker for cache directory md-supplier (C:\Users\MypC\.gradle\caches\9.3.1\md-supplier)"        [_thread_blocked, id=28976, stack(0x000000d17d300000,0x000000d17d400000) (1024K)]
  0x000002089563b570 JavaThread "Cache worker for cache directory md-rule (C:\Users\MypC\.gradle\caches\9.3.1\md-rule)"        [_thread_blocked, id=29324, stack(0x000000d17d400000,0x000000d17d500000) (1024K)]
  0x000002089563bc00 JavaThread "File lock release action executor Thread 2"        [_thread_blocked, id=30408, stack(0x000000d17ca00000,0x000000d17cb00000) (1024K)]
  0x0000020895642500 JavaThread "Cache worker for Build Output Cleanup Cache (F:\src\flutter\packages\flutter_tools\gradle\.gradle\buildOutputCleanup)"        [_thread_blocked, id=9108, stack(0x000000d17d500000,0x000000d17d600000) (1024K)]
  0x000002089563fda0 JavaThread "Unconstrained build operations"        [_thread_blocked, id=26892, stack(0x000000d17d600000,0x000000d17d700000) (1024K)]
  0x0000020895640ac0 JavaThread "Unconstrained build operations Thread 2"        [_thread_blocked, id=34368, stack(0x000000d17d700000,0x000000d17d800000) (1024K)]
  0x0000020895641150 JavaThread "Unconstrained build operations Thread 3"        [_thread_blocked, id=14856, stack(0x000000d17d800000,0x000000d17d900000) (1024K)]
  0x00000208956417e0 JavaThread "Unconstrained build operations Thread 4"        [_thread_blocked, id=34376, stack(0x000000d17d900000,0x000000d17da00000) (1024K)]
  0x0000020895641e70 JavaThread "Unconstrained build operations Thread 5"        [_thread_blocked, id=34408, stack(0x000000d17da00000,0x000000d17db00000) (1024K)]
  0x0000020893610be0 JavaThread "Unconstrained build operations Thread 6"        [_thread_blocked, id=34424, stack(0x000000d17db00000,0x000000d17dc00000) (1024K)]
  0x000002089661c7c0 JavaThread "Unconstrained build operations Thread 7"        [_thread_blocked, id=29492, stack(0x000000d17dc00000,0x000000d17dd00000) (1024K)]
  0x000002089661ce50 JavaThread "Unconstrained build operations Thread 8"        [_thread_blocked, id=31212, stack(0x000000d17dd00000,0x000000d17de00000) (1024K)]
  0x000002089661b410 JavaThread "Unconstrained build operations Thread 9"        [_thread_blocked, id=33068, stack(0x000000d17de00000,0x000000d17df00000) (1024K)]
  0x000002089661a060 JavaThread "Unconstrained build operations Thread 10"        [_thread_blocked, id=29844, stack(0x000000d17df00000,0x000000d17e000000) (1024K)]
  0x000002089661a6f0 JavaThread "Unconstrained build operations Thread 11"        [_thread_blocked, id=28212, stack(0x000000d17e000000,0x000000d17e100000) (1024K)]
  0x000002089661db70 JavaThread "Unconstrained build operations Thread 12"        [_thread_blocked, id=29868, stack(0x000000d17e100000,0x000000d17e200000) (1024K)]
  0x000002089661baa0 JavaThread "Unconstrained build operations Thread 13"        [_thread_blocked, id=7136, stack(0x000000d17e200000,0x000000d17e300000) (1024K)]
  0x000002089661c130 JavaThread "Unconstrained build operations Thread 14"        [_thread_blocked, id=31424, stack(0x000000d17e300000,0x000000d17e400000) (1024K)]
  0x000002089661e200 JavaThread "Unconstrained build operations Thread 15"        [_thread_blocked, id=33212, stack(0x000000d17e400000,0x000000d17e500000) (1024K)]
  0x000002089661ad80 JavaThread "Unconstrained build operations Thread 16"        [_thread_blocked, id=26352, stack(0x000000d17e500000,0x000000d17e600000) (1024K)]
  0x000002089661e890 JavaThread "Unconstrained build operations Thread 17"        [_thread_blocked, id=34648, stack(0x000000d17e600000,0x000000d17e700000) (1024K)]
  0x000002089661fc40 JavaThread "Unconstrained build operations Thread 18"        [_thread_blocked, id=13124, stack(0x000000d17e700000,0x000000d17e800000) (1024K)]
  0x000002089661ef20 JavaThread "Unconstrained build operations Thread 19"        [_thread_blocked, id=3244, stack(0x000000d17e800000,0x000000d17e900000) (1024K)]
  0x00000208966202d0 JavaThread "Unconstrained build operations Thread 20"        [_thread_blocked, id=25596, stack(0x000000d17e900000,0x000000d17ea00000) (1024K)]
  0x000002089661f5b0 JavaThread "Unconstrained build operations Thread 21"        [_thread_blocked, id=25368, stack(0x000000d17ea00000,0x000000d17eb00000) (1024K)]
  0x000002089661d4e0 JavaThread "Memory manager"                    [_thread_blocked, id=40276, stack(0x000000d17eb00000,0x000000d17ec00000) (1024K)]
  0x0000020896620960 JavaThread "build event listener"              [_thread_blocked, id=8896, stack(0x000000d17ec00000,0x000000d17ed00000) (1024K)]
Total: 57

Other Threads:
  0x0000020849f3a9d0 VMThread "VM Thread"                           [id=24104, stack(0x000000d17ae00000,0x000000d17af00000) (1024K)]
  0x0000020849f27a80 WatcherThread "VM Periodic Task Thread"        [id=24100, stack(0x000000d17ad00000,0x000000d17ae00000) (1024K)]
  0x000002081c6ecd80 WorkerThread "GC Thread#0"                     [id=24080, stack(0x000000d17a800000,0x000000d17a900000) (1024K)]
  0x000002084cb52da0 WorkerThread "GC Thread#1"                     [id=23648, stack(0x000000d17b900000,0x000000d17ba00000) (1024K)]
  0x000002084cb53150 WorkerThread "GC Thread#2"                     [id=8856, stack(0x000000d17ba00000,0x000000d17bb00000) (1024K)]
  0x000002084cb57a90 WorkerThread "GC Thread#3"                     [id=23656, stack(0x000000d17bb00000,0x000000d17bc00000) (1024K)]
  0x000002084cb57e40 WorkerThread "GC Thread#4"                     [id=4604, stack(0x000000d17bc00000,0x000000d17bd00000) (1024K)]
  0x000002084cb581f0 WorkerThread "GC Thread#5"                     [id=3156, stack(0x000000d17bd00000,0x000000d17be00000) (1024K)]
  0x000002089271d8f0 WorkerThread "GC Thread#6"                     [id=17260, stack(0x000000d17a500000,0x000000d17a600000) (1024K)]
  0x000002089271dca0 WorkerThread "GC Thread#7"                     [id=16448, stack(0x000000d17a700000,0x000000d17a800000) (1024K)]
  0x000002081c6feb00 ConcurrentGCThread "G1 Main Marker"            [id=24084, stack(0x000000d17a900000,0x000000d17aa00000) (1024K)]
  0x0000020849d905d0 WorkerThread "G1 Conc#0"                       [id=24088, stack(0x000000d17aa00000,0x000000d17ab00000) (1024K)]
  0x000002089271e400 WorkerThread "G1 Conc#1"                       [id=22048, stack(0x000000d17cc00000,0x000000d17cd00000) (1024K)]
  0x0000020849df9d50 ConcurrentGCThread "G1 Refine#0"               [id=24092, stack(0x000000d17ab00000,0x000000d17ac00000) (1024K)]
  0x0000020849dfa7e0 ConcurrentGCThread "G1 Service"                [id=24096, stack(0x000000d17ac00000,0x000000d17ad00000) (1024K)]
Total: 15

Threads with active compile tasks:
C2 CompilerThread0  1004856 7725 %     4       org.gradle.internal.instantiation.generator.AbstractClassGenerator::inspectType @ 292 (602 bytes)
Total: 1

VM state: not at safepoint (normal execution)

VM Mutex/Monitor currently owned by a thread: None

Heap address: 0x0000000600000000, size: 8192 MB, Compressed Oops mode: Zero based, Oop shift amount: 3

CDS archive(s) mapped at: [0x000002084d000000-0x000002084dba0000-0x000002084dba0000), size 12189696, SharedBaseAddress: 0x000002084d000000, ArchiveRelocationMode: 1.
Compressed class space mapped at: 0x000002084e000000-0x000002088e000000, reserved size: 1073741824
Narrow klass base: 0x000002084d000000, Narrow klass shift: 0, Narrow klass range: 0x100000000

GC Precious Log:
 CardTable entry size: 512
 Card Set container configuration: InlinePtr #cards 4 size 8 Array Of Cards #cards 32 size 80 Howl #buckets 8 coarsen threshold 7372 Howl Bitmap #cards 1024 size 144 coarsen threshold 921 Card regions per heap region 1 cards per card region 8192
 CPUs: 8 total, 8 available
 Memory: 16106M
 Large Page Support: Disabled
 NUMA Support: Disabled
 Compressed Oops: Enabled (Zero based)
 Heap Region Size: 4M
 Heap Min Capacity: 8M
 Heap Initial Capacity: 252M
 Heap Max Capacity: 8G
 Pre-touch: Disabled
 Parallel Workers: 8
 Concurrent Workers: 2
 Concurrent Refinement Workers: 8
 Periodic GC: Disabled

Heap:
 garbage-first heap   total 106496K, used 50394K [0x0000000600000000, 0x0000000800000000)
  region size 4096K, 4 young (16384K), 2 survivors (8192K)
 Metaspace       used 59042K, committed 60992K, reserved 1114112K
  class space    used 8683K, committed 9664K, reserved 1048576K

Heap Regions: E=young(eden), S=young(survivor), O=old, HS=humongous(starts), HC=humongous(continues), CS=collection set, F=free, TAMS=top-at-mark-start, PB=parsable bottom
|   0|0x0000000600000000, 0x0000000600400000, 0x0000000600400000|100%|HS|  |TAMS 0x0000000600000000| PB 0x0000000600000000| Complete 
|   1|0x0000000600400000, 0x0000000600800000, 0x0000000600800000|100%| O|  |TAMS 0x0000000600400000| PB 0x0000000600400000| Untracked 
|   2|0x0000000600800000, 0x0000000600c00000, 0x0000000600c00000|100%| O|  |TAMS 0x0000000600800000| PB 0x0000000600800000| Untracked 
|   3|0x0000000600c00000, 0x0000000601000000, 0x0000000601000000|100%| O|  |TAMS 0x0000000600c00000| PB 0x0000000600c00000| Untracked 
|   4|0x0000000601000000, 0x0000000601400000, 0x0000000601400000|100%| O|  |TAMS 0x0000000601000000| PB 0x0000000601000000| Untracked 
|   5|0x0000000601400000, 0x0000000601800000, 0x0000000601800000|100%| O|  |TAMS 0x0000000601400000| PB 0x0000000601400000| Untracked 
|   6|0x0000000601800000, 0x0000000601c00000, 0x0000000601c00000|100%| O|  |TAMS 0x0000000601800000| PB 0x0000000601800000| Untracked 
|   7|0x0000000601c00000, 0x0000000602000000, 0x0000000602000000|100%| O|  |TAMS 0x0000000601c00000| PB 0x0000000601c00000| Untracked 
|   8|0x0000000602000000, 0x00000006020975b8, 0x0000000602400000| 14%| O|  |TAMS 0x0000000602000000| PB 0x0000000602000000| Untracked 
|   9|0x0000000602400000, 0x0000000602800000, 0x0000000602800000|100%| O|  |TAMS 0x0000000602400000| PB 0x0000000602400000| Untracked 
|  10|0x0000000602800000, 0x0000000602800000, 0x0000000602c00000|  0%| F|  |TAMS 0x0000000602800000| PB 0x0000000602800000| Untracked 
|  11|0x0000000602c00000, 0x0000000602c00000, 0x0000000603000000|  0%| F|  |TAMS 0x0000000602c00000| PB 0x0000000602c00000| Untracked 
|  12|0x0000000603000000, 0x0000000603000000, 0x0000000603400000|  0%| F|  |TAMS 0x0000000603000000| PB 0x0000000603000000| Untracked 
|  13|0x0000000603400000, 0x0000000603400000, 0x0000000603800000|  0%| F|  |TAMS 0x0000000603400000| PB 0x0000000603400000| Untracked 
|  14|0x0000000603800000, 0x0000000603800000, 0x0000000603c00000|  0%| F|  |TAMS 0x0000000603800000| PB 0x0000000603800000| Untracked 
|  15|0x0000000603c00000, 0x0000000603c00000, 0x0000000604000000|  0%| F|  |TAMS 0x0000000603c00000| PB 0x0000000603c00000| Untracked 
|  16|0x0000000604000000, 0x0000000604000000, 0x0000000604400000|  0%| F|  |TAMS 0x0000000604000000| PB 0x0000000604000000| Untracked 
|  17|0x0000000604400000, 0x000000060449f290, 0x0000000604800000| 15%| S|CS|TAMS 0x0000000604400000| PB 0x0000000604400000| Complete 
|  18|0x0000000604800000, 0x0000000604c00000, 0x0000000604c00000|100%| S|CS|TAMS 0x0000000604800000| PB 0x0000000604800000| Complete 
|  19|0x0000000604c00000, 0x0000000604c00000, 0x0000000605000000|  0%| F|  |TAMS 0x0000000604c00000| PB 0x0000000604c00000| Untracked 
|  20|0x0000000605000000, 0x0000000605000000, 0x0000000605400000|  0%| F|  |TAMS 0x0000000605000000| PB 0x0000000605000000| Untracked 
|  21|0x0000000605400000, 0x0000000605400000, 0x0000000605800000|  0%| F|  |TAMS 0x0000000605400000| PB 0x0000000605400000| Untracked 
|  22|0x0000000605800000, 0x0000000605800000, 0x0000000605c00000|  0%| F|  |TAMS 0x0000000605800000| PB 0x0000000605800000| Untracked 
|  60|0x000000060f000000, 0x000000060f210748, 0x000000060f400000| 51%| E|  |TAMS 0x000000060f000000| PB 0x000000060f000000| Complete 
|  62|0x000000060f800000, 0x000000060fc00000, 0x000000060fc00000|100%| E|CS|TAMS 0x000000060f800000| PB 0x000000060f800000| Complete 
|2047|0x00000007ffc00000, 0x0000000800000000, 0x0000000800000000|100%| O|  |TAMS 0x00000007ffc00000| PB 0x00000007ffc00000| Untracked 

Card table byte_map: [0x0000020840d90000,0x0000020841d90000] _byte_map_base: 0x000002083dd90000

Marking Bits: (CMBitMap*) 0x000002081c6ed3a0
 Bits: [0x0000020841d90000, 0x0000020849d90000)

Polling page: 0x000002081a3d0000

Metaspace:

Usage:
  Non-class:     49.18 MB used.
      Class:      8.48 MB used.
       Both:     57.66 MB used.

Virtual space:
  Non-class space:       64.00 MB reserved,      50.12 MB ( 78%) committed,  1 nodes.
      Class space:        1.00 GB reserved,       9.44 MB ( <1%) committed,  1 nodes.
             Both:        1.06 GB reserved,      59.56 MB (  5%) committed. 

Chunk freelists:
   Non-Class:  13.75 MB
       Class:  6.47 MB
        Both:  20.22 MB

MaxMetaspaceSize: 4.00 GB
CompressedClassSpaceSize: 1.00 GB
Initial GC threshold: 21.00 MB
Current GC threshold: 98.75 MB
CDS: on
 - commit_granule_bytes: 65536.
 - commit_granule_words: 8192.
 - virtual_space_node_default_size: 8388608.
 - enlarge_chunks_in_place: 1.
 - use_allocation_guard: 0.


Internal statistics:

num_allocs_failed_limit: 12.
num_arena_births: 3516.
num_arena_deaths: 0.
num_vsnodes_births: 2.
num_vsnodes_deaths: 0.
num_space_committed: 953.
num_space_uncommitted: 0.
num_chunks_returned_to_freelist: 12.
num_chunks_taken_from_freelist: 6400.
num_chunk_merges: 12.
num_chunk_splits: 4130.
num_chunks_enlarged: 2486.
num_inconsistent_stats: 0.

CodeHeap 'non-profiled nmethods': size=259264Kb used=4463Kb max_used=4574Kb free=254800Kb
 bounds [0x000002082fb10000, 0x000002082ff90000, 0x000002083f840000]
CodeHeap 'profiled nmethods': size=259264Kb used=13184Kb max_used=13824Kb free=246080Kb
 bounds [0x000002081f840000, 0x00000208205d0000, 0x000002082f570000]
CodeHeap 'non-nmethods': size=5760Kb used=2111Kb max_used=2129Kb free=3648Kb
 bounds [0x000002082f570000, 0x000002082f7e0000, 0x000002082fb10000]
CodeCache: size=524288Kb, used=19758Kb, max_used=20527Kb, free=504528Kb
 total_blobs=7777, nmethods=6990, adapters=690, full_count=0
Compilation: enabled, stopped_count=0, restarted_count=0

Compilation events (20 events):
Event: 1003.383 Thread 0x0000020849f6cce0 nmethod 7719 0x000002081f84dc10 code [0x000002081f84dde0, 0x000002081f84e1e8]
Event: 1003.383 Thread 0x0000020849f6cce0 7720   !   3       org.gradle.internal.instantiation.generator.AsmBackedClassGenerator$ClassBuilderImpl::getAnnotationParameterValue (16 bytes)
Event: 1003.384 Thread 0x0000020849f6cce0 nmethod 7720 0x000002081f8fe990 code [0x000002081f8febe0, 0x000002081f8ff400]
Event: 1003.384 Thread 0x0000020849f6cce0 7721       3       org.gradle.internal.instantiation.generator.AsmBackedClassGenerator$ClassBuilderImpl::access$600 (4 bytes)
Event: 1003.384 Thread 0x0000020849f6cce0 nmethod 7721 0x000002081fc67310 code [0x000002081fc674a0, 0x000002081fc67598]
Event: 1003.390 Thread 0x0000020849f6cce0 7722       3       com.google.common.collect.ImmutableCollection::toArray (8 bytes)
Event: 1003.390 Thread 0x0000020849f6cce0 nmethod 7722 0x000002081f86c410 code [0x000002081f86c5c0, 0x000002081f86c708]
Event: 1003.392 Thread 0x0000020849f6cce0 7723       3       org.gradle.api.internal.DefaultNamedDomainObjectCollection$UnfilteredIndex::get (11 bytes)
Event: 1003.392 Thread 0x0000020849f6cce0 nmethod 7723 0x000002081f856290 code [0x000002081f856440, 0x000002081f856620]
Event: 1003.635 Thread 0x0000020849f6cce0 7724       3       kotlin.jvm.internal.Intrinsics::checkNotNull (9 bytes)
Event: 1003.635 Thread 0x0000020849f6cce0 nmethod 7724 0x000002081f915210 code [0x000002081f915420, 0x000002081f9158f0]
Event: 1003.855 Thread 0x0000020849f69ae0 7725 %     4       org.gradle.internal.instantiation.generator.AbstractClassGenerator::inspectType @ 292 (602 bytes)
Event: 1003.934 Thread 0x0000020849f6cce0 7727       3       sun.reflect.annotation.AnnotationParser::parseConst (209 bytes)
Event: 1003.936 Thread 0x0000020849f6cce0 nmethod 7727 0x000002081fd3ed10 code [0x000002081fd3f180, 0x000002081fd40bd0]
Event: 1004.178 Thread 0x0000020849f6cce0 7728       3       com.google.common.collect.AbstractSetMultimap::<init> (6 bytes)
Event: 1004.767 Thread 0x0000020849f6cce0 nmethod 7728 0x000002081fa32710 code [0x000002081fa32900, 0x000002081fa32db8]
Event: 1004.767 Thread 0x0000020849f6cce0 7731       3       org.gradle.internal.Describables$AbstractDescribable::<init> (5 bytes)
Event: 1004.767 Thread 0x0000020849f6cce0 nmethod 7731 0x000002081f8e1490 code [0x000002081f8e1640, 0x000002081f8e1808]
Event: 1004.767 Thread 0x0000020849f6cce0 7732       3       org.gradle.internal.Describables$AbstractDescribable::<init> (5 bytes)
Event: 1004.767 Thread 0x0000020849f6cce0 nmethod 7732 0x000002081f87a010 code [0x000002081f87a1c0, 0x000002081f87a328]

GC Heap History (20 events):
Event: 231.464 GC heap before
{Heap before GC invocations=6 (full 0):
 garbage-first heap   total 102400K, used 67912K [0x0000000600000000, 0x0000000800000000)
  region size 4096K, 13 young (53248K), 1 survivors (4096K)
 Metaspace       used 34625K, committed 35968K, reserved 1114112K
  class space    used 4963K, committed 5632K, reserved 1048576K
}
Event: 231.485 GC heap after
{Heap after GC invocations=7 (full 0):
 garbage-first heap   total 102400K, used 29654K [0x0000000600000000, 0x0000000800000000)
  region size 4096K, 2 young (8192K), 2 survivors (8192K)
 Metaspace       used 34625K, committed 35968K, reserved 1114112K
  class space    used 4963K, committed 5632K, reserved 1048576K
}
Event: 232.271 GC heap before
{Heap before GC invocations=7 (full 0):
 garbage-first heap   total 102400K, used 29654K [0x0000000600000000, 0x0000000800000000)
  region size 4096K, 3 young (12288K), 2 survivors (8192K)
 Metaspace       used 34951K, committed 36288K, reserved 1114112K
  class space    used 4982K, committed 5632K, reserved 1048576K
}
Event: 232.282 GC heap after
{Heap after GC invocations=8 (full 0):
 garbage-first heap   total 102400K, used 30073K [0x0000000600000000, 0x0000000800000000)
  region size 4096K, 1 young (4096K), 1 survivors (4096K)
 Metaspace       used 34951K, committed 36288K, reserved 1114112K
  class space    used 4982K, committed 5632K, reserved 1048576K
}
Event: 335.029 GC heap before
{Heap before GC invocations=9 (full 0):
 garbage-first heap   total 102400K, used 83321K [0x0000000600000000, 0x0000000800000000)
  region size 4096K, 14 young (57344K), 1 survivors (4096K)
 Metaspace       used 37040K, committed 38528K, reserved 1114112K
  class space    used 5325K, committed 6080K, reserved 1048576K
}
Event: 335.045 GC heap after
{Heap after GC invocations=10 (full 0):
 garbage-first heap   total 102400K, used 31293K [0x0000000600000000, 0x0000000800000000)
  region size 4096K, 2 young (8192K), 2 survivors (8192K)
 Metaspace       used 37040K, committed 38528K, reserved 1114112K
  class space    used 5325K, committed 6080K, reserved 1048576K
}
Event: 405.644 GC heap before
{Heap before GC invocations=10 (full 0):
 garbage-first heap   total 102400K, used 84541K [0x0000000600000000, 0x0000000800000000)
  region size 4096K, 15 young (61440K), 2 survivors (8192K)
 Metaspace       used 40549K, committed 42176K, reserved 1114112K
  class space    used 5917K, committed 6720K, reserved 1048576K
}
Event: 405.652 GC heap after
{Heap after GC invocations=11 (full 0):
 garbage-first heap   total 102400K, used 32941K [0x0000000600000000, 0x0000000800000000)
  region size 4096K, 1 young (4096K), 1 survivors (4096K)
 Metaspace       used 40549K, committed 42176K, reserved 1114112K
  class space    used 5917K, committed 6720K, reserved 1048576K
}
Event: 542.200 GC heap before
{Heap before GC invocations=11 (full 0):
 garbage-first heap   total 102400K, used 86189K [0x0000000600000000, 0x0000000800000000)
  region size 4096K, 14 young (57344K), 1 survivors (4096K)
 Metaspace       used 44108K, committed 45824K, reserved 1114112K
  class space    used 6517K, committed 7360K, reserved 1048576K
}
Event: 542.223 GC heap after
{Heap after GC invocations=12 (full 0):
 garbage-first heap   total 102400K, used 35019K [0x0000000600000000, 0x0000000800000000)
  region size 4096K, 2 young (8192K), 2 survivors (8192K)
 Metaspace       used 44108K, committed 45824K, reserved 1114112K
  class space    used 6517K, committed 7360K, reserved 1048576K
}
Event: 617.128 GC heap before
{Heap before GC invocations=12 (full 0):
 garbage-first heap   total 102400K, used 84171K [0x0000000600000000, 0x0000000800000000)
  region size 4096K, 15 young (61440K), 2 survivors (8192K)
 Metaspace       used 47709K, committed 49472K, reserved 1114112K
  class space    used 7048K, committed 7872K, reserved 1048576K
}
Event: 617.143 GC heap after
{Heap after GC invocations=13 (full 0):
 garbage-first heap   total 102400K, used 37483K [0x0000000600000000, 0x0000000800000000)
  region size 4096K, 2 young (8192K), 2 survivors (8192K)
 Metaspace       used 47709K, committed 49472K, reserved 1114112K
  class space    used 7048K, committed 7872K, reserved 1048576K
}
Event: 808.217 GC heap before
{Heap before GC invocations=13 (full 0):
 garbage-first heap   total 102400K, used 86635K [0x0000000600000000, 0x0000000800000000)
  region size 4096K, 15 young (61440K), 2 survivors (8192K)
 Metaspace       used 48008K, committed 49728K, reserved 1114112K
  class space    used 7049K, committed 7872K, reserved 1048576K
}
Event: 808.262 GC heap after
{Heap after GC invocations=14 (full 0):
 garbage-first heap   total 106496K, used 38066K [0x0000000600000000, 0x0000000800000000)
  region size 4096K, 2 young (8192K), 2 survivors (8192K)
 Metaspace       used 48008K, committed 49728K, reserved 1114112K
  class space    used 7049K, committed 7872K, reserved 1048576K
}
Event: 981.696 GC heap before
{Heap before GC invocations=14 (full 0):
 garbage-first heap   total 106496K, used 87218K [0x0000000600000000, 0x0000000800000000)
  region size 4096K, 15 young (61440K), 2 survivors (8192K)
 Metaspace       used 51242K, committed 53184K, reserved 1114112K
  class space    used 7621K, committed 8576K, reserved 1048576K
}
Event: 981.744 GC heap after
{Heap after GC invocations=15 (full 0):
 garbage-first heap   total 106496K, used 41789K [0x0000000600000000, 0x0000000800000000)
  region size 4096K, 2 young (8192K), 2 survivors (8192K)
 Metaspace       used 51242K, committed 53184K, reserved 1114112K
  class space    used 7621K, committed 8576K, reserved 1048576K
}
Event: 993.701 GC heap before
{Heap before GC invocations=15 (full 0):
 garbage-first heap   total 106496K, used 90941K [0x0000000600000000, 0x0000000800000000)
  region size 4096K, 14 young (57344K), 2 survivors (8192K)
 Metaspace       used 56024K, committed 57920K, reserved 1114112K
  class space    used 8251K, committed 9152K, reserved 1048576K
}
Event: 993.708 GC heap after
{Heap after GC invocations=16 (full 0):
 garbage-first heap   total 106496K, used 46034K [0x0000000600000000, 0x0000000800000000)
  region size 4096K, 2 young (8192K), 2 survivors (8192K)
 Metaspace       used 56024K, committed 57920K, reserved 1114112K
  class space    used 8251K, committed 9152K, reserved 1048576K
}
Event: 1002.588 GC heap before
{Heap before GC invocations=16 (full 0):
 garbage-first heap   total 106496K, used 66514K [0x0000000600000000, 0x0000000800000000)
  region size 4096K, 8 young (32768K), 2 survivors (8192K)
 Metaspace       used 58670K, committed 60608K, reserved 1114112K
  class space    used 8618K, committed 9600K, reserved 1048576K
}
Event: 1002.600 GC heap after
{Heap after GC invocations=17 (full 0):
 garbage-first heap   total 106496K, used 46298K [0x0000000600000000, 0x0000000800000000)
  region size 4096K, 2 young (8192K), 2 survivors (8192K)
 Metaspace       used 58670K, committed 60608K, reserved 1114112K
  class space    used 8618K, committed 9600K, reserved 1048576K
}

Dll operation events (20 events):
Event: 2.004 Attempting to load shared library C:\Users\MypC\.vscode\extensions\redhat.java-1.56.0-win32-x64\jre\21.0.12.1-win32-x86_64\bin\nio.dll
Event: 2.004 Loaded shared library C:\Users\MypC\.vscode\extensions\redhat.java-1.56.0-win32-x64\jre\21.0.12.1-win32-x86_64\bin\nio.dll
Event: 2.008 Attempting to load shared library C:\Users\MypC\.vscode\extensions\redhat.java-1.56.0-win32-x64\jre\21.0.12.1-win32-x86_64\bin\zip.dll
Event: 2.008 Loaded shared library C:\Users\MypC\.vscode\extensions\redhat.java-1.56.0-win32-x64\jre\21.0.12.1-win32-x86_64\bin\zip.dll
Event: 5.217 Attempting to load shared library C:\Users\MypC\.vscode\extensions\redhat.java-1.56.0-win32-x64\jre\21.0.12.1-win32-x86_64\bin\jimage.dll
Event: 5.217 Loaded shared library C:\Users\MypC\.vscode\extensions\redhat.java-1.56.0-win32-x64\jre\21.0.12.1-win32-x86_64\bin\jimage.dll
Event: 7.341 Attempting to load shared library C:\Users\MypC\.vscode\extensions\redhat.java-1.56.0-win32-x64\jre\21.0.12.1-win32-x86_64\bin\verify.dll
Event: 7.342 Loaded shared library C:\Users\MypC\.vscode\extensions\redhat.java-1.56.0-win32-x64\jre\21.0.12.1-win32-x86_64\bin\verify.dll
Event: 8.638 Attempting to load shared library C:\Users\MypC\.gradle\native\660c5614fbf4a5f2a75b1949f50a0caf5cd603558e7d8a26e50b933a0cfb79d1\windows-amd64\native-platform.dll
Event: 8.639 Loaded shared library C:\Users\MypC\.gradle\native\660c5614fbf4a5f2a75b1949f50a0caf5cd603558e7d8a26e50b933a0cfb79d1\windows-amd64\native-platform.dll
Event: 8.655 Attempting to load shared library C:\Users\MypC\.gradle\native\0.2.8\x86_64-windows-gnu\gradle-fileevents.dll
Event: 8.655 Loaded shared library C:\Users\MypC\.gradle\native\0.2.8\x86_64-windows-gnu\gradle-fileevents.dll
Event: 36.608 Attempting to load shared library C:\Users\MypC\.vscode\extensions\redhat.java-1.56.0-win32-x64\jre\21.0.12.1-win32-x86_64\bin\management.dll
Event: 36.633 Loaded shared library C:\Users\MypC\.vscode\extensions\redhat.java-1.56.0-win32-x64\jre\21.0.12.1-win32-x86_64\bin\management.dll
Event: 36.636 Attempting to load shared library C:\Users\MypC\.vscode\extensions\redhat.java-1.56.0-win32-x64\jre\21.0.12.1-win32-x86_64\bin\management_ext.dll
Event: 36.645 Loaded shared library C:\Users\MypC\.vscode\extensions\redhat.java-1.56.0-win32-x64\jre\21.0.12.1-win32-x86_64\bin\management_ext.dll
Event: 48.572 Attempting to load shared library C:\Users\MypC\.vscode\extensions\redhat.java-1.56.0-win32-x64\jre\21.0.12.1-win32-x86_64\bin\extnet.dll
Event: 48.676 Loaded shared library C:\Users\MypC\.vscode\extensions\redhat.java-1.56.0-win32-x64\jre\21.0.12.1-win32-x86_64\bin\extnet.dll
Event: 61.601 Attempting to load shared library C:\Users\MypC\.vscode\extensions\redhat.java-1.56.0-win32-x64\jre\21.0.12.1-win32-x86_64\bin\sunmscapi.dll
Event: 61.608 Loaded shared library C:\Users\MypC\.vscode\extensions\redhat.java-1.56.0-win32-x64\jre\21.0.12.1-win32-x86_64\bin\sunmscapi.dll

Deoptimization events (20 events):
Event: 997.993 Thread 0x000002084cb49070 DEOPT PACKING pc=0x000002082ff74ce8 sp=0x000000d17c4f10d0
Event: 997.993 Thread 0x000002084cb49070 DEOPT UNPACKING pc=0x000002082f5c7ba2 sp=0x000000d17c4f1058 mode 2
Event: 997.993 Thread 0x000002084cb49070 Uncommon trap: trap_request=0xffffff45 fr.pc=0x000002082ff74914 relative=0x0000000000000074
Event: 997.993 Thread 0x000002084cb49070 Uncommon trap: reason=unstable_if action=reinterpret pc=0x000002082ff74914 method=jdk.internal.util.xml.impl.Parser.ensureCapacity(I)V @ 40 c2
Event: 997.993 Thread 0x000002084cb49070 DEOPT PACKING pc=0x000002082ff74914 sp=0x000000d17c4f10d0
Event: 997.993 Thread 0x000002084cb49070 DEOPT UNPACKING pc=0x000002082f5c7ba2 sp=0x000000d17c4f1048 mode 2
Event: 998.444 Thread 0x000002084cb49070 Uncommon trap: trap_request=0xffffff45 fr.pc=0x000002082fc54f7c relative=0x00000000000000bc
Event: 998.444 Thread 0x000002084cb49070 Uncommon trap: reason=unstable_if action=reinterpret pc=0x000002082fc54f7c method=java.lang.invoke.LambdaForm$BasicType.basicType(C)Ljava/lang/invoke/LambdaForm$BasicType; @ 1 c2
Event: 998.444 Thread 0x000002084cb49070 DEOPT PACKING pc=0x000002082fc54f7c sp=0x000000d17c4f1780
Event: 998.444 Thread 0x000002084cb49070 DEOPT UNPACKING pc=0x000002082f5c7ba2 sp=0x000000d17c4f16b0 mode 2
Event: 999.977 Thread 0x000002084cb49070 Uncommon trap: trap_request=0xffffff76 fr.pc=0x000002082fea6730 relative=0x0000000000000d50
Event: 999.977 Thread 0x000002084cb49070 Uncommon trap: reason=predicate action=maybe_recompile pc=0x000002082fea6730 method=java.util.ComparableTimSort.binarySort([Ljava/lang/Object;III)V @ 34 c2
Event: 999.977 Thread 0x000002084cb49070 DEOPT PACKING pc=0x000002082fea6730 sp=0x000000d17c4f1830
Event: 999.978 Thread 0x000002084cb49070 DEOPT UNPACKING pc=0x000002082f5c7ba2 sp=0x000000d17c4f1818 mode 2
Event: 1000.673 Thread 0x000002084cb49070 DEOPT PACKING pc=0x00000208200fdc55 sp=0x000000d17c4f13d0
Event: 1000.673 Thread 0x000002084cb49070 DEOPT UNPACKING pc=0x000002082f5c86e2 sp=0x000000d17c4f08e0 mode 0
Event: 1002.362 Thread 0x000002084cb49070 Uncommon trap: trap_request=0xfffffff4 fr.pc=0x000002082fe352c4 relative=0x0000000000000544
Event: 1002.362 Thread 0x000002084cb49070 Uncommon trap: reason=null_check action=make_not_entrant pc=0x000002082fe352c4 method=org.gradle.util.internal.SimpleMapInterner.intern(Ljava/lang/Object;)Ljava/lang/Object; @ 2 c2
Event: 1002.362 Thread 0x000002084cb49070 DEOPT PACKING pc=0x000002082fe352c4 sp=0x000000d17c4f28d0
Event: 1002.362 Thread 0x000002084cb49070 DEOPT UNPACKING pc=0x000002082f5c7ba2 sp=0x000000d17c4f2888 mode 2

Classes loaded (20 events):
Event: 998.251 Loading class jdk/jfr/FlightRecorder
Event: 998.252 Loading class jdk/jfr/FlightRecorder done
Event: 998.252 Loading class jdk/management/jfr/FlightRecorderMXBeanImpl$MXBeanListener
Event: 998.252 Loading class jdk/jfr/FlightRecorderListener
Event: 998.252 Loading class jdk/jfr/FlightRecorderListener done
Event: 998.252 Loading class jdk/management/jfr/FlightRecorderMXBeanImpl$MXBeanListener done
Event: 998.442 Loading class com/sun/jmx/mbeanserver/StandardMBeanSupport
Event: 998.442 Loading class com/sun/jmx/mbeanserver/StandardMBeanSupport done
Event: 998.442 Loading class com/sun/jmx/mbeanserver/StandardMBeanIntrospector
Event: 998.443 Loading class com/sun/jmx/mbeanserver/StandardMBeanIntrospector done
Event: 999.588 Loading class jdk/internal/reflect/MethodHandleLongFieldAccessorImpl
Event: 999.589 Loading class jdk/internal/reflect/MethodHandleLongFieldAccessorImpl done
Event: 999.593 Loading class java/io/SerialCallbackContext
Event: 999.593 Loading class java/io/SerialCallbackContext done
Event: 1000.366 Loading class java/io/ObjectStreamClass$ExceptionInfo
Event: 1000.371 Loading class java/io/ObjectStreamClass$ExceptionInfo done
Event: 1000.644 Loading class java/util/HashMap$UnsafeHolder
Event: 1000.644 Loading class java/util/HashMap$UnsafeHolder done
Event: 1000.952 Loading class java/util/ArrayList$SubList$2
Event: 1000.952 Loading class java/util/ArrayList$SubList$2 done

Classes unloaded (0 events):
No events

Classes redefined (0 events):
No events

Internal exceptions (20 events):
Event: 889.929 Thread 0x000002084cb49070 Exception <a 'java/lang/NoSuchMethodError'{0x00000006050a37d0}: 'java.lang.Object java.lang.invoke.DirectMethodHandle$Holder.invokeSpecial(java.lang.Object, java.lang.Object, java.lang.Object, java.lang.Object, java.lang.Object, java.lang.Object, java.lang.Object, java.lang.Object, java.lang.Object, java.lang.Object, java.lang.Object, java.lang.Object, java.lang.Object, java.lang.Object, java.lang.Object, java.lang.Object, java.lang.Object)'> (0x00000006050a37d0) 
thrown [s\src\hotspot\share\interpreter\li
Event: 889.963 Thread 0x000002084cb49070 Exception <a 'java/lang/NoSuchMethodError'{0x00000006050a9e70}: 'java.lang.Object java.lang.invoke.DelegatingMethodHandle$Holder.reinvoke_L(java.lang.Object, java.lang.Object, java.lang.Object, java.lang.Object, java.lang.Object, java.lang.Object, java.lang.Object, java.lang.Object, java.lang.Object, java.lang.Object, java.lang.Object, java.lang.Object, java.lang.Object, java.lang.Object, java.lang.Object, java.lang.Object)'> (0x00000006050a9e70) 
thrown [s\src\hotspot\share\interpreter\linkResolver.cpp, l
Event: 902.897 Thread 0x000002084cb49070 Exception <a 'java/lang/IncompatibleClassChangeError'{0x00000006041c5160}: Found class java.lang.Object, but interface was expected> (0x00000006041c5160) 
thrown [s\src\hotspot\share\interpreter\linkResolver.cpp, line 840]
Event: 902.904 Thread 0x000002084cb49070 Exception <a 'java/lang/IncompatibleClassChangeError'{0x00000006041eb358}: Found class java.lang.Object, but interface was expected> (0x00000006041eb358) 
thrown [s\src\hotspot\share\interpreter\linkResolver.cpp, line 840]
Event: 902.905 Thread 0x000002084cb49070 Exception <a 'java/lang/IncompatibleClassChangeError'{0x00000006041efe20}: Found class java.lang.Object, but interface was expected> (0x00000006041efe20) 
thrown [s\src\hotspot\share\interpreter\linkResolver.cpp, line 840]
Event: 988.614 Thread 0x000002084cb49070 Exception <a 'java/lang/ClassNotFoundException'{0x0000000603eff578}: sun/misc/SharedSecrets> (0x0000000603eff578) 
thrown [s\src\hotspot\share\classfile\systemDictionary.cpp, line 313]
Event: 988.614 Thread 0x000002084cb49070 Exception <a 'java/lang/NoClassDefFoundError'{0x0000000603f01620}: com/android/Version> (0x0000000603f01620) 
thrown [s\src\hotspot\share\classfile\systemDictionary.cpp, line 302]
Event: 992.540 Thread 0x000002084cb49070 Exception <a 'java/lang/NoSuchMethodError'{0x0000000603625890}: static Lorg/jetbrains/kotlin/gradle/plugin/internal/DefaultProjectIsolationStartParameterAccessor$Factory;.<clinit>()V> (0x0000000603625890) 
thrown [s\src\hotspot\share\prims\jni.cpp, line 1111]
Event: 992.608 Thread 0x000002084cb49070 Exception <a 'java/lang/NoSuchMethodError'{0x00000006036546d0}: static Lorg/jetbrains/kotlin/gradle/plugin/internal/DefaultJavaExecTaskParametersCompatibility$Factory;.<clinit>()V> (0x00000006036546d0) 
thrown [s\src\hotspot\share\prims\jni.cpp, line 1111]
Event: 992.675 Thread 0x000002084cb49070 Exception <a 'java/lang/NoSuchMethodError'{0x000000060368a190}: static Lorg/jetbrains/kotlin/gradle/plugin/internal/DefaultMavenPublicationComponentAccessorFactory;.<clinit>()V> (0x000000060368a190) 
thrown [s\src\hotspot\share\prims\jni.cpp, line 1111]
Event: 992.747 Thread 0x000002084cb49070 Exception <a 'java/lang/NoSuchMethodError'{0x00000006036b3370}: static Lorg/jetbrains/kotlin/gradle/plugin/diagnostics/DefaultProblemsReporter$Factory;.<clinit>()V> (0x00000006036b3370) 
thrown [s\src\hotspot\share\prims\jni.cpp, line 1111]
Event: 992.878 Thread 0x000002084cb49070 Exception <a 'java/lang/NoSuchMethodError'{0x00000006036e4fc0}: static Lorg/jetbrains/kotlin/gradle/plugin/internal/DefaultCompatibilityConventionRegistrar$Factory;.<clinit>()V> (0x00000006036e4fc0) 
thrown [s\src\hotspot\share\prims\jni.cpp, line 1111]
Event: 992.933 Thread 0x000002084cb49070 Exception <a 'java/lang/NoSuchMethodError'{0x000000060370b590}: static Lorg/jetbrains/kotlin/gradle/plugin/internal/DefaultConfigurationCacheStartParameterAccessorVariantFactory;.<clinit>()V> (0x000000060370b590) 
thrown [s\src\hotspot\share\prims\jni.cpp, line 1111]
Event: 993.031 Thread 0x000002084cb49070 Exception <a 'java/lang/NoSuchMethodError'{0x0000000603716ab0}: 'void java.lang.invoke.DirectMethodHandle$Holder.invokeSpecial(java.lang.Object, java.lang.Object, java.lang.Object, int)'> (0x0000000603716ab0) 
thrown [s\src\hotspot\share\interpreter\linkResolver.cpp, line 773]
Event: 994.241 Thread 0x000002084cb49070 Exception <a 'java/lang/IncompatibleClassChangeError'{0x000000060f8b3ef8}: Found class java.lang.Object, but interface was expected> (0x000000060f8b3ef8) 
thrown [s\src\hotspot\share\interpreter\linkResolver.cpp, line 840]
Event: 999.587 Thread 0x000002084cb49070 Exception <a 'java/lang/NoSuchMethodError'{0x0000000605b6b4d0}: static Ljava/lang/Object;.<clinit>()V> (0x0000000605b6b4d0) 
thrown [s\src\hotspot\share\prims\jni.cpp, line 1111]
Event: 999.589 Thread 0x000002084cb49070 Exception <a 'java/lang/NoSuchMethodError'{0x0000000605b71248}: 'long java.lang.invoke.DirectMethodHandle$Holder.invokeSpecial(java.lang.Object, java.lang.Object)'> (0x0000000605b71248) 
thrown [s\src\hotspot\share\interpreter\linkResolver.cpp, line 773]
Event: 999.590 Thread 0x000002084cb49070 Exception <a 'java/lang/NoSuchMethodError'{0x0000000605b76440}: 'long java.lang.invoke.Invokers$Holder.invokeExact_MT(java.lang.Object, java.lang.Object)'> (0x0000000605b76440) 
thrown [s\src\hotspot\share\interpreter\linkResolver.cpp, line 773]
Event: 999.985 Thread 0x000002084cb49070 Exception <a 'java/lang/NoSuchMethodError'{0x00000006054baa08}: static Lorg/jetbrains/kotlin/gradle/plugin/statistics/MetricContainer;.<clinit>()V> (0x00000006054baa08) 
thrown [s\src\hotspot\share\prims\jni.cpp, line 1111]
Event: 1002.362 Thread 0x000002084cb49070 Implicit null exception at 0x000002082fe34dbd to 0x000002082fe352b3

ZGC Phase Switch (0 events):
No events

VM Operations (20 events):
Event: 994.717 Executing safepoint VM operation: Cleanup
Event: 994.730 Executing safepoint VM operation: Cleanup done
Event: 995.733 Executing safepoint VM operation: Cleanup
Event: 995.751 Executing safepoint VM operation: Cleanup done
Event: 996.755 Executing safepoint VM operation: Cleanup
Event: 996.786 Executing safepoint VM operation: Cleanup done
Event: 997.793 Executing safepoint VM operation: Cleanup
Event: 997.978 Executing safepoint VM operation: Cleanup done
Event: 998.995 Executing safepoint VM operation: Cleanup
Event: 999.536 Executing safepoint VM operation: Cleanup done
Event: 1000.543 Executing safepoint VM operation: Cleanup
Event: 1000.636 Executing safepoint VM operation: Cleanup done
Event: 1001.643 Executing safepoint VM operation: Cleanup
Event: 1001.953 Executing safepoint VM operation: Cleanup done
Event: 1002.588 Executing safepoint VM operation: CollectForMetadataAllocation (Metadata GC Threshold)
Event: 1002.601 Executing safepoint VM operation: CollectForMetadataAllocation (Metadata GC Threshold) done
Event: 1002.692 Executing safepoint VM operation: G1PauseRemark
Event: 1002.745 Executing safepoint VM operation: G1PauseRemark done
Event: 1002.759 Executing safepoint VM operation: G1PauseCleanup
Event: 1002.760 Executing safepoint VM operation: G1PauseCleanup done

Memory protections (0 events):
No events

Nmethod flushes (20 events):
Event: 1002.735 Thread 0x0000020849f3a9d0 flushing  nmethod 0x000002081f94fd90
Event: 1002.735 Thread 0x0000020849f3a9d0 flushing  nmethod 0x000002081f951d90
Event: 1002.735 Thread 0x0000020849f3a9d0 flushing  nmethod 0x000002081fa18990
Event: 1002.735 Thread 0x0000020849f3a9d0 flushing  nmethod 0x000002081fa19310
Event: 1002.735 Thread 0x0000020849f3a9d0 flushing  nmethod 0x000002081fa1c410
Event: 1002.735 Thread 0x0000020849f3a9d0 flushing  nmethod 0x000002081fa1c990
Event: 1002.735 Thread 0x0000020849f3a9d0 flushing  nmethod 0x000002081fa3c910
Event: 1002.735 Thread 0x0000020849f3a9d0 flushing  nmethod 0x000002081fb7dd10
Event: 1002.735 Thread 0x0000020849f3a9d0 flushing  nmethod 0x000002081fc19f10
Event: 1002.735 Thread 0x0000020849f3a9d0 flushing  nmethod 0x000002081fc3a610
Event: 1002.735 Thread 0x0000020849f3a9d0 flushing  nmethod 0x000002081fc3ae10
Event: 1002.735 Thread 0x0000020849f3a9d0 flushing  nmethod 0x000002081fc3b810
Event: 1002.735 Thread 0x0000020849f3a9d0 flushing  nmethod 0x000002081fd4c010
Event: 1002.735 Thread 0x0000020849f3a9d0 flushing  nmethod 0x000002081fd4c590
Event: 1002.735 Thread 0x0000020849f3a9d0 flushing  nmethod 0x000002081fd4d790
Event: 1002.735 Thread 0x0000020849f3a9d0 flushing  nmethod 0x000002081fd4df10
Event: 1002.735 Thread 0x0000020849f3a9d0 flushing  nmethod 0x000002081fd5ef10
Event: 1002.735 Thread 0x0000020849f3a9d0 flushing  nmethod 0x000002081fd6f410
Event: 1002.735 Thread 0x0000020849f3a9d0 flushing  nmethod 0x000002081fe3bf90
Event: 1002.735 Thread 0x0000020849f3a9d0 flushing  nmethod 0x000002081ff45c90

Events (20 events):
Event: 598.139 Thread 0x000002084cb49070 Thread added: 0x000002089661ad80
Event: 598.141 Thread 0x000002084cb49070 Thread added: 0x000002089661e890
Event: 598.142 Thread 0x000002084cb49070 Thread added: 0x000002089661fc40
Event: 598.152 Thread 0x000002084cb49070 Thread added: 0x000002089661ef20
Event: 598.158 Thread 0x000002084cb49070 Thread added: 0x00000208966202d0
Event: 598.193 Thread 0x000002084cb49070 Thread added: 0x000002089661f5b0
Event: 618.246 Thread 0x000002089360ddf0 Thread added: 0x0000020896620960
Event: 618.273 Thread 0x000002089360ddf0 Thread added: 0x000002089661d4e0
Event: 618.281 Thread 0x000002089360ddf0 Thread added: 0x0000020896620ff0
Event: 678.660 Thread 0x0000020896620ff0 Thread exited: 0x0000020896620ff0
Event: 678.663 Thread 0x000002089661d4e0 Thread exited: 0x000002089661d4e0
Event: 679.671 Thread 0x0000020896620960 Thread exited: 0x0000020896620960
Event: 708.578 Thread 0x000002089360ddf0 Thread added: 0x0000020896620960
Event: 708.596 Thread 0x000002089360ddf0 Thread added: 0x000002089661d4e0
Event: 755.790 Thread 0x000002089360ddf0 Thread added: 0x0000020896620ff0
Event: 817.033 Thread 0x0000020896620960 Thread exited: 0x0000020896620960
Event: 817.059 Thread 0x000002089661d4e0 Thread exited: 0x000002089661d4e0
Event: 818.186 Thread 0x0000020896620ff0 Thread exited: 0x0000020896620ff0
Event: 894.376 Thread 0x000002084cb49070 Thread added: 0x000002089661d4e0
Event: 1000.975 Thread 0x000002084cb49070 Thread added: 0x0000020896620960


Dynamic libraries:
0x00007ff749e80000 - 0x00007ff749e8e000 	C:\Users\MypC\.vscode\extensions\redhat.java-1.56.0-win32-x64\jre\21.0.12.1-win32-x86_64\bin\java.exe
0x00007ffe52740000 - 0x00007ffe529a7000 	C:\WINDOWS\SYSTEM32\ntdll.dll
0x00007ffe51940000 - 0x00007ffe51a0b000 	C:\WINDOWS\System32\KERNEL32.DLL
0x00007ffe4fe00000 - 0x00007ffe50201000 	C:\WINDOWS\System32\KERNELBASE.dll
0x00007ffe4f9f0000 - 0x00007ffe4fb3c000 	C:\WINDOWS\System32\ucrtbase.dll
0x00007ffe31d40000 - 0x00007ffe31d58000 	C:\Users\MypC\.vscode\extensions\redhat.java-1.56.0-win32-x64\jre\21.0.12.1-win32-x86_64\bin\jli.dll
0x00007ffe51c70000 - 0x00007ffe51e47000 	C:\WINDOWS\System32\USER32.dll
0x00007ffe4fb50000 - 0x00007ffe4fb77000 	C:\WINDOWS\System32\win32u.dll
0x00007ffe50ef0000 - 0x00007ffe50f1b000 	C:\WINDOWS\System32\GDI32.dll
0x00007ffe4fc40000 - 0x00007ffe4fd68000 	C:\WINDOWS\System32\gdi32full.dll
0x00007ffe4f940000 - 0x00007ffe4f9e3000 	C:\WINDOWS\System32\msvcp_win.dll
0x00007ffe459f0000 - 0x00007ffe45a0e000 	C:\Users\MypC\.vscode\extensions\redhat.java-1.56.0-win32-x64\jre\21.0.12.1-win32-x86_64\bin\VCRUNTIME140.dll
0x00007ffe39020000 - 0x00007ffe392b0000 	C:\WINDOWS\WinSxS\amd64_microsoft.windows.common-controls_6595b64144ccf1df_6.0.26100.9549_none_3e0a0396e3330090\COMCTL32.dll
0x00007ffe50720000 - 0x00007ffe507c9000 	C:\WINDOWS\System32\msvcrt.dll
0x00007ffe50d10000 - 0x00007ffe50d41000 	C:\WINDOWS\System32\IMM32.DLL
0x00007ffe32ca0000 - 0x00007ffe32cac000 	C:\Users\MypC\.vscode\extensions\redhat.java-1.56.0-win32-x64\jre\21.0.12.1-win32-x86_64\bin\vcruntime140_1.dll
0x00007ffe0f9f0000 - 0x00007ffe0fa7d000 	C:\Users\MypC\.vscode\extensions\redhat.java-1.56.0-win32-x64\jre\21.0.12.1-win32-x86_64\bin\msvcp140.dll
0x00007ffda53c0000 - 0x00007ffda6162000 	C:\Users\MypC\.vscode\extensions\redhat.java-1.56.0-win32-x64\jre\21.0.12.1-win32-x86_64\bin\server\jvm.dll
0x00007ffe51aa0000 - 0x00007ffe51b5b000 	C:\WINDOWS\System32\ADVAPI32.dll
0x00007ffe504c0000 - 0x00007ffe50568000 	C:\WINDOWS\System32\sechost.dll
0x00007ffe51820000 - 0x00007ffe51938000 	C:\WINDOWS\System32\RPCRT4.dll
0x00007ffe51fe0000 - 0x00007ffe52061000 	C:\WINDOWS\System32\WS2_32.dll
0x00007ffe4f7b0000 - 0x00007ffe4f80e000 	C:\WINDOWS\SYSTEM32\POWRPROF.dll
0x00007ffe45e90000 - 0x00007ffe45ec7000 	C:\WINDOWS\SYSTEM32\WINMM.dll
0x00007ffe45c60000 - 0x00007ffe45c6b000 	C:\WINDOWS\SYSTEM32\VERSION.dll
0x00007ffe4f790000 - 0x00007ffe4f7a5000 	C:\WINDOWS\SYSTEM32\UMPDC.dll
0x00007ffe4e5c0000 - 0x00007ffe4e5db000 	C:\WINDOWS\SYSTEM32\kernel.appcore.dll
0x00007ffe324f0000 - 0x00007ffe324fa000 	C:\Users\MypC\.vscode\extensions\redhat.java-1.56.0-win32-x64\jre\21.0.12.1-win32-x86_64\bin\jimage.dll
0x00007ffe4cce0000 - 0x00007ffe4cf2c000 	C:\WINDOWS\SYSTEM32\DBGHELP.DLL
0x00007ffe50850000 - 0x00007ffe50bda000 	C:\WINDOWS\System32\combase.dll
0x00007ffe50be0000 - 0x00007ffe50cb9000 	C:\WINDOWS\System32\OLEAUT32.dll
0x00007ffe49130000 - 0x00007ffe4916b000 	C:\WINDOWS\SYSTEM32\dbgcore.DLL
0x00007ffe50210000 - 0x00007ffe502bc000 	C:\WINDOWS\System32\bcryptPrimitives.dll
0x00007ffe312d0000 - 0x00007ffe312df000 	C:\Users\MypC\.vscode\extensions\redhat.java-1.56.0-win32-x64\jre\21.0.12.1-win32-x86_64\bin\instrument.dll
0x00007ffe31480000 - 0x00007ffe314a0000 	C:\Users\MypC\.vscode\extensions\redhat.java-1.56.0-win32-x64\jre\21.0.12.1-win32-x86_64\bin\java.dll
0x00007ffe51060000 - 0x00007ffe517fc000 	C:\WINDOWS\System32\SHELL32.dll
0x00007ffe4d350000 - 0x00007ffe4dbfd000 	C:\WINDOWS\SYSTEM32\windows.storage.dll
0x00007ffe51e50000 - 0x00007ffe51f49000 	C:\WINDOWS\System32\SHCORE.dll
0x00007ffe50ff0000 - 0x00007ffe51056000 	C:\WINDOWS\System32\shlwapi.dll
0x00007ffe4f850000 - 0x00007ffe4f879000 	C:\WINDOWS\SYSTEM32\profapi.dll
0x00007ffe28060000 - 0x00007ffe28078000 	C:\Users\MypC\.vscode\extensions\redhat.java-1.56.0-win32-x64\jre\21.0.12.1-win32-x86_64\bin\zip.dll
0x00007ffe321f0000 - 0x00007ffe32200000 	C:\Users\MypC\.vscode\extensions\redhat.java-1.56.0-win32-x64\jre\21.0.12.1-win32-x86_64\bin\net.dll
0x00007ffe48690000 - 0x00007ffe487ba000 	C:\WINDOWS\SYSTEM32\WINHTTP.dll
0x00007ffe4eba0000 - 0x00007ffe4ec0c000 	C:\WINDOWS\system32\mswsock.dll
0x00007ffe0c940000 - 0x00007ffe0c956000 	C:\Users\MypC\.vscode\extensions\redhat.java-1.56.0-win32-x64\jre\21.0.12.1-win32-x86_64\bin\nio.dll
0x00007ffe2cfe0000 - 0x00007ffe2cff0000 	C:\Users\MypC\.vscode\extensions\redhat.java-1.56.0-win32-x64\jre\21.0.12.1-win32-x86_64\bin\verify.dll
0x00007ffe0a340000 - 0x00007ffe0a367000 	C:\Users\MypC\.gradle\native\660c5614fbf4a5f2a75b1949f50a0caf5cd603558e7d8a26e50b933a0cfb79d1\windows-amd64\native-platform.dll
0x00007ffddafb0000 - 0x00007ffddb027000 	C:\Users\MypC\.gradle\native\0.2.8\x86_64-windows-gnu\gradle-fileevents.dll
0x00007ffe07700000 - 0x00007ffe0770a000 	C:\Users\MypC\.vscode\extensions\redhat.java-1.56.0-win32-x64\jre\21.0.12.1-win32-x86_64\bin\management.dll
0x00007ffe04950000 - 0x00007ffe0495c000 	C:\Users\MypC\.vscode\extensions\redhat.java-1.56.0-win32-x64\jre\21.0.12.1-win32-x86_64\bin\management_ext.dll
0x00007ffe51810000 - 0x00007ffe51818000 	C:\WINDOWS\System32\PSAPI.DLL
0x00007ffe4df60000 - 0x00007ffe4df93000 	C:\WINDOWS\SYSTEM32\IPHLPAPI.DLL
0x00007ffe51b60000 - 0x00007ffe51b6a000 	C:\WINDOWS\System32\NSI.dll
0x00007ffe0c580000 - 0x00007ffe0c589000 	C:\Users\MypC\.vscode\extensions\redhat.java-1.56.0-win32-x64\jre\21.0.12.1-win32-x86_64\bin\extnet.dll
0x00007ffe4ee90000 - 0x00007ffe4eeab000 	C:\WINDOWS\SYSTEM32\CRYPTSP.dll
0x00007ffe4e520000 - 0x00007ffe4e559000 	C:\WINDOWS\system32\rsaenh.dll
0x00007ffe4ec50000 - 0x00007ffe4ec84000 	C:\WINDOWS\SYSTEM32\USERENV.dll
0x00007ffe4f820000 - 0x00007ffe4f84a000 	C:\WINDOWS\SYSTEM32\bcrypt.dll
0x00007ffe4eeb0000 - 0x00007ffe4eebc000 	C:\WINDOWS\SYSTEM32\CRYPTBASE.dll
0x00007ffe29750000 - 0x00007ffe2975e000 	C:\Users\MypC\.vscode\extensions\redhat.java-1.56.0-win32-x64\jre\21.0.12.1-win32-x86_64\bin\sunmscapi.dll
0x00007ffe502d0000 - 0x00007ffe5044f000 	C:\WINDOWS\System32\CRYPT32.dll
0x00007ffe4f0f0000 - 0x00007ffe4f120000 	C:\WINDOWS\SYSTEM32\ncrypt.dll
0x00007ffe4f0a0000 - 0x00007ffe4f0df000 	C:\WINDOWS\SYSTEM32\NTASN1.dll
0x00007ffe4bf40000 - 0x00007ffe4bf48000 	C:\WINDOWS\system32\wshunix.dll

JVMTI agents:
C:\Users\MypC\.gradle\wrapper\dists\gradle-9.3.1-all\9ot9r568e8zfvvd4mn8rbu1j0\gradle-9.3.1\lib\agents\gradle-instrumentation-agent-9.3.1.jar path:C:\Users\MypC\.vscode\extensions\redhat.java-1.56.0-win32-x64\jre\21.0.12.1-win32-x86_64\bin\instrument.dll, loaded, initialized, instrumentlib options:none

dbghelp: loaded successfully - version: 4.0.5 - missing functions: none
symbol engine: initialized successfully - sym options: 0x614 - pdb path: .;C:\Users\MypC\.vscode\extensions\redhat.java-1.56.0-win32-x64\jre\21.0.12.1-win32-x86_64\bin;C:\WINDOWS\SYSTEM32;C:\WINDOWS\WinSxS\amd64_microsoft.windows.common-controls_6595b64144ccf1df_6.0.26100.9549_none_3e0a0396e3330090;C:\Users\MypC\.vscode\extensions\redhat.java-1.56.0-win32-x64\jre\21.0.12.1-win32-x86_64\bin\server;C:\Users\MypC\.gradle\native\660c5614fbf4a5f2a75b1949f50a0caf5cd603558e7d8a26e50b933a0cfb79d1\windows-amd64;C:\Users\MypC\.gradle\native\0.2.8\x86_64-windows-gnu

VM Arguments:
jvm_args: --add-opens=java.base/java.lang=ALL-UNNAMED --add-opens=java.base/java.lang.invoke=ALL-UNNAMED --add-opens=java.base/java.util=ALL-UNNAMED --add-opens=java.prefs/java.util.prefs=ALL-UNNAMED --add-exports=jdk.compiler/com.sun.tools.javac.api=ALL-UNNAMED --add-exports=jdk.compiler/com.sun.tools.javac.util=ALL-UNNAMED --add-opens=java.base/java.util=ALL-UNNAMED --add-opens=java.prefs/java.util.prefs=ALL-UNNAMED --add-opens=java.base/java.nio.charset=ALL-UNNAMED --add-opens=java.base/java.net=ALL-UNNAMED --add-opens=java.base/java.util.concurrent=ALL-UNNAMED --add-opens=java.base/java.util.concurrent.atomic=ALL-UNNAMED --add-opens=java.xml/javax.xml.namespace=ALL-UNNAMED --add-opens=java.base/java.time=ALL-UNNAMED -XX:MaxMetaspaceSize=4G -XX:ReservedCodeCacheSize=512m -XX:+HeapDumpOnOutOfMemoryError -Xmx8G -Dfile.encoding=UTF-8 -Duser.country=US -Duser.language=en -Duser.variant -javaagent:C:\Users\MypC\.gradle\wrapper\dists\gradle-9.3.1-all\9ot9r568e8zfvvd4mn8rbu1j0\gradle-9.3.1\lib\agents\gradle-instrumentation-agent-9.3.1.jar 
java_command: org.gradle.launcher.daemon.bootstrap.GradleDaemon 9.3.1
java_class_path (initial): C:\Users\MypC\.gradle\wrapper\dists\gradle-9.3.1-all\9ot9r568e8zfvvd4mn8rbu1j0\gradle-9.3.1\lib\gradle-daemon-main-9.3.1.jar
Launcher Type: SUN_STANDARD

[Global flags]
     intx CICompilerCount                          = 4                                         {product} {ergonomic}
     uint ConcGCThreads                            = 2                                         {product} {ergonomic}
     uint G1ConcRefinementThreads                  = 8                                         {product} {ergonomic}
   size_t G1HeapRegionSize                         = 4194304                                   {product} {ergonomic}
    uintx GCDrainStackTargetSize                   = 64                                        {product} {ergonomic}
     bool HeapDumpOnOutOfMemoryError               = true                                   {manageable} {command line}
   size_t InitialHeapSize                          = 264241152                                 {product} {ergonomic}
   size_t MarkStackSize                            = 4194304                                   {product} {ergonomic}
   size_t MaxHeapSize                              = 8589934592                                {product} {command line}
   size_t MaxMetaspaceSize                         = 4294967296                                {product} {command line}
   size_t MaxNewSize                               = 5150605312                                {product} {ergonomic}
   size_t MinHeapDeltaBytes                        = 4194304                                   {product} {ergonomic}
   size_t MinHeapSize                              = 8388608                                   {product} {ergonomic}
    uintx NonNMethodCodeHeapSize                   = 5839372                                {pd product} {ergonomic}
    uintx NonProfiledCodeHeapSize                  = 265515770                              {pd product} {ergonomic}
    uintx ProfiledCodeHeapSize                     = 265515770                              {pd product} {ergonomic}
    uintx ReservedCodeCacheSize                    = 536870912                              {pd product} {command line}
     bool SegmentedCodeCache                       = true                                      {product} {ergonomic}
   size_t SoftMaxHeapSize                          = 8589934592                             {manageable} {ergonomic}
     bool UseCompressedOops                        = true                           {product lp64_product} {ergonomic}
     bool UseG1GC                                  = true                                      {product} {ergonomic}
     bool UseLargePagesIndividualAllocation        = false                                  {pd product} {ergonomic}

Logging:
Log output configuration:
 #0: stdout all=warning uptime,level,tags foldmultilines=false
 #1: stderr all=off uptime,level,tags foldmultilines=false

Release file:
JAVA_VERSION="21.0.12.1" 
MODULES="java.base java.compiler java.datatransfer java.xml java.prefs java.desktop java.instrument java.logging java.management java.security.sasl java.naming java.rmi java.management.rmi java.net.http java.scripting java.security.jgss java.transaction.xa java.sql java.sql.rowset java.xml.crypto java.se java.smartcardio jdk.accessibility jdk.internal.jvmstat jdk.attach jdk.charsets jdk.internal.opt jdk.zipfs jdk.compiler jdk.crypto.ec jdk.crypto.cryptoki jdk.crypto.mscapi jdk.dynalink jdk.internal.ed jdk.editpad jdk.hotspot.agent jdk.httpserver jdk.internal.le jdk.internal.vm.ci jdk.internal.vm.compiler jdk.internal.vm.compiler.management jdk.jartool jdk.javadoc jdk.jcmd jdk.management jdk.management.agent jdk.jconsole jdk.jdeps jdk.jdwp.agent jdk.jdi jdk.jfr jdk.jshell jdk.jsobject jdk.jstatd jdk.localedata jdk.management.jfr jdk.naming.dns jdk.naming.rmi jdk.net jdk.nio.mapmode jdk.random jdk.sctp jdk.security.auth jdk.security.jgss jdk.unsupported jdk.unsupported.desktop jdk.xml.dom" 

Environment Variables:
JAVA_HOME=C:\Users\MypC\AppData\Local\Programs\Eclipse Adoptium\jdk-17.0.20.101-hotspot\
PATH=C:\Program Files (x86)\VMware\VMware Workstation\bin\;C:\WINDOWS\system32;C:\WINDOWS;C:\WINDOWS\System32\Wbem;C:\WINDOWS\System32\WindowsPowerShell\v1.0\;C:\WINDOWS\System32\OpenSSH\;C:\Program Files\dotnet\;C:\Program Files\Microsoft SQL Server\Client SDK\ODBC\110\Tools\Binn\;C:\Program Files (x86)\Microsoft SQL Server\120\Tools\Binn\;C:\Program Files\Microsoft SQL Server\120\Tools\Binn\;C:\Program Files\Microsoft SQL Server\120\DTS\Binn\;C:\Program Files (x86)\Microsoft SQL Server\160\Tools\Binn\;C:\Program Files\Microsoft SQL Server\160\Tools\Binn\;C:\Program Files\Microsoft SQL Server\Client SDK\ODBC\170\Tools\Binn\;C:\Program Files\Microsoft SQL Server\160\DTS\Binn\;C:\Program Files (x86)\Microsoft SQL Server\120\Tools\Binn\ManagementStudio\;C:\Program Files (x86)\Microsoft SQL Server\120\DTS\Binn\;C:\Program Files\Microsoft SQL Server\150\Tools\Binn\;C:\Program Files\Microsoft SQL Server\170\Tools\Binn\;C:\ProgramData\chocolatey\bin;C:\Program Files\Git\cmd;F:\MypC\Program Files\nodejs\;F:\src\flutter\bin;C:\Program Files (x86)\Windows Kits\10\Windows Performance Toolkit\;C:\Users\MypC\AppData\Local\Programs\Eclipse Adoptium\jdk-17.0.20.101-hotspot\bin;C:\Users\MypC\AppData\Local\Programs\Python\Python312\Scripts\;C:\Users\MypC\AppData\Local\Programs\Python\Python312\;C:\Users\MypC\AppData\Local\Programs\Python\Launcher\;C:\Users\MypC\AppData\Local\Microsoft\WindowsApps;C:\Users\MypC\.dotnet\tools;C:\Users\MypC\AppData\Local\Programs\Microsoft VS Code\bin;C:\Users\MypC\AppData\Local\Programs\Antigravity\bin;C:\Users\MypC\AppData\Local\Programs\cursor\resources\app\bin;C:\Users\MypC\AppData\Local\Programs\Kiro\bin;C:\Users\MypC\AppData\Local\Programs\Antigravity IDE\bin;F:\tools\dart-sdk\bin;C:\Users\MypC\AppData\Local\Pub\Cache\bin;C:\Users\MypC\AppData\Roaming\npm
USERNAME=MypC
OS=Windows_NT
PROCESSOR_IDENTIFIER=Intel64 Family 6 Model 140 Stepping 1, GenuineIntel
TMP=C:\Users\MypC\AppData\Local\Temp
TEMP=C:\Users\MypC\AppData\Local\Temp




Periodic native trim disabled

---------------  S Y S T E M  ---------------

OS:
 Windows 11 , 64 bit Build 26100 (10.0.26100.9549)
OS uptime: 1 days 18:04 hours
Hyper-V role detected

CPU: total 8 (initial active 8) (4 cores per cpu, 2 threads per core) family 6 model 140 stepping 1 microcode 0xbe, cx8, cmov, fxsr, ht, mmx, 3dnowpref, sse, sse2, sse3, ssse3, sse4.1, sse4.2, popcnt, lzcnt, tsc, tscinvbit, avx, avx2, aes, erms, clmul, bmi1, bmi2, adx, avx512f, avx512dq, avx512cd, avx512bw, avx512vl, sha, fma, vzeroupper, avx512_vpopcntdq, avx512_vpclmulqdq, avx512_vaes, avx512_vnni, clflush, clflushopt, clwb, avx512_vbmi2, avx512_vbmi, hv, rdtscp, rdpid, fsrm, gfni, avx512_bitalg, f16c, cet_ibt, cet_ss, avx512_ifma
Processor Information for the first 8 processors :
  Max Mhz: 2419, Current Mhz: 2419, Mhz Limit: 2419

Memory: 4k page, system-wide physical 16106M (165M free)
TotalPageFile size 47356M (AvailPageFile size 12M)
current process WorkingSet (physical memory assigned to process): 216M, peak: 270M
current process commit charge ("private bytes"): 323M, peak: 412M

vm_info: OpenJDK 64-Bit Server VM (21.0.12.1+1-LTS) for windows-amd64 JRE (21.0.12.1+1-LTS), built on 2026-08-18T00:00:00Z by "admin" with MS VC++ 17.12 (VS2022)

END.
