#
# There is insufficient memory for the Java Runtime Environment to continue.
# Native memory allocation (malloc) failed to allocate 32784 bytes. Error detail: Chunk::new
# Possible reasons:
#   The system is out of physical RAM or swap space
#   This process is running with CompressedOops enabled, and the Java Heap may be blocking the growth of the native heap
# Possible solutions:
#   Reduce memory load on the system
#   Increase physical memory or swap space
#   Check if swap backing store is full
#   Decrease Java heap size (-Xmx/-Xms)
#   Decrease number of Java threads
#   Decrease Java thread stack sizes (-Xss)
#   Set larger code cache with -XX:ReservedCodeCacheSize=
#   JVM is running with Zero Based Compressed Oops mode in which the Java heap is
#     placed in the first 32GB address space. The Java Heap base address is the
#     maximum limit for the native heap growth. Please use -XX:HeapBaseMinAddress
#     to set the Java Heap base and to place the Java Heap above 32GB virtual address.
# This output file may be truncated or incomplete.
#
#  Out of Memory Error (arena.cpp:168), pid=11372, tid=20804
#
# JRE version: OpenJDK Runtime Environment Temurin-21.0.12.1+1 (21.0.12.1+1) (build 21.0.12.1+1-LTS)
# Java VM: OpenJDK 64-Bit Server VM Temurin-21.0.12.1+1 (21.0.12.1+1-LTS, mixed mode, sharing, tiered, compressed oops, compressed class ptrs, g1 gc, windows-amd64)
# No core dump will be written. Minidumps are not enabled by default on client versions of Windows
#

---------------  S U M M A R Y ------------

Command Line: --add-opens=java.base/java.lang=ALL-UNNAMED --add-opens=java.base/java.lang.invoke=ALL-UNNAMED --add-opens=java.base/java.util=ALL-UNNAMED --add-opens=java.prefs/java.util.prefs=ALL-UNNAMED --add-exports=jdk.compiler/com.sun.tools.javac.api=ALL-UNNAMED --add-exports=jdk.compiler/com.sun.tools.javac.util=ALL-UNNAMED --add-opens=java.base/java.util=ALL-UNNAMED --add-opens=java.prefs/java.util.prefs=ALL-UNNAMED --add-opens=java.base/java.nio.charset=ALL-UNNAMED --add-opens=java.base/java.net=ALL-UNNAMED --add-opens=java.base/java.util.concurrent=ALL-UNNAMED --add-opens=java.base/java.util.concurrent.atomic=ALL-UNNAMED --add-opens=java.xml/javax.xml.namespace=ALL-UNNAMED --add-opens=java.base/java.time=ALL-UNNAMED -XX:MaxMetaspaceSize=4G -XX:ReservedCodeCacheSize=512m -XX:+HeapDumpOnOutOfMemoryError -Xmx8G -Dfile.encoding=UTF-8 -Duser.country=US -Duser.language=en -Duser.variant -javaagent:C:\Users\MypC\.gradle\wrapper\dists\gradle-9.3.1-all\9ot9r568e8zfvvd4mn8rbu1j0\gradle-9.3.1\lib\agents\gradle-instrumentation-agent-9.3.1.jar org.gradle.launcher.daemon.bootstrap.GradleDaemon 9.3.1

Host: 11th Gen Intel(R) Core(TM) i5-1135G7 @ 2.40GHz, 8 cores, 15G,  Windows 11 , 64 bit Build 26100 (10.0.26100.9549)
Time: Sat Sep 26 13:11:51 2026 SE Asia Standard Time elapsed time: 227.769161 seconds (0d 0h 3m 47s)

---------------  T H R E A D  ---------------

Current thread (0x000001e5ef0e9a60):  JavaThread "C2 CompilerThread0" daemon [_thread_in_native, id=20804, stack(0x000000a7c2500000,0x000000a7c2600000) (1024K)]


Current CompileTask:
C2:227769 4605   !   4       java.util.concurrent.locks.AbstractQueuedSynchronizer::acquire (424 bytes)

Stack: [0x000000a7c2500000,0x000000a7c2600000]
Native frames: (J=compiled Java code, j=interpreted, Vv=VM code, C=native code)
V  [jvm.dll+0x6d83e9]
V  [jvm.dll+0x8b5736]
V  [jvm.dll+0x8b7cee]
V  [jvm.dll+0x8b83d3]
V  [jvm.dll+0x284596]
V  [jvm.dll+0xc685d]
V  [jvm.dll+0xc6da1]
V  [jvm.dll+0xc6985]
V  [jvm.dll+0x6b33cc]
V  [jvm.dll+0x6650c1]
V  [jvm.dll+0x24c57b]
V  [jvm.dll+0x24bce0]
V  [jvm.dll+0x1cb4ae]
V  [jvm.dll+0x25baad]
V  [jvm.dll+0x25a03a]
V  [jvm.dll+0x3f8aae]
V  [jvm.dll+0x8600cd]
V  [jvm.dll+0x6d6c1d]
C  [ucrtbase.dll+0x2cd30]
C  [KERNEL32.DLL+0x2cdf7]
C  [ntdll.dll+0x7ee4c]


---------------  P R O C E S S  ---------------

Threads class SMR info:
_java_thread_list=0x000001e6398eb500, length=33, elements={
0x000001e5e17a1b20, 0x000001e5ef0da4b0, 0x000001e5ef0dd1d0, 0x000001e5ef0e3f10,
0x000001e5ef0e4970, 0x000001e5ef0e8270, 0x000001e5ef0e8cd0, 0x000001e5ef0e9a60,
0x000001e5f1980240, 0x000001e5f1b7cda0, 0x000001e5f1c3f440, 0x000001e637960050,
0x000001e637a12370, 0x000001e637ed23b0, 0x000001e5f1aa9610, 0x000001e5f1aa9c80,
0x000001e6383ab010, 0x000001e6387b6140, 0x000001e638637a40, 0x000001e638639b10,
0x000001e6386380d0, 0x000001e638638760, 0x000001e63863a1a0, 0x000001e638638df0,
0x000001e638636d20, 0x000001e6390b5100, 0x000001e6390b64b0, 0x000001e6390b3030,
0x000001e6390b6b40, 0x000001e6390b5790, 0x000001e6390b4a70, 0x000001e6390b5e20,
0x000001e6390b36c0
}

Java Threads: ( => current thread )
  0x000001e5e17a1b20 JavaThread "main"                              [_thread_blocked, id=3440, stack(0x000000a7c1600000,0x000000a7c1700000) (1024K)]
  0x000001e5ef0da4b0 JavaThread "Reference Handler"          daemon [_thread_blocked, id=31952, stack(0x000000a7c1f00000,0x000000a7c2000000) (1024K)]
  0x000001e5ef0dd1d0 JavaThread "Finalizer"                  daemon [_thread_blocked, id=17808, stack(0x000000a7c2000000,0x000000a7c2100000) (1024K)]
  0x000001e5ef0e3f10 JavaThread "Signal Dispatcher"          daemon [_thread_blocked, id=34188, stack(0x000000a7c2100000,0x000000a7c2200000) (1024K)]
  0x000001e5ef0e4970 JavaThread "Attach Listener"            daemon [_thread_blocked, id=29748, stack(0x000000a7c2200000,0x000000a7c2300000) (1024K)]
  0x000001e5ef0e8270 JavaThread "Service Thread"             daemon [_thread_blocked, id=22760, stack(0x000000a7c2300000,0x000000a7c2400000) (1024K)]
  0x000001e5ef0e8cd0 JavaThread "Monitor Deflation Thread"   daemon [_thread_blocked, id=5376, stack(0x000000a7c2400000,0x000000a7c2500000) (1024K)]
=>0x000001e5ef0e9a60 JavaThread "C2 CompilerThread0"         daemon [_thread_in_native, id=20804, stack(0x000000a7c2500000,0x000000a7c2600000) (1024K)]
  0x000001e5f1980240 JavaThread "C1 CompilerThread0"         daemon [_thread_blocked, id=24216, stack(0x000000a7c2600000,0x000000a7c2700000) (1024K)]
  0x000001e5f1b7cda0 JavaThread "Common-Cleaner"             daemon [_thread_blocked, id=26960, stack(0x000000a7c2700000,0x000000a7c2800000) (1024K)]
  0x000001e5f1c3f440 JavaThread "Notification Thread"        daemon [_thread_blocked, id=34388, stack(0x000000a7c2800000,0x000000a7c2900000) (1024K)]
  0x000001e637960050 JavaThread "Daemon health stats"               [_thread_blocked, id=27640, stack(0x000000a7c1700000,0x000000a7c1800000) (1024K)]
  0x000001e637a12370 JavaThread "Incoming local TCP Connector on port 55529"        [_thread_in_native, id=24388, stack(0x000000a7c2f00000,0x000000a7c3000000) (1024K)]
  0x000001e637ed23b0 JavaThread "Daemon periodic checks"            [_thread_blocked, id=22840, stack(0x000000a7c3000000,0x000000a7c3100000) (1024K)]
  0x000001e5f1aa9610 JavaThread "Daemon"                            [_thread_blocked, id=26824, stack(0x000000a7c3100000,0x000000a7c3200000) (1024K)]
  0x000001e5f1aa9c80 JavaThread "Handler for socket connection from /127.0.0.1:55529 to /127.0.0.1:55532"        [_thread_in_native, id=26832, stack(0x000000a7c3200000,0x000000a7c3300000) (1024K)]
  0x000001e6383ab010 JavaThread "Cancel handler"                    [_thread_blocked, id=28052, stack(0x000000a7c3300000,0x000000a7c3400000) (1024K)]
  0x000001e6387b6140 JavaThread "Daemon worker"                     [_thread_in_native, id=27232, stack(0x000000a7c3400000,0x000000a7c3500000) (1024K)]
  0x000001e638637a40 JavaThread "Asynchronous log dispatcher for DefaultDaemonConnection: socket connection from /127.0.0.1:55529 to /127.0.0.1:55532"        [_thread_blocked, id=29008, stack(0x000000a7c3500000,0x000000a7c3600000) (1024K)]
  0x000001e638639b10 JavaThread "Stdin handler"                     [_thread_blocked, id=19140, stack(0x000000a7c3600000,0x000000a7c3700000) (1024K)]
  0x000001e6386380d0 JavaThread "Daemon client event forwarder"        [_thread_blocked, id=27276, stack(0x000000a7c3700000,0x000000a7c3800000) (1024K)]
  0x000001e638638760 JavaThread "Cache worker for journal cache (C:\Users\MypC\.gradle\caches\journal-1)"        [_thread_blocked, id=29768, stack(0x000000a7c3800000,0x000000a7c3900000) (1024K)]
  0x000001e63863a1a0 JavaThread "File lock request listener"        [_thread_in_native, id=13580, stack(0x000000a7c3900000,0x000000a7c3a00000) (1024K)]
  0x000001e638638df0 JavaThread "Cache worker for file hash cache (C:\Users\MypC\.gradle\caches\9.3.1\fileHashes)"        [_thread_blocked, id=17556, stack(0x000000a7c3a00000,0x000000a7c3b00000) (1024K)]
  0x000001e638636d20 JavaThread "File lock release action executor"        [_thread_blocked, id=26672, stack(0x000000a7c3b00000,0x000000a7c3c00000) (1024K)]
  0x000001e6390b5100 JavaThread "Cache worker for file hash cache (F:\DA_NhaThuoc\pharmacy-backend\mobile_pharmacy\android\.gradle\9.3.1\fileHashes)"        [_thread_blocked, id=7132, stack(0x000000a7c3d00000,0x000000a7c3e00000) (1024K)]
  0x000001e6390b64b0 JavaThread "Cache worker for Build Output Cleanup Cache (F:\DA_NhaThuoc\pharmacy-backend\mobile_pharmacy\android\.gradle\buildOutputCleanup)"        [_thread_blocked, id=20944, stack(0x000000a7c3e00000,0x000000a7c3f00000) (1024K)]
  0x000001e6390b3030 JavaThread "File watcher server"        daemon [_thread_in_native, id=31408, stack(0x000000a7c3f00000,0x000000a7c4000000) (1024K)]
  0x000001e6390b6b40 JavaThread "File watcher consumer"      daemon [_thread_blocked, id=31344, stack(0x000000a7c4000000,0x000000a7c4100000) (1024K)]
  0x000001e6390b5790 JavaThread "Cache worker for checksums cache (F:\DA_NhaThuoc\pharmacy-backend\mobile_pharmacy\android\.gradle\9.3.1\checksums)"        [_thread_blocked, id=30440, stack(0x000000a7c4100000,0x000000a7c4200000) (1024K)]
  0x000001e6390b4a70 JavaThread "Cache worker for file content cache (C:\Users\MypC\.gradle\caches\9.3.1\fileContent)"        [_thread_blocked, id=29292, stack(0x000000a7c4200000,0x000000a7c4300000) (1024K)]
  0x000001e6390b5e20 JavaThread "Cache worker for cache directory md-supplier (C:\Users\MypC\.gradle\caches\9.3.1\md-supplier)"        [_thread_blocked, id=29420, stack(0x000000a7c4300000,0x000000a7c4400000) (1024K)]
  0x000001e6390b36c0 JavaThread "Cache worker for cache directory md-rule (C:\Users\MypC\.gradle\caches\9.3.1\md-rule)"        [_thread_blocked, id=7068, stack(0x000000a7c4400000,0x000000a7c4500000) (1024K)]
Total: 33

Other Threads:
  0x000001e5ef0bd4f0 VMThread "VM Thread"                           [id=32904, stack(0x000000a7c1e00000,0x000000a7c1f00000) (1024K)]
  0x000001e5ef0ad1b0 WatcherThread "VM Periodic Task Thread"        [id=32984, stack(0x000000a7c1d00000,0x000000a7c1e00000) (1024K)]
  0x000001e5e184cd80 WorkerThread "GC Thread#0"                     [id=9224, stack(0x000000a7c1800000,0x000000a7c1900000) (1024K)]
  0x000001e5f1a54c10 WorkerThread "GC Thread#1"                     [id=12708, stack(0x000000a7c2900000,0x000000a7c2a00000) (1024K)]
  0x000001e5f1a54fc0 WorkerThread "GC Thread#2"                     [id=22348, stack(0x000000a7c2a00000,0x000000a7c2b00000) (1024K)]
  0x000001e5f1b2cf50 WorkerThread "GC Thread#3"                     [id=9248, stack(0x000000a7c2b00000,0x000000a7c2c00000) (1024K)]
  0x000001e5f1b2d300 WorkerThread "GC Thread#4"                     [id=12500, stack(0x000000a7c2c00000,0x000000a7c2d00000) (1024K)]
  0x000001e5f1b2d6b0 WorkerThread "GC Thread#5"                     [id=18616, stack(0x000000a7c2d00000,0x000000a7c2e00000) (1024K)]
  0x000001e63a50ea70 WorkerThread "GC Thread#6"                     [id=25492, stack(0x000000a7c1500000,0x000000a7c1600000) (1024K)]
  0x000001e63a50e310 WorkerThread "GC Thread#7"                     [id=648, stack(0x000000a7c2e00000,0x000000a7c2f00000) (1024K)]
  0x000001e5eef32010 ConcurrentGCThread "G1 Main Marker"            [id=9300, stack(0x000000a7c1900000,0x000000a7c1a00000) (1024K)]
  0x000001e5eef32a30 WorkerThread "G1 Conc#0"                       [id=15036, stack(0x000000a7c1a00000,0x000000a7c1b00000) (1024K)]
  0x000001e63a50d0a0 WorkerThread "G1 Conc#1"                       [id=33536, stack(0x000000a7c3c00000,0x000000a7c3d00000) (1024K)]
  0x000001e5eef7f170 ConcurrentGCThread "G1 Refine#0"               [id=12004, stack(0x000000a7c1b00000,0x000000a7c1c00000) (1024K)]
  0x000001e5eef7fc00 ConcurrentGCThread "G1 Service"                [id=5972, stack(0x000000a7c1c00000,0x000000a7c1d00000) (1024K)]
Total: 15

Threads with active compile tasks:
C2 CompilerThread0  227817 4605   !   4       java.util.concurrent.locks.AbstractQueuedSynchronizer::acquire (424 bytes)
Total: 1

VM state: not at safepoint (normal execution)

VM Mutex/Monitor currently owned by a thread: None

Heap address: 0x0000000600000000, size: 8192 MB, Compressed Oops mode: Zero based, Oop shift amount: 3

CDS archive(s) mapped at: [0x000001e5f2000000-0x000001e5f2ba0000-0x000001e5f2ba0000), size 12189696, SharedBaseAddress: 0x000001e5f2000000, ArchiveRelocationMode: 1.
Compressed class space mapped at: 0x000001e5f3000000-0x000001e633000000, reserved size: 1073741824
Narrow klass base: 0x000001e5f2000000, Narrow klass shift: 0, Narrow klass range: 0x100000000

GC Precious Log:
 CardTable entry size: 512
 Card Set container configuration: InlinePtr #cards 4 size 8 Array Of Cards #cards 32 size 80 Howl #buckets 8 coarsen threshold 7372 Howl Bitmap #cards 1024 size 144 coarsen threshold 921 Card regions per heap region 1 cards per card region 8192
 CPUs: 8 total, 8 available
 Memory: 16106M
 Large Page Support: Disabled
 NUMA Support: Disabled
 Compressed Oops: Enabled (Zero based)
 Heap Region Size: 4M
 Heap Min Capacity: 8M
 Heap Initial Capacity: 252M
 Heap Max Capacity: 8G
 Pre-touch: Disabled
 Parallel Workers: 8
 Concurrent Workers: 2
 Concurrent Refinement Workers: 8
 Periodic GC: Disabled

Heap:
 garbage-first heap   total 102400K, used 79241K [0x0000000600000000, 0x0000000800000000)
  region size 4096K, 14 young (57344K), 1 survivors (4096K)
 Metaspace       used 37084K, committed 38592K, reserved 1114112K
  class space    used 5342K, committed 6080K, reserved 1048576K

Heap Regions: E=young(eden), S=young(survivor), O=old, HS=humongous(starts), HC=humongous(continues), CS=collection set, F=free, TAMS=top-at-mark-start, PB=parsable bottom
|   0|0x0000000600000000, 0x0000000600400000, 0x0000000600400000|100%|HS|  |TAMS 0x0000000600000000| PB 0x0000000600000000| Complete 
|   1|0x0000000600400000, 0x0000000600800000, 0x0000000600800000|100%| O|  |TAMS 0x0000000600400000| PB 0x0000000600400000| Untracked 
|   2|0x0000000600800000, 0x0000000600c00000, 0x0000000600c00000|100%| O|  |TAMS 0x0000000600800000| PB 0x0000000600800000| Untracked 
|   3|0x0000000600c00000, 0x0000000601000000, 0x0000000601000000|100%| O|  |TAMS 0x0000000600c00000| PB 0x0000000600c00000| Untracked 
|   4|0x0000000601000000, 0x0000000601400000, 0x0000000601400000|100%| O|  |TAMS 0x0000000601000000| PB 0x0000000601000000| Untracked 
|   5|0x0000000601400000, 0x0000000601623f00, 0x0000000601800000| 53%| O|  |TAMS 0x0000000601400000| PB 0x0000000601400000| Untracked 
|   6|0x0000000601800000, 0x0000000601c00000, 0x0000000601c00000|100%| O|  |TAMS 0x0000000601800000| PB 0x0000000601800000| Untracked 
|   7|0x0000000601c00000, 0x0000000601c00000, 0x0000000602000000|  0%| F|  |TAMS 0x0000000601c00000| PB 0x0000000601c00000| Untracked 
|   8|0x0000000602000000, 0x0000000602000000, 0x0000000602400000|  0%| F|  |TAMS 0x0000000602000000| PB 0x0000000602000000| Untracked 
|   9|0x0000000602400000, 0x0000000602400000, 0x0000000602800000|  0%| F|  |TAMS 0x0000000602400000| PB 0x0000000602400000| Untracked 
|  10|0x0000000602800000, 0x0000000602800000, 0x0000000602c00000|  0%| F|  |TAMS 0x0000000602800000| PB 0x0000000602800000| Untracked 
|  11|0x0000000602c00000, 0x0000000602f561e0, 0x0000000603000000| 83%| E|  |TAMS 0x0000000602c00000| PB 0x0000000602c00000| Complete 
|  12|0x0000000603000000, 0x0000000603400000, 0x0000000603400000|100%| E|CS|TAMS 0x0000000603000000| PB 0x0000000603000000| Complete 
|  13|0x0000000603400000, 0x0000000603800000, 0x0000000603800000|100%| E|CS|TAMS 0x0000000603400000| PB 0x0000000603400000| Complete 
|  14|0x0000000603800000, 0x0000000603c00000, 0x0000000603c00000|100%| E|CS|TAMS 0x0000000603800000| PB 0x0000000603800000| Complete 
|  15|0x0000000603c00000, 0x0000000604000000, 0x0000000604000000|100%| E|CS|TAMS 0x0000000603c00000| PB 0x0000000603c00000| Complete 
|  16|0x0000000604000000, 0x0000000604400000, 0x0000000604400000|100%| E|CS|TAMS 0x0000000604000000| PB 0x0000000604000000| Complete 
|  17|0x0000000604400000, 0x0000000604800000, 0x0000000604800000|100%| E|CS|TAMS 0x0000000604400000| PB 0x0000000604400000| Complete 
|  18|0x0000000604800000, 0x0000000604c00000, 0x0000000604c00000|100%| E|CS|TAMS 0x0000000604800000| PB 0x0000000604800000| Complete 
|  19|0x0000000604c00000, 0x0000000605000000, 0x0000000605000000|100%| E|CS|TAMS 0x0000000604c00000| PB 0x0000000604c00000| Complete 
|  20|0x0000000605000000, 0x0000000605400000, 0x0000000605400000|100%| E|CS|TAMS 0x0000000605000000| PB 0x0000000605000000| Complete 
|  21|0x0000000605400000, 0x0000000605800000, 0x0000000605800000|100%| E|CS|TAMS 0x0000000605400000| PB 0x0000000605400000| Complete 
|  22|0x0000000605800000, 0x0000000605c00000, 0x0000000605c00000|100%| E|CS|TAMS 0x0000000605800000| PB 0x0000000605800000| Complete 
|  60|0x000000060f000000, 0x000000060f33e880, 0x000000060f400000| 81%| S|CS|TAMS 0x000000060f000000| PB 0x000000060f000000| Complete 
|  62|0x000000060f800000, 0x000000060fc00000, 0x000000060fc00000|100%| E|CS|TAMS 0x000000060f800000| PB 0x000000060f800000| Complete 

Card table byte_map: [0x000001e5e5ef0000,0x000001e5e6ef0000] _byte_map_base: 0x000001e5e2ef0000

Marking Bits: (CMBitMap*) 0x000001e5e184d3a0
 Bits: [0x000001e5e6ef0000, 0x000001e5eeef0000)

Polling page: 0x000001e5df840000

Metaspace:

Usage:
  Non-class:     31.00 MB used.
      Class:      5.22 MB used.
       Both:     36.21 MB used.

Virtual space:
  Non-class space:       64.00 MB reserved,      31.75 MB ( 50%) committed,  1 nodes.
      Class space:        1.00 GB reserved,       5.94 MB ( <1%) committed,  1 nodes.
             Both:        1.06 GB reserved,      37.69 MB (  3%) committed. 

Chunk freelists:
   Non-Class:  15.53 MB
       Class:  10.04 MB
        Both:  25.57 MB

MaxMetaspaceSize: 4.00 GB
CompressedClassSpaceSize: 1.00 GB
Initial GC threshold: 21.00 MB
Current GC threshold: 59.50 MB
CDS: on
 - commit_granule_bytes: 65536.
 - commit_granule_words: 8192.
 - virtual_space_node_default_size: 8388608.
 - enlarge_chunks_in_place: 1.
 - use_allocation_guard: 0.


Internal statistics:

num_allocs_failed_limit: 9.
num_arena_births: 2502.
num_arena_deaths: 0.
num_vsnodes_births: 2.
num_vsnodes_deaths: 0.
num_space_committed: 603.
num_space_uncommitted: 0.
num_chunks_returned_to_freelist: 9.
num_chunks_taken_from_freelist: 4261.
num_chunk_merges: 6.
num_chunk_splits: 2785.
num_chunks_enlarged: 1710.
num_inconsistent_stats: 0.

CodeHeap 'non-profiled nmethods': size=259264Kb used=2218Kb max_used=2317Kb free=257045Kb
 bounds [0x000001e5902d0000, 0x000001e590540000, 0x000001e5a0000000]
CodeHeap 'profiled nmethods': size=259264Kb used=7770Kb max_used=8367Kb free=251493Kb
 bounds [0x000001e580000000, 0x000001e580840000, 0x000001e58fd30000]
CodeHeap 'non-nmethods': size=5760Kb used=1989Kb max_used=2023Kb free=3770Kb
 bounds [0x000001e58fd30000, 0x000001e58ffa0000, 0x000001e5902d0000]
CodeCache: size=524288Kb, used=11977Kb, max_used=12707Kb, free=512308Kb
 total_blobs=4782, nmethods=4086, adapters=600, full_count=0
Compilation: enabled, stopped_count=0, restarted_count=0

Compilation events (20 events):
Event: 216.266 Thread 0x000001e5f1980240 nmethod 4595 0x000001e580153210 code [0x000001e580153420, 0x000001e5801539b0]
Event: 219.908 Thread 0x000001e5f1980240 4596       1       java.nio.channels.FileLock::isShared (5 bytes)
Event: 219.908 Thread 0x000001e5f1980240 nmethod 4596 0x000001e590342490 code [0x000001e590342620, 0x000001e5903426f0]
Event: 220.015 Thread 0x000001e5f1980240 4597       1       org.gradle.launcher.daemon.server.expiry.DaemonExpirationResult::getStatus (5 bytes)
Event: 220.016 Thread 0x000001e5f1980240 nmethod 4597 0x000001e590342190 code [0x000001e590342320, 0x000001e5903423f0]
Event: 220.913 Thread 0x000001e5ef0e9a60 4598       4       java.util.concurrent.locks.ReentrantLock$NonfairSync::tryAcquire (27 bytes)
Event: 220.915 Thread 0x000001e5ef0e9a60 nmethod 4598 0x000001e590341d90 code [0x000001e590341f20, 0x000001e5903420b8]
Event: 222.996 Thread 0x000001e5ef0e9a60 4599       4       java.util.concurrent.locks.AbstractQueuedSynchronizer$Node::clearStatus (12 bytes)
Event: 222.997 Thread 0x000001e5ef0e9a60 nmethod 4599 0x000001e590341a90 code [0x000001e590341c20, 0x000001e590341cb0]
Event: 225.294 Thread 0x000001e5ef0e9a60 4600       4       java.util.HashMap::put (13 bytes)
Event: 225.319 Thread 0x000001e5ef0e9a60 nmethod 4600 0x000001e590340710 code [0x000001e590340920, 0x000001e590341240]
Event: 227.067 Thread 0x000001e5ef0e9a60 4601   !   4       java.util.concurrent.locks.AbstractQueuedSynchronizer::tryInitializeHead (66 bytes)
Event: 227.072 Thread 0x000001e5ef0e9a60 nmethod 4601 0x000001e5903e4010 code [0x000001e5903e41a0, 0x000001e5903e44a8]
Event: 227.254 Thread 0x000001e5ef0e9a60 4602   !   4       java.util.concurrent.locks.AbstractQueuedSynchronizer$ConditionObject::newConditionNode (78 bytes)
Event: 227.265 Thread 0x000001e5ef0e9a60 nmethod 4602 0x000001e5903e3690 code [0x000001e5903e3880, 0x000001e5903e3d78]
Event: 227.265 Thread 0x000001e5ef0e9a60 4603       4       java.util.concurrent.locks.AbstractQueuedSynchronizer$ConditionObject::enableWait (84 bytes)
Event: 227.275 Thread 0x000001e5ef0e9a60 nmethod 4603 0x000001e5903e2b90 code [0x000001e5903e2d80, 0x000001e5903e3400]
Event: 227.575 Thread 0x000001e5f1980240 4604       3       java.io.DataOutputStream::flush (8 bytes)
Event: 227.575 Thread 0x000001e5f1980240 nmethod 4604 0x000001e5800cd110 code [0x000001e5800cd2c0, 0x000001e5800cd4a0]
Event: 227.694 Thread 0x000001e5ef0e9a60 4605   !   4       java.util.concurrent.locks.AbstractQueuedSynchronizer::acquire (424 bytes)

GC Heap History (14 events):
Event: 12.251 GC heap before
{Heap before GC invocations=0 (full 0):
 garbage-first heap   total 258048K, used 20480K [0x0000000600000000, 0x0000000800000000)
  region size 4096K, 5 young (20480K), 0 survivors (0K)
 Metaspace       used 856K, committed 1024K, reserved 1114112K
  class space    used 70K, committed 128K, reserved 1048576K
}
Event: 12.776 GC heap after
{Heap after GC invocations=1 (full 0):
 garbage-first heap   total 258048K, used 1594K [0x0000000600000000, 0x0000000800000000)
  region size 4096K, 1 young (4096K), 1 survivors (4096K)
 Metaspace       used 856K, committed 1024K, reserved 1114112K
  class space    used 70K, committed 128K, reserved 1048576K
}
Event: 34.272 GC heap before
{Heap before GC invocations=1 (full 0):
 garbage-first heap   total 258048K, used 46650K [0x0000000600000000, 0x0000000800000000)
  region size 4096K, 11 young (45056K), 1 survivors (4096K)
 Metaspace       used 4581K, committed 4800K, reserved 1114112K
  class space    used 583K, committed 704K, reserved 1048576K
}
Event: 34.281 GC heap after
{Heap after GC invocations=2 (full 0):
 garbage-first heap   total 258048K, used 11550K [0x0000000600000000, 0x0000000800000000)
  region size 4096K, 2 young (8192K), 2 survivors (8192K)
 Metaspace       used 4581K, committed 4800K, reserved 1114112K
  class space    used 583K, committed 704K, reserved 1048576K
}
Event: 130.805 GC heap before
{Heap before GC invocations=2 (full 0):
 garbage-first heap   total 258048K, used 150814K [0x0000000600000000, 0x0000000800000000)
  region size 4096K, 37 young (151552K), 2 survivors (8192K)
 Metaspace       used 20233K, committed 20864K, reserved 1114112K
  class space    used 2750K, committed 3072K, reserved 1048576K
}
Event: 130.884 GC heap after
{Heap after GC invocations=3 (full 0):
 garbage-first heap   total 258048K, used 23315K [0x0000000600000000, 0x0000000800000000)
  region size 4096K, 5 young (20480K), 5 survivors (20480K)
 Metaspace       used 20233K, committed 20864K, reserved 1114112K
  class space    used 2750K, committed 3072K, reserved 1048576K
}
Event: 131.306 GC heap before
{Heap before GC invocations=3 (full 0):
 garbage-first heap   total 258048K, used 27411K [0x0000000600000000, 0x0000000800000000)
  region size 4096K, 7 young (28672K), 5 survivors (20480K)
 Metaspace       used 20834K, committed 21504K, reserved 1114112K
  class space    used 2845K, committed 3200K, reserved 1048576K
}
Event: 131.332 GC heap after
{Heap after GC invocations=4 (full 0):
 garbage-first heap   total 258048K, used 25030K [0x0000000600000000, 0x0000000800000000)
  region size 4096K, 1 young (4096K), 1 survivors (4096K)
 Metaspace       used 20834K, committed 21504K, reserved 1114112K
  class space    used 2845K, committed 3200K, reserved 1048576K
}
Event: 137.258 GC heap before
{Heap before GC invocations=5 (full 0):
 garbage-first heap   total 98304K, used 94662K [0x0000000600000000, 0x0000000800000000)
  region size 4096K, 18 young (73728K), 1 survivors (4096K)
 Metaspace       used 29502K, committed 30656K, reserved 1114112K
  class space    used 4259K, committed 4800K, reserved 1048576K
}
Event: 137.263 GC heap after
{Heap after GC invocations=6 (full 0):
 garbage-first heap   total 102400K, used 26962K [0x0000000600000000, 0x0000000800000000)
  region size 4096K, 1 young (4096K), 1 survivors (4096K)
 Metaspace       used 29502K, committed 30656K, reserved 1114112K
  class space    used 4259K, committed 4800K, reserved 1048576K
}
Event: 138.544 GC heap before
{Heap before GC invocations=6 (full 0):
 garbage-first heap   total 102400K, used 63826K [0x0000000600000000, 0x0000000800000000)
  region size 4096K, 11 young (45056K), 1 survivors (4096K)
 Metaspace       used 34767K, committed 36096K, reserved 1114112K
  class space    used 4974K, committed 5632K, reserved 1048576K
}
Event: 138.552 GC heap after
{Heap after GC invocations=7 (full 0):
 garbage-first heap   total 102400K, used 29550K [0x0000000600000000, 0x0000000800000000)
  region size 4096K, 2 young (8192K), 2 survivors (8192K)
 Metaspace       used 34767K, committed 36096K, reserved 1114112K
  class space    used 4974K, committed 5632K, reserved 1048576K
}
Event: 138.638 GC heap before
{Heap before GC invocations=7 (full 0):
 garbage-first heap   total 102400K, used 29550K [0x0000000600000000, 0x0000000800000000)
  region size 4096K, 3 young (12288K), 2 survivors (8192K)
 Metaspace       used 35086K, committed 36416K, reserved 1114112K
  class space    used 5009K, committed 5696K, reserved 1048576K
}
Event: 138.643 GC heap after
{Heap after GC invocations=8 (full 0):
 garbage-first heap   total 102400K, used 30089K [0x0000000600000000, 0x0000000800000000)
  region size 4096K, 1 young (4096K), 1 survivors (4096K)
 Metaspace       used 35086K, committed 36416K, reserved 1114112K
  class space    used 5009K, committed 5696K, reserved 1048576K
}

Dll operation events (20 events):
Event: 6.204 Attempting to load shared library C:\Users\MypC\.vscode\extensions\redhat.java-1.56.0-win32-x64\jre\21.0.12.1-win32-x86_64\bin\nio.dll
Event: 6.204 Loaded shared library C:\Users\MypC\.vscode\extensions\redhat.java-1.56.0-win32-x64\jre\21.0.12.1-win32-x86_64\bin\nio.dll
Event: 6.210 Attempting to load shared library C:\Users\MypC\.vscode\extensions\redhat.java-1.56.0-win32-x64\jre\21.0.12.1-win32-x86_64\bin\zip.dll
Event: 6.210 Loaded shared library C:\Users\MypC\.vscode\extensions\redhat.java-1.56.0-win32-x64\jre\21.0.12.1-win32-x86_64\bin\zip.dll
Event: 13.057 Attempting to load shared library C:\Users\MypC\.vscode\extensions\redhat.java-1.56.0-win32-x64\jre\21.0.12.1-win32-x86_64\bin\jimage.dll
Event: 13.058 Loaded shared library C:\Users\MypC\.vscode\extensions\redhat.java-1.56.0-win32-x64\jre\21.0.12.1-win32-x86_64\bin\jimage.dll
Event: 15.871 Attempting to load shared library C:\Users\MypC\.vscode\extensions\redhat.java-1.56.0-win32-x64\jre\21.0.12.1-win32-x86_64\bin\verify.dll
Event: 15.876 Loaded shared library C:\Users\MypC\.vscode\extensions\redhat.java-1.56.0-win32-x64\jre\21.0.12.1-win32-x86_64\bin\verify.dll
Event: 15.997 Attempting to load shared library C:\Users\MypC\.gradle\native\660c5614fbf4a5f2a75b1949f50a0caf5cd603558e7d8a26e50b933a0cfb79d1\windows-amd64\native-platform.dll
Event: 16.002 Loaded shared library C:\Users\MypC\.gradle\native\660c5614fbf4a5f2a75b1949f50a0caf5cd603558e7d8a26e50b933a0cfb79d1\windows-amd64\native-platform.dll
Event: 16.033 Attempting to load shared library C:\Users\MypC\.gradle\native\0.2.8\x86_64-windows-gnu\gradle-fileevents.dll
Event: 16.037 Loaded shared library C:\Users\MypC\.gradle\native\0.2.8\x86_64-windows-gnu\gradle-fileevents.dll
Event: 67.862 Attempting to load shared library C:\Users\MypC\.vscode\extensions\redhat.java-1.56.0-win32-x64\jre\21.0.12.1-win32-x86_64\bin\management.dll
Event: 67.864 Loaded shared library C:\Users\MypC\.vscode\extensions\redhat.java-1.56.0-win32-x64\jre\21.0.12.1-win32-x86_64\bin\management.dll
Event: 67.867 Attempting to load shared library C:\Users\MypC\.vscode\extensions\redhat.java-1.56.0-win32-x64\jre\21.0.12.1-win32-x86_64\bin\management_ext.dll
Event: 67.869 Loaded shared library C:\Users\MypC\.vscode\extensions\redhat.java-1.56.0-win32-x64\jre\21.0.12.1-win32-x86_64\bin\management_ext.dll
Event: 76.720 Attempting to load shared library C:\Users\MypC\.vscode\extensions\redhat.java-1.56.0-win32-x64\jre\21.0.12.1-win32-x86_64\bin\extnet.dll
Event: 76.721 Loaded shared library C:\Users\MypC\.vscode\extensions\redhat.java-1.56.0-win32-x64\jre\21.0.12.1-win32-x86_64\bin\extnet.dll
Event: 80.131 Attempting to load shared library C:\Users\MypC\.vscode\extensions\redhat.java-1.56.0-win32-x64\jre\21.0.12.1-win32-x86_64\bin\sunmscapi.dll
Event: 80.140 Loaded shared library C:\Users\MypC\.vscode\extensions\redhat.java-1.56.0-win32-x64\jre\21.0.12.1-win32-x86_64\bin\sunmscapi.dll

Deoptimization events (20 events):
Event: 198.546 Thread 0x000001e638638df0 Uncommon trap: trap_request=0xffffffc6 fr.pc=0x000001e5904fd900 relative=0x0000000000001640
Event: 198.546 Thread 0x000001e638638df0 Uncommon trap: reason=bimorphic_or_optimized_type_check action=maybe_recompile pc=0x000001e5904fd900 method=java.io.DataInputStream.readFully([BII)V @ 30 c2
Event: 198.546 Thread 0x000001e638638df0 DEOPT PACKING pc=0x000001e5904fd900 sp=0x000000a7c3afde40
Event: 198.547 Thread 0x000001e638638df0 DEOPT UNPACKING pc=0x000001e58fd87ba2 sp=0x000000a7c3afde38 mode 2
Event: 198.977 Thread 0x000001e638638df0 Uncommon trap: trap_request=0xffffffc6 fr.pc=0x000001e590506f4c relative=0x0000000000000bcc
Event: 198.977 Thread 0x000001e638638df0 Uncommon trap: reason=bimorphic_or_optimized_type_check action=maybe_recompile pc=0x000001e590506f4c method=java.io.BufferedInputStream.implRead([BII)I @ 100 c2
Event: 198.977 Thread 0x000001e638638df0 DEOPT PACKING pc=0x000001e590506f4c sp=0x000000a7c3afdea0
Event: 198.977 Thread 0x000001e638638df0 DEOPT UNPACKING pc=0x000001e58fd87ba2 sp=0x000000a7c3afde68 mode 2
Event: 199.438 Thread 0x000001e638638df0 Uncommon trap: trap_request=0xffffffc6 fr.pc=0x000001e590506f4c relative=0x0000000000000bcc
Event: 199.438 Thread 0x000001e638638df0 Uncommon trap: reason=bimorphic_or_optimized_type_check action=maybe_recompile pc=0x000001e590506f4c method=java.io.BufferedInputStream.implRead([BII)I @ 100 c2
Event: 199.438 Thread 0x000001e638638df0 DEOPT PACKING pc=0x000001e590506f4c sp=0x000000a7c3afdea0
Event: 199.438 Thread 0x000001e638638df0 DEOPT UNPACKING pc=0x000001e58fd87ba2 sp=0x000000a7c3afde68 mode 2
Event: 200.496 Thread 0x000001e638638df0 Uncommon trap: trap_request=0xffffffc6 fr.pc=0x000001e590506f4c relative=0x0000000000000bcc
Event: 200.496 Thread 0x000001e638638df0 Uncommon trap: reason=bimorphic_or_optimized_type_check action=maybe_recompile pc=0x000001e590506f4c method=java.io.BufferedInputStream.implRead([BII)I @ 100 c2
Event: 200.496 Thread 0x000001e638638df0 DEOPT PACKING pc=0x000001e590506f4c sp=0x000000a7c3afdea0
Event: 200.496 Thread 0x000001e638638df0 DEOPT UNPACKING pc=0x000001e58fd87ba2 sp=0x000000a7c3afde68 mode 2
Event: 200.558 Thread 0x000001e638638df0 Uncommon trap: trap_request=0xffffffc6 fr.pc=0x000001e590506f4c relative=0x0000000000000bcc
Event: 200.558 Thread 0x000001e638638df0 Uncommon trap: reason=bimorphic_or_optimized_type_check action=maybe_recompile pc=0x000001e590506f4c method=java.io.BufferedInputStream.implRead([BII)I @ 100 c2
Event: 200.558 Thread 0x000001e638638df0 DEOPT PACKING pc=0x000001e590506f4c sp=0x000000a7c3afdea0
Event: 200.558 Thread 0x000001e638638df0 DEOPT UNPACKING pc=0x000001e58fd87ba2 sp=0x000000a7c3afde68 mode 2

Classes loaded (20 events):
Event: 138.813 Loading class java/security/CodeSigner
Event: 138.813 Loading class java/security/CodeSigner done
Event: 138.821 Loading class java/util/Collections$SynchronizedRandomAccessList
Event: 138.821 Loading class java/util/Collections$SynchronizedList
Event: 138.821 Loading class java/util/Collections$SynchronizedList done
Event: 138.821 Loading class java/util/Collections$SynchronizedRandomAccessList done
Event: 199.098 Loading class java/nio/charset/CharacterCodingException
Event: 199.099 Loading class java/nio/charset/CharacterCodingException done
Event: 227.645 Loading class java/nio/file/FileTreeWalker
Event: 227.646 Loading class java/nio/file/FileTreeWalker done
Event: 227.647 Loading class java/nio/file/FileTreeWalker$DirectoryNode
Event: 227.647 Loading class java/nio/file/FileTreeWalker$DirectoryNode done
Event: 227.647 Loading class java/nio/file/FileTreeWalker$Event
Event: 227.648 Loading class java/nio/file/FileTreeWalker$Event done
Event: 227.648 Loading class java/nio/file/FileTreeWalker$EventType
Event: 227.648 Loading class java/nio/file/FileTreeWalker$EventType done
Event: 227.648 Loading class java/nio/file/Files$3
Event: 227.648 Loading class java/nio/file/Files$3 done
Event: 227.661 Loading class java/nio/file/FileVisitResult
Event: 227.662 Loading class java/nio/file/FileVisitResult done

Classes unloaded (0 events):
No events

Classes redefined (0 events):
No events

Internal exceptions (20 events):
Event: 138.755 Thread 0x000001e6387b6140 Exception <a 'java/lang/IncompatibleClassChangeError'{0x000000060f9f2f18}: Found class java.lang.Object, but interface was expected> (0x000000060f9f2f18) 
thrown [s\src\hotspot\share\interpreter\linkResolver.cpp, line 840]
Event: 138.777 Thread 0x000001e6387b6140 Exception <a 'sun/nio/fs/WindowsException'{0x000000060fab8998}> (0x000000060fab8998) 
thrown [s\src\hotspot\share\prims\jni.cpp, line 520]
Event: 138.778 Thread 0x000001e6387b6140 Exception <a 'sun/nio/fs/WindowsException'{0x000000060faba6d8}> (0x000000060faba6d8) 
thrown [s\src\hotspot\share\prims\jni.cpp, line 520]
Event: 138.779 Thread 0x000001e6387b6140 Exception <a 'sun/nio/fs/WindowsException'{0x000000060fabbb98}> (0x000000060fabbb98) 
thrown [s\src\hotspot\share\prims\jni.cpp, line 520]
Event: 138.779 Thread 0x000001e6387b6140 Exception <a 'sun/nio/fs/WindowsException'{0x000000060fabcc90}> (0x000000060fabcc90) 
thrown [s\src\hotspot\share\prims\jni.cpp, line 520]
Event: 138.807 Thread 0x000001e6387b6140 Exception <a 'java/lang/NoSuchMethodError'{0x000000060fbc0190}: 'java.lang.Object java.lang.invoke.Invokers$Holder.invoker(java.lang.Object, java.lang.Object, java.lang.Object, java.lang.Object, java.lang.Object, java.lang.Object)'> (0x000000060fbc0190) 
thrown [s\src\hotspot\share\interpreter\linkResolver.cpp, line 773]
Event: 161.634 Thread 0x000001e6387b6140 Exception <a 'java/lang/NoSuchMethodError'{0x0000000605420a50}: 'java.lang.Object java.lang.invoke.DirectMethodHandle$Holder.invokeSpecial(java.lang.Object, java.lang.Object, java.lang.Object, java.lang.Object, java.lang.Object, java.lang.Object, java.lang.Object, java.lang.Object, java.lang.Object, java.lang.Object, java.lang.Object, java.lang.Object, java.lang.Object, java.lang.Object, java.lang.Object, java.lang.Object, java.lang.Object, java.lang.Object, java.lang.Object, java.lang.Object, java.lang.Ob
Event: 161.634 Thread 0x000001e6387b6140 Exception <a 'java/lang/NoSuchMethodError'{0x0000000605426ab8}: 'java.lang.Object java.lang.invoke.DelegatingMethodHandle$Holder.reinvoke_L(java.lang.Object, java.lang.Object, java.lang.Object, java.lang.Object, java.lang.Object, java.lang.Object, java.lang.Object, java.lang.Object, java.lang.Object, java.lang.Object, java.lang.Object, java.lang.Object, java.lang.Object, java.lang.Object, java.lang.Object, java.lang.Object, java.lang.Object, java.lang.Object, java.lang.Object, java.lang.Object, java.lang.O
Event: 161.634 Thread 0x000001e6387b6140 Exception <a 'java/lang/NoSuchMethodError'{0x0000000605431bc0}: 'java.lang.Object java.lang.invoke.Invokers$Holder.invoker(java.lang.Object, java.lang.Object, java.lang.Object, java.lang.Object, java.lang.Object, java.lang.Object, java.lang.Object, java.lang.Object, java.lang.Object, java.lang.Object, java.lang.Object, java.lang.Object, java.lang.Object, java.lang.Object, java.lang.Object, java.lang.Object, java.lang.Object, java.lang.Object, java.lang.Object, java.lang.Object, java.lang.Object, java.lang.
Event: 161.635 Thread 0x000001e6387b6140 Exception <a 'java/lang/NoSuchMethodError'{0x00000006054384d8}: 'java.lang.Object java.lang.invoke.DelegatingMethodHandle$Holder.delegate(java.lang.Object, java.lang.Object, java.lang.Object, java.lang.Object, java.lang.Object, java.lang.Object, java.lang.Object, java.lang.Object, java.lang.Object, java.lang.Object, java.lang.Object, java.lang.Object, java.lang.Object, java.lang.Object, java.lang.Object, java.lang.Object, java.lang.Object, java.lang.Object, java.lang.Object, java.lang.Object, java.lang.Obj
Event: 161.696 Thread 0x000001e6387b6140 Exception <a 'java/lang/NoSuchMethodError'{0x00000006056747f0}: 'java.lang.Object java.lang.invoke.DirectMethodHandle$Holder.newInvokeSpecial(java.lang.Object, java.lang.Object, java.lang.Object, java.lang.Object, java.lang.Object, java.lang.Object, int)'> (0x00000006056747f0) 
thrown [s\src\hotspot\share\interpreter\linkResolver.cpp, line 773]
Event: 161.696 Thread 0x000001e6387b6140 Exception <a 'java/lang/NoSuchMethodError'{0x0000000605679778}: 'java.lang.Object java.lang.invoke.DirectMethodHandle$Holder.invokeSpecial(java.lang.Object, java.lang.Object, java.lang.Object, java.lang.Object, java.lang.Object, java.lang.Object, java.lang.Object, int)'> (0x0000000605679778) 
thrown [s\src\hotspot\share\interpreter\linkResolver.cpp, line 773]
Event: 161.895 Thread 0x000001e6387b6140 Exception <a 'java/lang/IncompatibleClassChangeError'{0x0000000603bc4118}: Found class java.lang.Object, but interface was expected> (0x0000000603bc4118) 
thrown [s\src\hotspot\share\interpreter\linkResolver.cpp, line 840]
Event: 161.919 Thread 0x000001e6387b6140 Exception <a 'java/lang/NoSuchMethodError'{0x0000000603498d38}: 'java.lang.Object java.lang.invoke.DirectMethodHandle$Holder.newInvokeSpecial(java.lang.Object, java.lang.Object, long)'> (0x0000000603498d38) 
thrown [s\src\hotspot\share\interpreter\linkResolver.cpp, line 773]
Event: 161.919 Thread 0x000001e6387b6140 Exception <a 'java/lang/NoSuchMethodError'{0x000000060349d320}: 'java.lang.Object java.lang.invoke.Invokers$Holder.linkToTargetMethod(java.lang.Object, long, java.lang.Object)'> (0x000000060349d320) 
thrown [s\src\hotspot\share\interpreter\linkResolver.cpp, line 773]
Event: 198.407 Thread 0x000001e638638df0 Implicit null exception at 0x000001e5904668e1 to 0x000001e590466f7c
Event: 198.545 Thread 0x000001e638638df0 Implicit null exception at 0x000001e590503634 to 0x000001e5905048b4
Event: 199.355 Thread 0x000001e6387b6140 Exception <a 'java/lang/NoSuchMethodError'{0x00000006032c5ca8}: 'int java.lang.invoke.DirectMethodHandle$Holder.invokeInterface(java.lang.Object, java.lang.Object)'> (0x00000006032c5ca8) 
thrown [s\src\hotspot\share\interpreter\linkResolver.cpp, line 773]
Event: 201.204 Thread 0x000001e6387b6140 Exception <a 'java/lang/NoSuchMethodError'{0x00000006033e74d0}: 'java.lang.Object java.lang.invoke.DirectMethodHandle$Holder.newInvokeSpecial(java.lang.Object, java.lang.Object, int, java.lang.Object, java.lang.Object, java.lang.Object, java.lang.Object)'> (0x00000006033e74d0) 
thrown [s\src\hotspot\share\interpreter\linkResolver.cpp, line 773]
Event: 201.206 Thread 0x000001e6387b6140 Exception <a 'java/lang/NoSuchMethodError'{0x00000006033efd00}: 'java.lang.Object java.lang.invoke.Invokers$Holder.linkToTargetMethod(java.lang.Object, int, java.lang.Object, java.lang.Object, java.lang.Object, java.lang.Object, java.lang.Object)'> (0x00000006033efd00) 
thrown [s\src\hotspot\share\interpreter\linkResolver.cpp, line 773]

ZGC Phase Switch (0 events):
No events

VM Operations (20 events):
Event: 192.371 Executing safepoint VM operation: Cleanup
Event: 192.371 Executing safepoint VM operation: Cleanup done
Event: 193.372 Executing safepoint VM operation: Cleanup
Event: 193.469 Executing safepoint VM operation: Cleanup done
Event: 194.470 Executing safepoint VM operation: Cleanup
Event: 194.477 Executing safepoint VM operation: Cleanup done
Event: 197.048 Executing non-safepoint VM operation: HandshakeAllThreads (Deoptimize)
Event: 197.049 Executing non-safepoint VM operation: HandshakeAllThreads (Deoptimize) done
Event: 197.920 Executing non-safepoint VM operation: HandshakeAllThreads (Deoptimize)
Event: 197.920 Executing non-safepoint VM operation: HandshakeAllThreads (Deoptimize) done
Event: 199.926 Executing safepoint VM operation: Cleanup
Event: 199.927 Executing safepoint VM operation: Cleanup done
Event: 200.937 Executing safepoint VM operation: Cleanup
Event: 200.937 Executing safepoint VM operation: Cleanup done
Event: 201.942 Executing safepoint VM operation: Cleanup
Event: 202.001 Executing safepoint VM operation: Cleanup done
Event: 203.010 Executing safepoint VM operation: Cleanup
Event: 203.010 Executing safepoint VM operation: Cleanup done
Event: 210.068 Executing safepoint VM operation: Cleanup
Event: 210.068 Executing safepoint VM operation: Cleanup done

Memory protections (0 events):
No events

Nmethod flushes (20 events):
Event: 138.669 Thread 0x000001e5ef0bd4f0 flushing  nmethod 0x000001e5802bc190
Event: 138.669 Thread 0x000001e5ef0bd4f0 flushing  nmethod 0x000001e580353290
Event: 138.669 Thread 0x000001e5ef0bd4f0 flushing  nmethod 0x000001e580353f10
Event: 138.669 Thread 0x000001e5ef0bd4f0 flushing  nmethod 0x000001e580354d10
Event: 138.669 Thread 0x000001e5ef0bd4f0 flushing  nmethod 0x000001e580355410
Event: 138.669 Thread 0x000001e5ef0bd4f0 flushing  nmethod 0x000001e580358510
Event: 138.669 Thread 0x000001e5ef0bd4f0 flushing  nmethod 0x000001e5803a6d10
Event: 138.669 Thread 0x000001e5ef0bd4f0 flushing  nmethod 0x000001e5803a9410
Event: 138.669 Thread 0x000001e5ef0bd4f0 flushing  nmethod 0x000001e580438510
Event: 138.669 Thread 0x000001e5ef0bd4f0 flushing  nmethod 0x000001e580438a90
Event: 138.669 Thread 0x000001e5ef0bd4f0 flushing  nmethod 0x000001e580441f90
Event: 138.669 Thread 0x000001e5ef0bd4f0 flushing  nmethod 0x000001e580442a90
Event: 138.669 Thread 0x000001e5ef0bd4f0 flushing  nmethod 0x000001e58046cf90
Event: 138.669 Thread 0x000001e5ef0bd4f0 flushing  nmethod 0x000001e58046f810
Event: 138.669 Thread 0x000001e5ef0bd4f0 flushing  nmethod 0x000001e580470210
Event: 138.669 Thread 0x000001e5ef0bd4f0 flushing  nmethod 0x000001e580471610
Event: 138.669 Thread 0x000001e5ef0bd4f0 flushing  nmethod 0x000001e580472e90
Event: 138.669 Thread 0x000001e5ef0bd4f0 flushing  nmethod 0x000001e58053b110
Event: 138.669 Thread 0x000001e5ef0bd4f0 flushing  nmethod 0x000001e5805b5190
Event: 138.669 Thread 0x000001e5ef0bd4f0 flushing  nmethod 0x000001e5805ec690

Events (20 events):
Event: 80.672 Thread 0x000001e5f1aa9610 Thread added: 0x000001e5f1aa9c80
Event: 81.610 Thread 0x000001e5f1aa9610 Thread added: 0x000001e6383ab010
Event: 82.074 Thread 0x000001e5f1aa9610 Thread added: 0x000001e6387b6140
Event: 82.126 Thread 0x000001e6387b6140 Thread added: 0x000001e638637a40
Event: 82.139 Thread 0x000001e6387b6140 Thread added: 0x000001e638639b10
Event: 82.173 Thread 0x000001e6387b6140 Thread added: 0x000001e6386380d0
Event: 83.595 Thread 0x000001e6387b6140 Thread added: 0x000001e638638760
Event: 83.696 Thread 0x000001e6387b6140 Thread added: 0x000001e63863a1a0
Event: 84.298 Thread 0x000001e5f1980240 Thread added: 0x000001e638db1530
Event: 84.575 Thread 0x000001e638db1530 Thread exited: 0x000001e638db1530
Event: 86.861 Thread 0x000001e6387b6140 Thread added: 0x000001e638638df0
Event: 87.480 Thread 0x000001e63863a1a0 Thread added: 0x000001e638636d20
Event: 134.891 Thread 0x000001e6387b6140 Thread added: 0x000001e6390b5100
Event: 135.013 Thread 0x000001e6387b6140 Thread added: 0x000001e6390b64b0
Event: 136.575 Thread 0x000001e6387b6140 Thread added: 0x000001e6390b3030
Event: 136.661 Thread 0x000001e6387b6140 Thread added: 0x000001e6390b6b40
Event: 137.039 Thread 0x000001e6387b6140 Thread added: 0x000001e6390b5790
Event: 137.152 Thread 0x000001e6387b6140 Thread added: 0x000001e6390b4a70
Event: 137.775 Thread 0x000001e6387b6140 Thread added: 0x000001e6390b5e20
Event: 137.897 Thread 0x000001e6387b6140 Thread added: 0x000001e6390b36c0


Dynamic libraries:
0x00007ff749e80000 - 0x00007ff749e8e000 	C:\Users\MypC\.vscode\extensions\redhat.java-1.56.0-win32-x64\jre\21.0.12.1-win32-x86_64\bin\java.exe
0x00007ffe52740000 - 0x00007ffe529a7000 	C:\WINDOWS\SYSTEM32\ntdll.dll
0x00007ffe51940000 - 0x00007ffe51a0b000 	C:\WINDOWS\System32\KERNEL32.DLL
0x00007ffe4fe00000 - 0x00007ffe50201000 	C:\WINDOWS\System32\KERNELBASE.dll
0x00007ffe4f9f0000 - 0x00007ffe4fb3c000 	C:\WINDOWS\System32\ucrtbase.dll
0x00007ffe31d40000 - 0x00007ffe31d58000 	C:\Users\MypC\.vscode\extensions\redhat.java-1.56.0-win32-x64\jre\21.0.12.1-win32-x86_64\bin\jli.dll
0x00007ffe51c70000 - 0x00007ffe51e47000 	C:\WINDOWS\System32\USER32.dll
0x00007ffe4fb50000 - 0x00007ffe4fb77000 	C:\WINDOWS\System32\win32u.dll
0x00007ffe50ef0000 - 0x00007ffe50f1b000 	C:\WINDOWS\System32\GDI32.dll
0x00007ffe4fc40000 - 0x00007ffe4fd68000 	C:\WINDOWS\System32\gdi32full.dll
0x00007ffe4f940000 - 0x00007ffe4f9e3000 	C:\WINDOWS\System32\msvcp_win.dll
0x00007ffe459f0000 - 0x00007ffe45a0e000 	C:\Users\MypC\.vscode\extensions\redhat.java-1.56.0-win32-x64\jre\21.0.12.1-win32-x86_64\bin\VCRUNTIME140.dll
0x00007ffe39020000 - 0x00007ffe392b0000 	C:\WINDOWS\WinSxS\amd64_microsoft.windows.common-controls_6595b64144ccf1df_6.0.26100.9549_none_3e0a0396e3330090\COMCTL32.dll
0x00007ffe50720000 - 0x00007ffe507c9000 	C:\WINDOWS\System32\msvcrt.dll
0x00007ffe50d10000 - 0x00007ffe50d41000 	C:\WINDOWS\System32\IMM32.DLL
0x00007ffe32ca0000 - 0x00007ffe32cac000 	C:\Users\MypC\.vscode\extensions\redhat.java-1.56.0-win32-x64\jre\21.0.12.1-win32-x86_64\bin\vcruntime140_1.dll
0x00007ffe0f9f0000 - 0x00007ffe0fa7d000 	C:\Users\MypC\.vscode\extensions\redhat.java-1.56.0-win32-x64\jre\21.0.12.1-win32-x86_64\bin\msvcp140.dll
0x00007ffda53c0000 - 0x00007ffda6162000 	C:\Users\MypC\.vscode\extensions\redhat.java-1.56.0-win32-x64\jre\21.0.12.1-win32-x86_64\bin\server\jvm.dll
0x00007ffe51aa0000 - 0x00007ffe51b5b000 	C:\WINDOWS\System32\ADVAPI32.dll
0x00007ffe504c0000 - 0x00007ffe50568000 	C:\WINDOWS\System32\sechost.dll
0x00007ffe51820000 - 0x00007ffe51938000 	C:\WINDOWS\System32\RPCRT4.dll
0x00007ffe51fe0000 - 0x00007ffe52061000 	C:\WINDOWS\System32\WS2_32.dll
0x00007ffe4f7b0000 - 0x00007ffe4f80e000 	C:\WINDOWS\SYSTEM32\POWRPROF.dll
0x00007ffe45e90000 - 0x00007ffe45ec7000 	C:\WINDOWS\SYSTEM32\WINMM.dll
0x00007ffe45c60000 - 0x00007ffe45c6b000 	C:\WINDOWS\SYSTEM32\VERSION.dll
0x00007ffe4f790000 - 0x00007ffe4f7a5000 	C:\WINDOWS\SYSTEM32\UMPDC.dll
0x00007ffe4e5c0000 - 0x00007ffe4e5db000 	C:\WINDOWS\SYSTEM32\kernel.appcore.dll
0x00007ffe324f0000 - 0x00007ffe324fa000 	C:\Users\MypC\.vscode\extensions\redhat.java-1.56.0-win32-x64\jre\21.0.12.1-win32-x86_64\bin\jimage.dll
0x00007ffe4cce0000 - 0x00007ffe4cf2c000 	C:\WINDOWS\SYSTEM32\DBGHELP.DLL
0x00007ffe50850000 - 0x00007ffe50bda000 	C:\WINDOWS\System32\combase.dll
0x00007ffe50be0000 - 0x00007ffe50cb9000 	C:\WINDOWS\System32\OLEAUT32.dll
0x00007ffe49130000 - 0x00007ffe4916b000 	C:\WINDOWS\SYSTEM32\dbgcore.DLL
0x00007ffe50210000 - 0x00007ffe502bc000 	C:\WINDOWS\System32\bcryptPrimitives.dll
0x00007ffe312d0000 - 0x00007ffe312df000 	C:\Users\MypC\.vscode\extensions\redhat.java-1.56.0-win32-x64\jre\21.0.12.1-win32-x86_64\bin\instrument.dll
0x00007ffe31480000 - 0x00007ffe314a0000 	C:\Users\MypC\.vscode\extensions\redhat.java-1.56.0-win32-x64\jre\21.0.12.1-win32-x86_64\bin\java.dll
0x00007ffe51060000 - 0x00007ffe517fc000 	C:\WINDOWS\System32\SHELL32.dll
0x00007ffe4d350000 - 0x00007ffe4dbfd000 	C:\WINDOWS\SYSTEM32\windows.storage.dll
0x00007ffe51e50000 - 0x00007ffe51f49000 	C:\WINDOWS\System32\SHCORE.dll
0x00007ffe50ff0000 - 0x00007ffe51056000 	C:\WINDOWS\System32\shlwapi.dll
0x00007ffe4f850000 - 0x00007ffe4f879000 	C:\WINDOWS\SYSTEM32\profapi.dll
0x00007ffe28060000 - 0x00007ffe28078000 	C:\Users\MypC\.vscode\extensions\redhat.java-1.56.0-win32-x64\jre\21.0.12.1-win32-x86_64\bin\zip.dll
0x00007ffe321f0000 - 0x00007ffe32200000 	C:\Users\MypC\.vscode\extensions\redhat.java-1.56.0-win32-x64\jre\21.0.12.1-win32-x86_64\bin\net.dll
0x00007ffe48690000 - 0x00007ffe487ba000 	C:\WINDOWS\SYSTEM32\WINHTTP.dll
0x00007ffe4eba0000 - 0x00007ffe4ec0c000 	C:\WINDOWS\system32\mswsock.dll
0x00007ffe0c940000 - 0x00007ffe0c956000 	C:\Users\MypC\.vscode\extensions\redhat.java-1.56.0-win32-x64\jre\21.0.12.1-win32-x86_64\bin\nio.dll
0x00007ffe2cfe0000 - 0x00007ffe2cff0000 	C:\Users\MypC\.vscode\extensions\redhat.java-1.56.0-win32-x64\jre\21.0.12.1-win32-x86_64\bin\verify.dll
0x00007ffe0a340000 - 0x00007ffe0a367000 	C:\Users\MypC\.gradle\native\660c5614fbf4a5f2a75b1949f50a0caf5cd603558e7d8a26e50b933a0cfb79d1\windows-amd64\native-platform.dll
0x00007ffddafb0000 - 0x00007ffddb027000 	C:\Users\MypC\.gradle\native\0.2.8\x86_64-windows-gnu\gradle-fileevents.dll
0x00007ffe07700000 - 0x00007ffe0770a000 	C:\Users\MypC\.vscode\extensions\redhat.java-1.56.0-win32-x64\jre\21.0.12.1-win32-x86_64\bin\management.dll
0x00007ffe04950000 - 0x00007ffe0495c000 	C:\Users\MypC\.vscode\extensions\redhat.java-1.56.0-win32-x64\jre\21.0.12.1-win32-x86_64\bin\management_ext.dll
0x00007ffe51810000 - 0x00007ffe51818000 	C:\WINDOWS\System32\PSAPI.DLL
0x00007ffe4df60000 - 0x00007ffe4df93000 	C:\WINDOWS\SYSTEM32\IPHLPAPI.DLL
0x00007ffe51b60000 - 0x00007ffe51b6a000 	C:\WINDOWS\System32\NSI.dll
0x00007ffe0c580000 - 0x00007ffe0c589000 	C:\Users\MypC\.vscode\extensions\redhat.java-1.56.0-win32-x64\jre\21.0.12.1-win32-x86_64\bin\extnet.dll
0x00007ffe4ee90000 - 0x00007ffe4eeab000 	C:\WINDOWS\SYSTEM32\CRYPTSP.dll
0x00007ffe4e520000 - 0x00007ffe4e559000 	C:\WINDOWS\system32\rsaenh.dll
0x00007ffe4ec50000 - 0x00007ffe4ec84000 	C:\WINDOWS\SYSTEM32\USERENV.dll
0x00007ffe4f820000 - 0x00007ffe4f84a000 	C:\WINDOWS\SYSTEM32\bcrypt.dll
0x00007ffe4eeb0000 - 0x00007ffe4eebc000 	C:\WINDOWS\SYSTEM32\CRYPTBASE.dll
0x00007ffe29750000 - 0x00007ffe2975e000 	C:\Users\MypC\.vscode\extensions\redhat.java-1.56.0-win32-x64\jre\21.0.12.1-win32-x86_64\bin\sunmscapi.dll
0x00007ffe502d0000 - 0x00007ffe5044f000 	C:\WINDOWS\System32\CRYPT32.dll
0x00007ffe4f0f0000 - 0x00007ffe4f120000 	C:\WINDOWS\SYSTEM32\ncrypt.dll
0x00007ffe4f0a0000 - 0x00007ffe4f0df000 	C:\WINDOWS\SYSTEM32\NTASN1.dll
0x00007ffe4bf40000 - 0x00007ffe4bf48000 	C:\WINDOWS\system32\wshunix.dll

JVMTI agents:
C:\Users\MypC\.gradle\wrapper\dists\gradle-9.3.1-all\9ot9r568e8zfvvd4mn8rbu1j0\gradle-9.3.1\lib\agents\gradle-instrumentation-agent-9.3.1.jar path:C:\Users\MypC\.vscode\extensions\redhat.java-1.56.0-win32-x64\jre\21.0.12.1-win32-x86_64\bin\instrument.dll, loaded, initialized, instrumentlib options:none

dbghelp: loaded successfully - version: 4.0.5 - missing functions: none
symbol engine: initialized successfully - sym options: 0x614 - pdb path: .;C:\Users\MypC\.vscode\extensions\redhat.java-1.56.0-win32-x64\jre\21.0.12.1-win32-x86_64\bin;C:\WINDOWS\SYSTEM32;C:\WINDOWS\WinSxS\amd64_microsoft.windows.common-controls_6595b64144ccf1df_6.0.26100.9549_none_3e0a0396e3330090;C:\Users\MypC\.vscode\extensions\redhat.java-1.56.0-win32-x64\jre\21.0.12.1-win32-x86_64\bin\server;C:\Users\MypC\.gradle\native\660c5614fbf4a5f2a75b1949f50a0caf5cd603558e7d8a26e50b933a0cfb79d1\windows-amd64;C:\Users\MypC\.gradle\native\0.2.8\x86_64-windows-gnu

VM Arguments:
jvm_args: --add-opens=java.base/java.lang=ALL-UNNAMED --add-opens=java.base/java.lang.invoke=ALL-UNNAMED --add-opens=java.base/java.util=ALL-UNNAMED --add-opens=java.prefs/java.util.prefs=ALL-UNNAMED --add-exports=jdk.compiler/com.sun.tools.javac.api=ALL-UNNAMED --add-exports=jdk.compiler/com.sun.tools.javac.util=ALL-UNNAMED --add-opens=java.base/java.util=ALL-UNNAMED --add-opens=java.prefs/java.util.prefs=ALL-UNNAMED --add-opens=java.base/java.nio.charset=ALL-UNNAMED --add-opens=java.base/java.net=ALL-UNNAMED --add-opens=java.base/java.util.concurrent=ALL-UNNAMED --add-opens=java.base/java.util.concurrent.atomic=ALL-UNNAMED --add-opens=java.xml/javax.xml.namespace=ALL-UNNAMED --add-opens=java.base/java.time=ALL-UNNAMED -XX:MaxMetaspaceSize=4G -XX:ReservedCodeCacheSize=512m -XX:+HeapDumpOnOutOfMemoryError -Xmx8G -Dfile.encoding=UTF-8 -Duser.country=US -Duser.language=en -Duser.variant -javaagent:C:\Users\MypC\.gradle\wrapper\dists\gradle-9.3.1-all\9ot9r568e8zfvvd4mn8rbu1j0\gradle-9.3.1\lib\agents\gradle-instrumentation-agent-9.3.1.jar 
java_command: org.gradle.launcher.daemon.bootstrap.GradleDaemon 9.3.1
java_class_path (initial): C:\Users\MypC\.gradle\wrapper\dists\gradle-9.3.1-all\9ot9r568e8zfvvd4mn8rbu1j0\gradle-9.3.1\lib\gradle-daemon-main-9.3.1.jar
Launcher Type: SUN_STANDARD

[Global flags]
     intx CICompilerCount                          = 4                                         {product} {ergonomic}
     uint ConcGCThreads                            = 2                                         {product} {ergonomic}
     uint G1ConcRefinementThreads                  = 8                                         {product} {ergonomic}
   size_t G1HeapRegionSize                         = 4194304                                   {product} {ergonomic}
    uintx GCDrainStackTargetSize                   = 64                                        {product} {ergonomic}
     bool HeapDumpOnOutOfMemoryError               = true                                   {manageable} {command line}
   size_t InitialHeapSize                          = 264241152                                 {product} {ergonomic}
   size_t MarkStackSize                            = 4194304                                   {product} {ergonomic}
   size_t MaxHeapSize                              = 8589934592                                {product} {command line}
   size_t MaxMetaspaceSize                         = 4294967296                                {product} {command line}
   size_t MaxNewSize                               = 5150605312                                {product} {ergonomic}
   size_t MinHeapDeltaBytes                        = 4194304                                   {product} {ergonomic}
   size_t MinHeapSize                              = 8388608                                   {product} {ergonomic}
    uintx NonNMethodCodeHeapSize                   = 5839372                                {pd product} {ergonomic}
    uintx NonProfiledCodeHeapSize                  = 265515770                              {pd product} {ergonomic}
    uintx ProfiledCodeHeapSize                     = 265515770                              {pd product} {ergonomic}
    uintx ReservedCodeCacheSize                    = 536870912                              {pd product} {command line}
     bool SegmentedCodeCache                       = true                                      {product} {ergonomic}
   size_t SoftMaxHeapSize                          = 8589934592                             {manageable} {ergonomic}
     bool UseCompressedOops                        = true                           {product lp64_product} {ergonomic}
     bool UseG1GC                                  = true                                      {product} {ergonomic}
     bool UseLargePagesIndividualAllocation        = false                                  {pd product} {ergonomic}

Logging:
Log output configuration:
 #0: stdout all=warning uptime,level,tags foldmultilines=false
 #1: stderr all=off uptime,level,tags foldmultilines=false

Release file:
JAVA_VERSION="21.0.12.1" 
MODULES="java.base java.compiler java.datatransfer java.xml java.prefs java.desktop java.instrument java.logging java.management java.security.sasl java.naming java.rmi java.management.rmi java.net.http java.scripting java.security.jgss java.transaction.xa java.sql java.sql.rowset java.xml.crypto java.se java.smartcardio jdk.accessibility jdk.internal.jvmstat jdk.attach jdk.charsets jdk.internal.opt jdk.zipfs jdk.compiler jdk.crypto.ec jdk.crypto.cryptoki jdk.crypto.mscapi jdk.dynalink jdk.internal.ed jdk.editpad jdk.hotspot.agent jdk.httpserver jdk.internal.le jdk.internal.vm.ci jdk.internal.vm.compiler jdk.internal.vm.compiler.management jdk.jartool jdk.javadoc jdk.jcmd jdk.management jdk.management.agent jdk.jconsole jdk.jdeps jdk.jdwp.agent jdk.jdi jdk.jfr jdk.jshell jdk.jsobject jdk.jstatd jdk.localedata jdk.management.jfr jdk.naming.dns jdk.naming.rmi jdk.net jdk.nio.mapmode jdk.random jdk.sctp jdk.security.auth jdk.security.jgss jdk.unsupported jdk.unsupported.desktop jdk.xml.dom" 

Environment Variables:
JAVA_HOME=C:\Users\MypC\AppData\Local\Programs\Eclipse Adoptium\jdk-17.0.20.101-hotspot\
PATH=C:\Program Files (x86)\VMware\VMware Workstation\bin\;C:\WINDOWS\system32;C:\WINDOWS;C:\WINDOWS\System32\Wbem;C:\WINDOWS\System32\WindowsPowerShell\v1.0\;C:\WINDOWS\System32\OpenSSH\;C:\Program Files\dotnet\;C:\Program Files\Microsoft SQL Server\Client SDK\ODBC\110\Tools\Binn\;C:\Program Files (x86)\Microsoft SQL Server\120\Tools\Binn\;C:\Program Files\Microsoft SQL Server\120\Tools\Binn\;C:\Program Files\Microsoft SQL Server\120\DTS\Binn\;C:\Program Files (x86)\Microsoft SQL Server\160\Tools\Binn\;C:\Program Files\Microsoft SQL Server\160\Tools\Binn\;C:\Program Files\Microsoft SQL Server\Client SDK\ODBC\170\Tools\Binn\;C:\Program Files\Microsoft SQL Server\160\DTS\Binn\;C:\Program Files (x86)\Microsoft SQL Server\120\Tools\Binn\ManagementStudio\;C:\Program Files (x86)\Microsoft SQL Server\120\DTS\Binn\;C:\Program Files\Microsoft SQL Server\150\Tools\Binn\;C:\Program Files\Microsoft SQL Server\170\Tools\Binn\;C:\ProgramData\chocolatey\bin;C:\Program Files\Git\cmd;F:\MypC\Program Files\nodejs\;F:\src\flutter\bin;C:\Program Files (x86)\Windows Kits\10\Windows Performance Toolkit\;C:\Users\MypC\AppData\Local\Programs\Eclipse Adoptium\jdk-17.0.20.101-hotspot\bin;C:\Users\MypC\AppData\Local\Programs\Python\Python312\Scripts\;C:\Users\MypC\AppData\Local\Programs\Python\Python312\;C:\Users\MypC\AppData\Local\Programs\Python\Launcher\;C:\Users\MypC\AppData\Local\Microsoft\WindowsApps;C:\Users\MypC\.dotnet\tools;C:\Users\MypC\AppData\Local\Programs\Microsoft VS Code\bin;C:\Users\MypC\AppData\Local\Programs\Antigravity\bin;C:\Users\MypC\AppData\Local\Programs\cursor\resources\app\bin;C:\Users\MypC\AppData\Local\Programs\Kiro\bin;C:\Users\MypC\AppData\Local\Programs\Antigravity IDE\bin;F:\tools\dart-sdk\bin;C:\Users\MypC\AppData\Local\Pub\Cache\bin;C:\Users\MypC\AppData\Roaming\npm
USERNAME=MypC
OS=Windows_NT
PROCESSOR_IDENTIFIER=Intel64 Family 6 Model 140 Stepping 1, GenuineIntel
TMP=C:\Users\MypC\AppData\Local\Temp
TEMP=C:\Users\MypC\AppData\Local\Temp




Periodic native trim disabled

---------------  S Y S T E M  ---------------

OS:
 Windows 11 , 64 bit Build 26100 (10.0.26100.9549)
OS uptime: 1 days 17:59 hours
Hyper-V role detected

CPU: total 8 (initial active 8) (4 cores per cpu, 2 threads per core) family 6 model 140 stepping 1 microcode 0xbe, cx8, cmov, fxsr, ht, mmx, 3dnowpref, sse, sse2, sse3, ssse3, sse4.1, sse4.2, popcnt, lzcnt, tsc, tscinvbit, avx, avx2, aes, erms, clmul, bmi1, bmi2, adx, avx512f, avx512dq, avx512cd, avx512bw, avx512vl, sha, fma, vzeroupper, avx512_vpopcntdq, avx512_vpclmulqdq, avx512_vaes, avx512_vnni, clflush, clflushopt, clwb, avx512_vbmi2, avx512_vbmi, hv, rdtscp, rdpid, fsrm, gfni, avx512_bitalg, f16c, cet_ibt, cet_ss, avx512_ifma
Processor Information for the first 8 processors :
  Max Mhz: 2419, Current Mhz: 2419, Mhz Limit: 2419

Memory: 4k page, system-wide physical 16106M (339M free)
TotalPageFile size 47356M (AvailPageFile size 347M)
current process WorkingSet (physical memory assigned to process): 68M, peak: 236M
current process commit charge ("private bytes"): 267M, peak: 414M

vm_info: OpenJDK 64-Bit Server VM (21.0.12.1+1-LTS) for windows-amd64 JRE (21.0.12.1+1-LTS), built on 2026-08-18T00:00:00Z by "admin" with MS VC++ 17.12 (VS2022)

END.
