#
# There is insufficient memory for the Java Runtime Environment to continue.
# Native memory allocation (malloc) failed to allocate 517984 bytes. Error detail: Chunk::new
# Possible reasons:
#   The system is out of physical RAM or swap space
#   This process is running with CompressedOops enabled, and the Java Heap may be blocking the growth of the native heap
# Possible solutions:
#   Reduce memory load on the system
#   Increase physical memory or swap space
#   Check if swap backing store is full
#   Decrease Java heap size (-Xmx/-Xms)
#   Decrease number of Java threads
#   Decrease Java thread stack sizes (-Xss)
#   Set larger code cache with -XX:ReservedCodeCacheSize=
#   JVM is running with Zero Based Compressed Oops mode in which the Java heap is
#     placed in the first 32GB address space. The Java Heap base address is the
#     maximum limit for the native heap growth. Please use -XX:HeapBaseMinAddress
#     to set the Java Heap base and to place the Java Heap above 32GB virtual address.
# This output file may be truncated or incomplete.
#
#  Out of Memory Error (arena.cpp:168), pid=24048, tid=15264
#
# JRE version: OpenJDK Runtime Environment Temurin-21.0.12.1+1 (21.0.12.1+1) (build 21.0.12.1+1-LTS)
# Java VM: OpenJDK 64-Bit Server VM Temurin-21.0.12.1+1 (21.0.12.1+1-LTS, mixed mode, sharing, tiered, compressed oops, compressed class ptrs, g1 gc, windows-amd64)
# No core dump will be written. Minidumps are not enabled by default on client versions of Windows
#

---------------  S U M M A R Y ------------

Command Line: --add-opens=java.base/java.lang=ALL-UNNAMED --add-opens=java.base/java.lang.invoke=ALL-UNNAMED --add-opens=java.base/java.util=ALL-UNNAMED --add-opens=java.prefs/java.util.prefs=ALL-UNNAMED --add-exports=jdk.compiler/com.sun.tools.javac.api=ALL-UNNAMED --add-exports=jdk.compiler/com.sun.tools.javac.util=ALL-UNNAMED --add-opens=java.base/java.util=ALL-UNNAMED --add-opens=java.prefs/java.util.prefs=ALL-UNNAMED --add-opens=java.base/java.nio.charset=ALL-UNNAMED --add-opens=java.base/java.net=ALL-UNNAMED --add-opens=java.base/java.util.concurrent=ALL-UNNAMED --add-opens=java.base/java.util.concurrent.atomic=ALL-UNNAMED --add-opens=java.xml/javax.xml.namespace=ALL-UNNAMED --add-opens=java.base/java.time=ALL-UNNAMED -XX:MaxMetaspaceSize=4G -XX:ReservedCodeCacheSize=512m -XX:+HeapDumpOnOutOfMemoryError -Xmx8G -Dfile.encoding=UTF-8 -Duser.country=US -Duser.language=en -Duser.variant -javaagent:C:\Users\MypC\.gradle\wrapper\dists\gradle-9.3.1-all\9ot9r568e8zfvvd4mn8rbu1j0\gradle-9.3.1\lib\agents\gradle-instrumentation-agent-9.3.1.jar org.gradle.launcher.daemon.bootstrap.GradleDaemon 9.3.1

Host: 11th Gen Intel(R) Core(TM) i5-1135G7 @ 2.40GHz, 8 cores, 15G,  Windows 11 , 64 bit Build 26100 (10.0.26100.9549)
Time: Sat Sep 26 13:11:51 2026 SE Asia Standard Time elapsed time: 317.721997 seconds (0d 0h 5m 17s)

---------------  T H R E A D  ---------------

Current thread (0x0000025678eb6bc0):  JavaThread "C2 CompilerThread0" daemon [_thread_in_native, id=15264, stack(0x000000633c200000,0x000000633c300000) (1024K)]


Current CompileTask:
C2:317722 3952       4       java.net.URLStreamHandler::toExternalForm (156 bytes)

Stack: [0x000000633c200000,0x000000633c300000]
Native frames: (J=compiled Java code, j=interpreted, Vv=VM code, C=native code)
V  [jvm.dll+0x6d83e9]
V  [jvm.dll+0x8b5736]
V  [jvm.dll+0x8b7cee]
V  [jvm.dll+0x8b83d3]
V  [jvm.dll+0x284596]
V  [jvm.dll+0xc685d]
V  [jvm.dll+0xc6da1]
V  [jvm.dll+0x3bf18b]
V  [jvm.dll+0x38b6d2]
V  [jvm.dll+0x38ab1a]
V  [jvm.dll+0x24c700]
V  [jvm.dll+0x24bce0]
V  [jvm.dll+0x1cb4ae]
V  [jvm.dll+0x25baad]
V  [jvm.dll+0x25a03a]
V  [jvm.dll+0x3f8aae]
V  [jvm.dll+0x8600cd]
V  [jvm.dll+0x6d6c1d]
C  [ucrtbase.dll+0x2cd30]
C  [KERNEL32.DLL+0x2cdf7]
C  [ntdll.dll+0x7ee4c]


---------------  P R O C E S S  ---------------

Threads class SMR info:
_java_thread_list=0x000002567bd73f20, length=30, elements={
0x0000025673591b20, 0x0000025678ea88c0, 0x0000025678eac050, 0x0000025678eb2be0,
0x0000025678eb3640, 0x0000025678eb40a0, 0x0000025678eb4b00, 0x0000025678eb6bc0,
0x0000025678ebf350, 0x000002566d1dcc40, 0x000002566d2b0780, 0x000002566dd06910,
0x000002566d179b60, 0x000002566ea2f5e0, 0x000002566da1afc0, 0x000002566da1be40,
0x000002566da3d890, 0x000002566da3df00, 0x000002566df04cf0, 0x000002566df032b0,
0x000002566df04660, 0x000002566df05380, 0x000002566df01f00, 0x000002566df03940,
0x000002566df02590, 0x000002566f7de700, 0x000002566f7dd9e0, 0x000002566f7dd350,
0x000002566f7de070, 0x000002566f7ded90
}

Java Threads: ( => current thread )
  0x0000025673591b20 JavaThread "main"                              [_thread_blocked, id=32420, stack(0x000000633b300000,0x000000633b400000) (1024K)]
  0x0000025678ea88c0 JavaThread "Reference Handler"          daemon [_thread_blocked, id=28572, stack(0x000000633bc00000,0x000000633bd00000) (1024K)]
  0x0000025678eac050 JavaThread "Finalizer"                  daemon [_thread_blocked, id=22992, stack(0x000000633bd00000,0x000000633be00000) (1024K)]
  0x0000025678eb2be0 JavaThread "Signal Dispatcher"          daemon [_thread_blocked, id=32620, stack(0x000000633be00000,0x000000633bf00000) (1024K)]
  0x0000025678eb3640 JavaThread "Attach Listener"            daemon [_thread_blocked, id=30684, stack(0x000000633bf00000,0x000000633c000000) (1024K)]
  0x0000025678eb40a0 JavaThread "Service Thread"             daemon [_thread_blocked, id=3672, stack(0x000000633c000000,0x000000633c100000) (1024K)]
  0x0000025678eb4b00 JavaThread "Monitor Deflation Thread"   daemon [_thread_blocked, id=8236, stack(0x000000633c100000,0x000000633c200000) (1024K)]
=>0x0000025678eb6bc0 JavaThread "C2 CompilerThread0"         daemon [_thread_in_native, id=15264, stack(0x000000633c200000,0x000000633c300000) (1024K)]
  0x0000025678ebf350 JavaThread "C1 CompilerThread0"         daemon [_thread_blocked, id=31480, stack(0x000000633c300000,0x000000633c400000) (1024K)]
  0x000002566d1dcc40 JavaThread "Common-Cleaner"             daemon [_thread_blocked, id=4016, stack(0x000000633c400000,0x000000633c500000) (1024K)]
  0x000002566d2b0780 JavaThread "Notification Thread"        daemon [_thread_blocked, id=7604, stack(0x000000633c500000,0x000000633c600000) (1024K)]
  0x000002566dd06910 JavaThread "Daemon health stats"               [_thread_blocked, id=30792, stack(0x000000633b400000,0x000000633b500000) (1024K)]
  0x000002566d179b60 JavaThread "Incoming local TCP Connector on port 55473"        [_thread_in_native, id=24360, stack(0x000000633cc00000,0x000000633cd00000) (1024K)]
  0x000002566ea2f5e0 JavaThread "Daemon periodic checks"            [_thread_blocked, id=14564, stack(0x000000633cd00000,0x000000633ce00000) (1024K)]
  0x000002566da1afc0 JavaThread "Daemon"                            [_thread_blocked, id=27120, stack(0x000000633ce00000,0x000000633cf00000) (1024K)]
  0x000002566da1be40 JavaThread "Handler for socket connection from /127.0.0.1:55473 to /127.0.0.1:55482"        [_thread_in_native, id=11464, stack(0x000000633cf00000,0x000000633d000000) (1024K)]
  0x000002566da3d890 JavaThread "Cancel handler"                    [_thread_blocked, id=25328, stack(0x000000633d000000,0x000000633d100000) (1024K)]
  0x000002566da3df00 JavaThread "Daemon worker"                     [_thread_in_native, id=33500, stack(0x000000633d100000,0x000000633d200000) (1024K)]
  0x000002566df04cf0 JavaThread "Asynchronous log dispatcher for DefaultDaemonConnection: socket connection from /127.0.0.1:55473 to /127.0.0.1:55482"        [_thread_blocked, id=6852, stack(0x000000633d200000,0x000000633d300000) (1024K)]
  0x000002566df032b0 JavaThread "Stdin handler"                     [_thread_blocked, id=29472, stack(0x000000633d300000,0x000000633d400000) (1024K)]
  0x000002566df04660 JavaThread "Daemon client event forwarder"        [_thread_blocked, id=33444, stack(0x000000633d400000,0x000000633d500000) (1024K)]
  0x000002566df05380 JavaThread "Cache worker for journal cache (C:\Users\MypC\.gradle\caches\journal-1)"        [_thread_blocked, id=30528, stack(0x000000633d500000,0x000000633d600000) (1024K)]
  0x000002566df01f00 JavaThread "File lock request listener"        [_thread_in_native, id=29572, stack(0x000000633d600000,0x000000633d700000) (1024K)]
  0x000002566df03940 JavaThread "Cache worker for file hash cache (C:\Users\MypC\.gradle\caches\9.3.1\fileHashes)"        [_thread_blocked, id=29544, stack(0x000000633d800000,0x000000633d900000) (1024K)]
  0x000002566df02590 JavaThread "File lock release action executor Thread 2"        [_thread_blocked, id=17748, stack(0x000000633b200000,0x000000633b300000) (1024K)]
  0x000002566f7de700 JavaThread "Cache worker for file hash cache (F:\DA_NhaThuoc\pharmacy-backend\mobile_pharmacy\android\.gradle\9.3.1\fileHashes)"        [_thread_blocked, id=34332, stack(0x000000633da00000,0x000000633db00000) (1024K)]
  0x000002566f7dd9e0 JavaThread "Cache worker for Build Output Cleanup Cache (F:\DA_NhaThuoc\pharmacy-backend\mobile_pharmacy\android\.gradle\buildOutputCleanup)"        [_thread_blocked, id=37608, stack(0x000000633db00000,0x000000633dc00000) (1024K)]
  0x000002566f7dd350 JavaThread "File watcher server"        daemon [_thread_in_native, id=37988, stack(0x000000633de00000,0x000000633df00000) (1024K)]
  0x000002566f7de070 JavaThread "File watcher consumer"      daemon [_thread_blocked, id=38012, stack(0x000000633df00000,0x000000633e000000) (1024K)]
  0x000002566f7ded90 JavaThread "Cache worker for checksums cache (F:\DA_NhaThuoc\pharmacy-backend\mobile_pharmacy\android\.gradle\9.3.1\checksums)"        [_thread_blocked, id=39612, stack(0x000000633e000000,0x000000633e100000) (1024K)]
Total: 30

Other Threads:
  0x0000025678e8a4e0 VMThread "VM Thread"                           [id=2636, stack(0x000000633bb00000,0x000000633bc00000) (1024K)]
  0x0000025678e79230 WatcherThread "VM Periodic Task Thread"        [id=3576, stack(0x000000633ba00000,0x000000633bb00000) (1024K)]
  0x000002567363cd80 WorkerThread "GC Thread#0"                     [id=28980, stack(0x000000633b500000,0x000000633b600000) (1024K)]
  0x000002566d284940 WorkerThread "GC Thread#1"                     [id=15044, stack(0x000000633c600000,0x000000633c700000) (1024K)]
  0x000002566d10ea70 WorkerThread "GC Thread#2"                     [id=13192, stack(0x000000633c700000,0x000000633c800000) (1024K)]
  0x000002566d10ee20 WorkerThread "GC Thread#3"                     [id=28080, stack(0x000000633c800000,0x000000633c900000) (1024K)]
  0x000002566d108400 WorkerThread "GC Thread#4"                     [id=9660, stack(0x000000633c900000,0x000000633ca00000) (1024K)]
  0x000002566d1087b0 WorkerThread "GC Thread#5"                     [id=26340, stack(0x000000633ca00000,0x000000633cb00000) (1024K)]
  0x000002566fb83620 WorkerThread "GC Thread#6"                     [id=27028, stack(0x000000633cb00000,0x000000633cc00000) (1024K)]
  0x000002566fb823b0 WorkerThread "GC Thread#7"                     [id=31876, stack(0x000000633d700000,0x000000633d800000) (1024K)]
  0x000002567364dc80 ConcurrentGCThread "G1 Main Marker"            [id=25996, stack(0x000000633b600000,0x000000633b700000) (1024K)]
  0x000002567364e6a0 WorkerThread "G1 Conc#0"                       [id=28728, stack(0x000000633b700000,0x000000633b800000) (1024K)]
  0x000002566fb82760 WorkerThread "G1 Conc#1"                       [id=37112, stack(0x000000633d900000,0x000000633da00000) (1024K)]
  0x0000025678d4bba0 ConcurrentGCThread "G1 Refine#0"               [id=6588, stack(0x000000633b800000,0x000000633b900000) (1024K)]
  0x0000025678d4d4e0 ConcurrentGCThread "G1 Service"                [id=25264, stack(0x000000633b900000,0x000000633ba00000) (1024K)]
Total: 15

Threads with active compile tasks:
C2 CompilerThread0  317775 3952       4       java.net.URLStreamHandler::toExternalForm (156 bytes)
Total: 1

VM state: not at safepoint (normal execution)

VM Mutex/Monitor currently owned by a thread: None

Heap address: 0x0000000600000000, size: 8192 MB, Compressed Oops mode: Zero based, Oop shift amount: 3

CDS archive(s) mapped at: [0x0000025628000000-0x0000025628ba0000-0x0000025628ba0000), size 12189696, SharedBaseAddress: 0x0000025628000000, ArchiveRelocationMode: 1.
Compressed class space mapped at: 0x0000025629000000-0x0000025669000000, reserved size: 1073741824
Narrow klass base: 0x0000025628000000, Narrow klass shift: 0, Narrow klass range: 0x100000000

GC Precious Log:
 CardTable entry size: 512
 Card Set container configuration: InlinePtr #cards 4 size 8 Array Of Cards #cards 32 size 80 Howl #buckets 8 coarsen threshold 7372 Howl Bitmap #cards 1024 size 144 coarsen threshold 921 Card regions per heap region 1 cards per card region 8192
 CPUs: 8 total, 8 available
 Memory: 16106M
 Large Page Support: Disabled
 NUMA Support: Disabled
 Compressed Oops: Enabled (Zero based)
 Heap Region Size: 4M
 Heap Min Capacity: 8M
 Heap Initial Capacity: 252M
 Heap Max Capacity: 8G
 Pre-touch: Disabled
 Parallel Workers: 8
 Concurrent Workers: 2
 Concurrent Refinement Workers: 8
 Periodic GC: Disabled

Heap:
 garbage-first heap   total 98304K, used 90120K [0x0000000600000000, 0x0000000800000000)
  region size 4096K, 18 young (73728K), 1 survivors (4096K)
 Metaspace       used 28956K, committed 30016K, reserved 1114112K
  class space    used 4153K, committed 4672K, reserved 1048576K

Heap Regions: E=young(eden), S=young(survivor), O=old, HS=humongous(starts), HC=humongous(continues), CS=collection set, F=free, TAMS=top-at-mark-start, PB=parsable bottom
|   0|0x0000000600000000, 0x0000000600400000, 0x0000000600400000|100%|HS|  |TAMS 0x0000000600000000| PB 0x0000000600000000| Complete 
|   1|0x0000000600400000, 0x0000000600800000, 0x0000000600800000|100%| O|  |TAMS 0x0000000600400000| PB 0x0000000600400000| Untracked 
|   2|0x0000000600800000, 0x0000000600c00000, 0x0000000600c00000|100%| O|  |TAMS 0x0000000600800000| PB 0x0000000600800000| Untracked 
|   3|0x0000000600c00000, 0x0000000601000000, 0x0000000601000000|100%| O|  |TAMS 0x0000000600c00000| PB 0x0000000600c00000| Untracked 
|   4|0x0000000601000000, 0x0000000601400000, 0x0000000601400000|100%| O|  |TAMS 0x0000000601000000| PB 0x0000000601000000| Untracked 
|   5|0x0000000601400000, 0x00000006015ede48, 0x0000000601800000| 48%| O|Cm|TAMS 0x0000000601400000| PB 0x0000000601400000| Complete 
|   6|0x0000000601800000, 0x0000000601c00000, 0x0000000601c00000|100%| E|  |TAMS 0x0000000601800000| PB 0x0000000601800000| Complete 
|   7|0x0000000601c00000, 0x0000000602000000, 0x0000000602000000|100%| E|CS|TAMS 0x0000000601c00000| PB 0x0000000601c00000| Complete 
|   8|0x0000000602000000, 0x0000000602400000, 0x0000000602400000|100%| E|CS|TAMS 0x0000000602000000| PB 0x0000000602000000| Complete 
|   9|0x0000000602400000, 0x0000000602800000, 0x0000000602800000|100%| E|CS|TAMS 0x0000000602400000| PB 0x0000000602400000| Complete 
|  10|0x0000000602800000, 0x0000000602c00000, 0x0000000602c00000|100%| E|CS|TAMS 0x0000000602800000| PB 0x0000000602800000| Complete 
|  11|0x0000000602c00000, 0x0000000603000000, 0x0000000603000000|100%| E|CS|TAMS 0x0000000602c00000| PB 0x0000000602c00000| Complete 
|  12|0x0000000603000000, 0x0000000603400000, 0x0000000603400000|100%| E|CS|TAMS 0x0000000603000000| PB 0x0000000603000000| Complete 
|  13|0x0000000603400000, 0x0000000603800000, 0x0000000603800000|100%| E|CS|TAMS 0x0000000603400000| PB 0x0000000603400000| Complete 
|  14|0x0000000603800000, 0x0000000603c00000, 0x0000000603c00000|100%| E|CS|TAMS 0x0000000603800000| PB 0x0000000603800000| Complete 
|  15|0x0000000603c00000, 0x0000000604000000, 0x0000000604000000|100%| E|CS|TAMS 0x0000000603c00000| PB 0x0000000603c00000| Complete 
|  16|0x0000000604000000, 0x0000000604400000, 0x0000000604400000|100%| E|CS|TAMS 0x0000000604000000| PB 0x0000000604000000| Complete 
|  17|0x0000000604400000, 0x0000000604800000, 0x0000000604800000|100%| E|CS|TAMS 0x0000000604400000| PB 0x0000000604400000| Complete 
|  18|0x0000000604800000, 0x0000000604c00000, 0x0000000604c00000|100%| E|CS|TAMS 0x0000000604800000| PB 0x0000000604800000| Complete 
|  19|0x0000000604c00000, 0x0000000605000000, 0x0000000605000000|100%| E|CS|TAMS 0x0000000604c00000| PB 0x0000000604c00000| Complete 
|  20|0x0000000605000000, 0x0000000605400000, 0x0000000605400000|100%| E|CS|TAMS 0x0000000605000000| PB 0x0000000605000000| Complete 
|  21|0x0000000605400000, 0x0000000605800000, 0x0000000605800000|100%| E|CS|TAMS 0x0000000605400000| PB 0x0000000605400000| Complete 
|  58|0x000000060e800000, 0x000000060ea144c0, 0x000000060ec00000| 51%| S|CS|TAMS 0x000000060e800000| PB 0x000000060e800000| Complete 
|  62|0x000000060f800000, 0x000000060fc00000, 0x000000060fc00000|100%| E|CS|TAMS 0x000000060f800000| PB 0x000000060f800000| Complete 

Card table byte_map: [0x0000025677ce0000,0x0000025678ce0000] _byte_map_base: 0x0000025674ce0000

Marking Bits: (CMBitMap*) 0x000002567363d3a0
 Bits: [0x0000025620000000, 0x0000025628000000)

Polling page: 0x0000025671500000

Metaspace:

Usage:
  Non-class:     24.22 MB used.
      Class:      4.06 MB used.
       Both:     28.28 MB used.

Virtual space:
  Non-class space:       64.00 MB reserved,      24.75 MB ( 39%) committed,  1 nodes.
      Class space:        1.00 GB reserved,       4.56 MB ( <1%) committed,  1 nodes.
             Both:        1.06 GB reserved,      29.31 MB (  3%) committed. 

Chunk freelists:
   Non-Class:  7.27 MB
       Class:  11.31 MB
        Both:  18.57 MB

MaxMetaspaceSize: 4.00 GB
CompressedClassSpaceSize: 1.00 GB
Initial GC threshold: 21.00 MB
Current GC threshold: 35.12 MB
CDS: on
 - commit_granule_bytes: 65536.
 - commit_granule_words: 8192.
 - virtual_space_node_default_size: 8388608.
 - enlarge_chunks_in_place: 1.
 - use_allocation_guard: 0.


Internal statistics:

num_allocs_failed_limit: 3.
num_arena_births: 1694.
num_arena_deaths: 0.
num_vsnodes_births: 2.
num_vsnodes_deaths: 0.
num_space_committed: 469.
num_space_uncommitted: 0.
num_chunks_returned_to_freelist: 3.
num_chunks_taken_from_freelist: 2972.
num_chunk_merges: 3.
num_chunk_splits: 1938.
num_chunks_enlarged: 1219.
num_inconsistent_stats: 0.

CodeHeap 'non-profiled nmethods': size=259264Kb used=2276Kb max_used=2276Kb free=256987Kb
 bounds [0x00000256102d0000, 0x0000025610540000, 0x0000025620000000]
CodeHeap 'profiled nmethods': size=259264Kb used=7726Kb max_used=7726Kb free=251538Kb
 bounds [0x0000025600000000, 0x0000025600790000, 0x000002560fd30000]
CodeHeap 'non-nmethods': size=5760Kb used=1584Kb max_used=1608Kb free=4175Kb
 bounds [0x000002560fd30000, 0x000002560ffa0000, 0x00000256102d0000]
CodeCache: size=524288Kb, used=11586Kb, max_used=11610Kb, free=512700Kb
 total_blobs=4540, nmethods=3944, adapters=500, full_count=0
Compilation: enabled, stopped_count=0, restarted_count=0

Compilation events (20 events):
Event: 316.759 Thread 0x0000025678eb6bc0 nmethod 3940 0x0000025610505210 code [0x0000025610505400, 0x0000025610505798]
Event: 317.097 Thread 0x0000025678ebf350 3943       1       java.nio.channels.FileLock::isShared (5 bytes)
Event: 317.097 Thread 0x0000025678ebf350 nmethod 3943 0x0000025610505c10 code [0x0000025610505da0, 0x0000025610505e70]
Event: 317.097 Thread 0x0000025678ebf350 3944       3       java.io.File::getName (42 bytes)
Event: 317.098 Thread 0x0000025678ebf350 nmethod 3944 0x0000025600785e10 code [0x0000025600786060, 0x0000025600786888]
Event: 317.154 Thread 0x0000025678ebf350 3945   !   3       java.lang.invoke.InnerClassLambdaMetafactory::generateInnerClass (506 bytes)
Event: 317.157 Thread 0x0000025678ebf350 nmethod 3945 0x0000025600786c10 code [0x00000256007870c0, 0x00000256007891b0]
Event: 317.157 Thread 0x0000025678ebf350 3946       3       java.lang.invoke.LambdaMetafactory::metafactory (71 bytes)
Event: 317.158 Thread 0x0000025678ebf350 nmethod 3946 0x0000025600789f10 code [0x000002560078a1a0, 0x000002560078ac98]
Event: 317.217 Thread 0x0000025678ebf350 3947       1       com.google.common.cache.CacheBuilder::getStatsCounterSupplier (5 bytes)
Event: 317.217 Thread 0x0000025678ebf350 nmethod 3947 0x0000025610505f10 code [0x00000256105060a0, 0x0000025610506170]
Event: 317.240 Thread 0x0000025678eb6bc0 3948       4       org.gradle.internal.serialize.InputStreamBackedDecoder::readByte (13 bytes)
Event: 317.255 Thread 0x0000025678eb6bc0 nmethod 3948 0x0000025610506210 code [0x0000025610506460, 0x0000025610506e88]
Event: 317.364 Thread 0x0000025678eb6bc0 3949       4       jdk.internal.org.objectweb.asm.SymbolTable::addTypeInternal (85 bytes)
Event: 317.390 Thread 0x0000025678eb6bc0 nmethod 3949 0x0000025610507410 code [0x0000025610507620, 0x00000256105086a0]
Event: 317.427 Thread 0x0000025678ebf350 3950       3       com.google.common.collect.AbstractIndexedListIterator::next (31 bytes)
Event: 317.428 Thread 0x0000025678ebf350 nmethod 3950 0x000002560078b190 code [0x000002560078b360, 0x000002560078b6f0]
Event: 317.430 Thread 0x0000025678eb6bc0 3951       4       java.lang.invoke.BoundMethodHandle::<init> (32 bytes)
Event: 317.438 Thread 0x0000025678eb6bc0 nmethod 3951 0x0000025610508a90 code [0x0000025610508c40, 0x0000025610508ff0]
Event: 317.697 Thread 0x0000025678eb6bc0 3952       4       java.net.URLStreamHandler::toExternalForm (156 bytes)

GC Heap History (8 events):
Event: 29.236 GC heap before
{Heap before GC invocations=0 (full 0):
 garbage-first heap   total 258048K, used 20480K [0x0000000600000000, 0x0000000800000000)
  region size 4096K, 5 young (20480K), 0 survivors (0K)
 Metaspace       used 863K, committed 1024K, reserved 1114112K
  class space    used 70K, committed 128K, reserved 1048576K
}
Event: 29.673 GC heap after
{Heap after GC invocations=1 (full 0):
 garbage-first heap   total 258048K, used 1535K [0x0000000600000000, 0x0000000800000000)
  region size 4096K, 1 young (4096K), 1 survivors (4096K)
 Metaspace       used 863K, committed 1024K, reserved 1114112K
  class space    used 70K, committed 128K, reserved 1048576K
}
Event: 90.560 GC heap before
{Heap before GC invocations=1 (full 0):
 garbage-first heap   total 258048K, used 46591K [0x0000000600000000, 0x0000000800000000)
  region size 4096K, 11 young (45056K), 1 survivors (4096K)
 Metaspace       used 4608K, committed 4864K, reserved 1114112K
  class space    used 583K, committed 704K, reserved 1048576K
}
Event: 90.565 GC heap after
{Heap after GC invocations=2 (full 0):
 garbage-first heap   total 258048K, used 11667K [0x0000000600000000, 0x0000000800000000)
  region size 4096K, 2 young (8192K), 2 survivors (8192K)
 Metaspace       used 4608K, committed 4864K, reserved 1114112K
  class space    used 583K, committed 704K, reserved 1048576K
}
Event: 257.563 GC heap before
{Heap before GC invocations=2 (full 0):
 garbage-first heap   total 258048K, used 150931K [0x0000000600000000, 0x0000000800000000)
  region size 4096K, 37 young (151552K), 2 survivors (8192K)
 Metaspace       used 19192K, committed 19776K, reserved 1114112K
  class space    used 2561K, committed 2816K, reserved 1048576K
}
Event: 257.781 GC heap after
{Heap after GC invocations=3 (full 0):
 garbage-first heap   total 258048K, used 22894K [0x0000000600000000, 0x0000000800000000)
  region size 4096K, 5 young (20480K), 5 survivors (20480K)
 Metaspace       used 19192K, committed 19776K, reserved 1114112K
  class space    used 2561K, committed 2816K, reserved 1048576K
}
Event: 260.934 GC heap before
{Heap before GC invocations=3 (full 0):
 garbage-first heap   total 258048K, used 35182K [0x0000000600000000, 0x0000000800000000)
  region size 4096K, 9 young (36864K), 5 survivors (20480K)
 Metaspace       used 20845K, committed 21504K, reserved 1114112K
  class space    used 2841K, committed 3136K, reserved 1048576K
}
Event: 260.949 GC heap after
{Heap after GC invocations=4 (full 0):
 garbage-first heap   total 258048K, used 24584K [0x0000000600000000, 0x0000000800000000)
  region size 4096K, 1 young (4096K), 1 survivors (4096K)
 Metaspace       used 20845K, committed 21504K, reserved 1114112K
  class space    used 2841K, committed 3136K, reserved 1048576K
}

Dll operation events (20 events):
Event: 8.334 Attempting to load shared library C:\Users\MypC\.vscode\extensions\redhat.java-1.56.0-win32-x64\jre\21.0.12.1-win32-x86_64\bin\nio.dll
Event: 8.335 Loaded shared library C:\Users\MypC\.vscode\extensions\redhat.java-1.56.0-win32-x64\jre\21.0.12.1-win32-x86_64\bin\nio.dll
Event: 8.623 Attempting to load shared library C:\Users\MypC\.vscode\extensions\redhat.java-1.56.0-win32-x64\jre\21.0.12.1-win32-x86_64\bin\zip.dll
Event: 8.623 Loaded shared library C:\Users\MypC\.vscode\extensions\redhat.java-1.56.0-win32-x64\jre\21.0.12.1-win32-x86_64\bin\zip.dll
Event: 31.297 Attempting to load shared library C:\Users\MypC\.vscode\extensions\redhat.java-1.56.0-win32-x64\jre\21.0.12.1-win32-x86_64\bin\jimage.dll
Event: 31.297 Loaded shared library C:\Users\MypC\.vscode\extensions\redhat.java-1.56.0-win32-x64\jre\21.0.12.1-win32-x86_64\bin\jimage.dll
Event: 46.428 Attempting to load shared library C:\Users\MypC\.vscode\extensions\redhat.java-1.56.0-win32-x64\jre\21.0.12.1-win32-x86_64\bin\verify.dll
Event: 46.429 Loaded shared library C:\Users\MypC\.vscode\extensions\redhat.java-1.56.0-win32-x64\jre\21.0.12.1-win32-x86_64\bin\verify.dll
Event: 48.146 Attempting to load shared library C:\Users\MypC\.gradle\native\660c5614fbf4a5f2a75b1949f50a0caf5cd603558e7d8a26e50b933a0cfb79d1\windows-amd64\native-platform.dll
Event: 48.148 Loaded shared library C:\Users\MypC\.gradle\native\660c5614fbf4a5f2a75b1949f50a0caf5cd603558e7d8a26e50b933a0cfb79d1\windows-amd64\native-platform.dll
Event: 48.198 Attempting to load shared library C:\Users\MypC\.gradle\native\0.2.8\x86_64-windows-gnu\gradle-fileevents.dll
Event: 48.204 Loaded shared library C:\Users\MypC\.gradle\native\0.2.8\x86_64-windows-gnu\gradle-fileevents.dll
Event: 108.910 Attempting to load shared library C:\Users\MypC\.vscode\extensions\redhat.java-1.56.0-win32-x64\jre\21.0.12.1-win32-x86_64\bin\management.dll
Event: 108.911 Loaded shared library C:\Users\MypC\.vscode\extensions\redhat.java-1.56.0-win32-x64\jre\21.0.12.1-win32-x86_64\bin\management.dll
Event: 108.919 Attempting to load shared library C:\Users\MypC\.vscode\extensions\redhat.java-1.56.0-win32-x64\jre\21.0.12.1-win32-x86_64\bin\management_ext.dll
Event: 108.919 Loaded shared library C:\Users\MypC\.vscode\extensions\redhat.java-1.56.0-win32-x64\jre\21.0.12.1-win32-x86_64\bin\management_ext.dll
Event: 118.488 Attempting to load shared library C:\Users\MypC\.vscode\extensions\redhat.java-1.56.0-win32-x64\jre\21.0.12.1-win32-x86_64\bin\extnet.dll
Event: 118.517 Loaded shared library C:\Users\MypC\.vscode\extensions\redhat.java-1.56.0-win32-x64\jre\21.0.12.1-win32-x86_64\bin\extnet.dll
Event: 136.949 Attempting to load shared library C:\Users\MypC\.vscode\extensions\redhat.java-1.56.0-win32-x64\jre\21.0.12.1-win32-x86_64\bin\sunmscapi.dll
Event: 137.041 Loaded shared library C:\Users\MypC\.vscode\extensions\redhat.java-1.56.0-win32-x64\jre\21.0.12.1-win32-x86_64\bin\sunmscapi.dll

Deoptimization events (20 events):
Event: 280.345 Thread 0x000002566da3df00 DEOPT PACKING pc=0x00000256102dc1d0 sp=0x000000633d1fa820
Event: 280.345 Thread 0x000002566da3df00 DEOPT UNPACKING pc=0x000002560fd87ba2 sp=0x000000633d1fa7b8 mode 2
Event: 291.335 Thread 0x000002566da3df00 DEOPT PACKING pc=0x00000256001db0c9 sp=0x000000633d1f6bb0
Event: 291.335 Thread 0x000002566da3df00 DEOPT UNPACKING pc=0x000002560fd886e2 sp=0x000000633d1f60b0 mode 0
Event: 293.925 Thread 0x000002566da3df00 Uncommon trap: trap_request=0xffffff45 fr.pc=0x00000256104a1ba8 relative=0x00000000000001e8
Event: 293.928 Thread 0x000002566da3df00 Uncommon trap: reason=unstable_if action=reinterpret pc=0x00000256104a1ba8 method=jdk.internal.org.objectweb.asm.Type.getTypeInternal(Ljava/lang/String;II)Ljdk/internal/org/objectweb/asm/Type; @ 5 c2
Event: 293.928 Thread 0x000002566da3df00 DEOPT PACKING pc=0x00000256104a1ba8 sp=0x000000633d1fbf60
Event: 293.928 Thread 0x000002566da3df00 DEOPT UNPACKING pc=0x000002560fd87ba2 sp=0x000000633d1fbef8 mode 2
Event: 300.058 Thread 0x000002566da3df00 Uncommon trap: trap_request=0xffffff76 fr.pc=0x00000256104ceb10 relative=0x00000000000001d0
Event: 300.059 Thread 0x000002566da3df00 Uncommon trap: reason=predicate action=maybe_recompile pc=0x00000256104ceb10 method=com.google.common.base.CharMatcher.indexIn(Ljava/lang/CharSequence;I)I @ 19 c2
Event: 300.059 Thread 0x000002566da3df00 DEOPT PACKING pc=0x00000256104ceb10 sp=0x000000633d1fb170
Event: 300.059 Thread 0x000002566da3df00 DEOPT UNPACKING pc=0x000002560fd87ba2 sp=0x000000633d1fb100 mode 2
Event: 301.712 Thread 0x000002566da3df00 Uncommon trap: trap_request=0xffffff76 fr.pc=0x00000256104dabc8 relative=0x0000000000000ac8
Event: 301.712 Thread 0x000002566da3df00 Uncommon trap: reason=predicate action=maybe_recompile pc=0x00000256104dabc8 method=java.util.concurrent.locks.AbstractQueuedSynchronizer.acquire(Ljava/util/concurrent/locks/AbstractQueuedSynchronizer$Node;IZZZJ)I @ 20 c2
Event: 301.712 Thread 0x000002566da3df00 DEOPT PACKING pc=0x00000256104dabc8 sp=0x000000633d1fc5e0
Event: 301.712 Thread 0x000002566da3df00 DEOPT UNPACKING pc=0x000002560fd87ba2 sp=0x000000633d1fc5c0 mode 2
Event: 314.839 Thread 0x000002566da3df00 Uncommon trap: trap_request=0xffffffde fr.pc=0x00000256102dc1d0 relative=0x00000000000001b0
Event: 314.839 Thread 0x000002566da3df00 Uncommon trap: reason=class_check action=maybe_recompile pc=0x00000256102dc1d0 method=java.lang.String.equals(Ljava/lang/Object;)Z @ 8 c2
Event: 314.839 Thread 0x000002566da3df00 DEOPT PACKING pc=0x00000256102dc1d0 sp=0x000000633d1f9580
Event: 314.839 Thread 0x000002566da3df00 DEOPT UNPACKING pc=0x000002560fd87ba2 sp=0x000000633d1f9518 mode 2

Classes loaded (20 events):
Event: 301.712 Loading class java/util/concurrent/locks/AbstractQueuedSynchronizer$SharedNode
Event: 301.799 Loading class java/util/concurrent/locks/AbstractQueuedSynchronizer$SharedNode done
Event: 302.236 Loading class java/util/ArrayDeque$DeqSpliterator
Event: 302.236 Loading class java/util/ArrayDeque$DeqSpliterator done
Event: 306.247 Loading class java/lang/StringLatin1$CharsSpliterator
Event: 306.247 Loading class java/lang/StringLatin1$CharsSpliterator done
Event: 306.248 Loading class java/util/stream/IntPipeline$Head
Event: 306.273 Loading class java/util/stream/IntPipeline
Event: 306.275 Loading class java/util/stream/IntStream
Event: 306.276 Loading class java/util/stream/IntStream done
Event: 306.277 Loading class java/util/stream/IntPipeline done
Event: 306.277 Loading class java/util/stream/IntPipeline$Head done
Event: 306.300 Loading class java/util/stream/Nodes$IntFixedNodeBuilder
Event: 306.300 Loading class java/util/stream/Node$Builder$OfInt
Event: 306.300 Loading class java/util/stream/Sink$OfInt
Event: 306.301 Loading class java/util/stream/Sink$OfInt done
Event: 306.301 Loading class java/util/stream/Node$Builder$OfInt done
Event: 306.301 Loading class java/util/stream/Nodes$IntArrayNode
Event: 306.301 Loading class java/util/stream/Nodes$IntArrayNode done
Event: 306.301 Loading class java/util/stream/Nodes$IntFixedNodeBuilder done

Classes unloaded (0 events):
No events

Classes redefined (0 events):
No events

Internal exceptions (20 events):
Event: 281.891 Thread 0x000002566da3df00 Exception <a 'java/lang/NoSuchMethodError'{0x0000000603ea0b80}: 'java.lang.Object java.lang.invoke.DirectMethodHandle$Holder.invokeSpecial(java.lang.Object, java.lang.Object, java.lang.Object, java.lang.Object, java.lang.Object, java.lang.Object, java.lang.Object, java.lang.Object, java.lang.Object, java.lang.Object, java.lang.Object, java.lang.Object, java.lang.Object, java.lang.Object, java.lang.Object, java.lang.Object, java.lang.Object, java.lang.Object, java.lang.Object, java.lang.Object, java.lang.Ob
Event: 281.954 Thread 0x000002566da3df00 Exception <a 'java/lang/NoSuchMethodError'{0x0000000603ea6388}: 'java.lang.Object java.lang.invoke.Invokers$Holder.invoker(java.lang.Object, java.lang.Object, java.lang.Object, java.lang.Object, java.lang.Object, java.lang.Object, java.lang.Object, java.lang.Object, java.lang.Object, java.lang.Object, java.lang.Object, java.lang.Object, java.lang.Object, java.lang.Object, java.lang.Object, java.lang.Object, java.lang.Object, java.lang.Object, java.lang.Object, java.lang.Object, java.lang.Object, java.lang.
Event: 281.955 Thread 0x000002566da3df00 Exception <a 'java/lang/NoSuchMethodError'{0x0000000603eac570}: 'java.lang.Object java.lang.invoke.DelegatingMethodHandle$Holder.delegate(java.lang.Object, java.lang.Object, java.lang.Object, java.lang.Object, java.lang.Object, java.lang.Object, java.lang.Object, java.lang.Object, java.lang.Object, java.lang.Object, java.lang.Object, java.lang.Object, java.lang.Object, java.lang.Object, java.lang.Object, java.lang.Object, java.lang.Object, java.lang.Object, java.lang.Object, java.lang.Object, java.lang.Obj
Event: 283.863 Thread 0x000002566da3df00 Exception <a 'java/lang/NoSuchMethodError'{0x000000060393dbf8}: 'java.lang.Object java.lang.invoke.DirectMethodHandle$Holder.invokeStaticInit(java.lang.Object, java.lang.Object, java.lang.Object, java.lang.Object)'> (0x000000060393dbf8) 
thrown [s\src\hotspot\share\interpreter\linkResolver.cpp, line 773]
Event: 285.855 Thread 0x000002566da3df00 Exception <a 'java/lang/IncompatibleClassChangeError'{0x0000000603b3e6c0}: Found class java.lang.Object, but interface was expected> (0x0000000603b3e6c0) 
thrown [s\src\hotspot\share\interpreter\linkResolver.cpp, line 840]
Event: 288.718 Thread 0x000002566da3df00 Exception <a 'java/lang/NoSuchMethodError'{0x0000000603bbf438}: 'java.lang.Object java.lang.invoke.DirectMethodHandle$Holder.invokeVirtual(java.lang.Object, java.lang.Object, java.lang.Object, java.lang.Object, java.lang.Object, java.lang.Object, java.lang.Object, java.lang.Object, java.lang.Object, java.lang.Object, java.lang.Object, java.lang.Object, java.lang.Object)'> (0x0000000603bbf438) 
thrown [s\src\hotspot\share\interpreter\linkResolver.cpp, line 773]
Event: 288.809 Thread 0x000002566da3df00 Exception <a 'java/lang/NoSuchMethodError'{0x0000000603bc4670}: 'java.lang.Object java.lang.invoke.DirectMethodHandle$Holder.invokeSpecial(java.lang.Object, java.lang.Object, java.lang.Object, java.lang.Object, java.lang.Object, java.lang.Object, java.lang.Object, java.lang.Object, java.lang.Object, java.lang.Object, java.lang.Object, java.lang.Object, java.lang.Object, java.lang.Object)'> (0x0000000603bc4670) 
thrown [s\src\hotspot\share\interpreter\linkResolver.cpp, line 773]
Event: 288.809 Thread 0x000002566da3df00 Exception <a 'java/lang/NoSuchMethodError'{0x0000000603bc93c0}: 'java.lang.Object java.lang.invoke.DelegatingMethodHandle$Holder.reinvoke_L(java.lang.Object, java.lang.Object, java.lang.Object, java.lang.Object, java.lang.Object, java.lang.Object, java.lang.Object, java.lang.Object, java.lang.Object, java.lang.Object, java.lang.Object, java.lang.Object, java.lang.Object)'> (0x0000000603bc93c0) 
thrown [s\src\hotspot\share\interpreter\linkResolver.cpp, line 773]
Event: 290.487 Thread 0x000002566da3df00 Exception <a 'java/lang/NoSuchMethodError'{0x00000006035635a0}: 'void java.lang.invoke.DirectMethodHandle$Holder.invokeStaticInit(java.lang.Object, java.lang.Object)'> (0x00000006035635a0) 
thrown [s\src\hotspot\share\interpreter\linkResolver.cpp, line 773]
Event: 291.033 Thread 0x000002566da3df00 Exception <a 'java/lang/NoSuchMethodError'{0x00000006035c70c0}: 'java.lang.Object java.lang.invoke.DirectMethodHandle$Holder.newInvokeSpecial(java.lang.Object, java.lang.Object, java.lang.Object, java.lang.Object, java.lang.Object, java.lang.Object, java.lang.Object, java.lang.Object)'> (0x00000006035c70c0) 
thrown [s\src\hotspot\share\interpreter\linkResolver.cpp, line 773]
Event: 292.323 Thread 0x000002566da3df00 Exception <a 'java/lang/NoSuchMethodError'{0x000000060378b868}: 'java.lang.Object java.lang.invoke.DirectMethodHandle$Holder.newInvokeSpecial(java.lang.Object, java.lang.Object, java.lang.Object, java.lang.Object, java.lang.Object, java.lang.Object, java.lang.Object, java.lang.Object, java.lang.Object, java.lang.Object, java.lang.Object, java.lang.Object)'> (0x000000060378b868) 
thrown [s\src\hotspot\share\interpreter\linkResolver.cpp, line 773]
Event: 298.020 Thread 0x000002566da3df00 Exception <a 'java/lang/IncompatibleClassChangeError'{0x000000060333a9f8}: Found class java.lang.Object, but interface was expected> (0x000000060333a9f8) 
thrown [s\src\hotspot\share\interpreter\linkResolver.cpp, line 840]
Event: 302.213 Thread 0x000002566da3df00 Exception <a 'java/lang/NoSuchMethodError'{0x0000000602e63db0}: 'int java.lang.invoke.DirectMethodHandle$Holder.invokeVirtual(java.lang.Object, java.lang.Object)'> (0x0000000602e63db0) 
thrown [s\src\hotspot\share\interpreter\linkResolver.cpp, line 773]
Event: 302.862 Thread 0x000002566da3df00 Exception <a 'java/lang/NoSuchMethodError'{0x0000000602f92460}: 'java.lang.Object java.lang.invoke.DirectMethodHandle$Holder.newInvokeSpecial(java.lang.Object, java.lang.Object, java.lang.Object, int)'> (0x0000000602f92460) 
thrown [s\src\hotspot\share\interpreter\linkResolver.cpp, line 773]
Event: 302.862 Thread 0x000002566da3df00 Exception <a 'java/lang/NoSuchMethodError'{0x0000000602f96888}: 'java.lang.Object java.lang.invoke.DirectMethodHandle$Holder.invokeSpecial(java.lang.Object, java.lang.Object, java.lang.Object, java.lang.Object, int)'> (0x0000000602f96888) 
thrown [s\src\hotspot\share\interpreter\linkResolver.cpp, line 773]
Event: 302.921 Thread 0x000002566da3df00 Exception <a 'java/lang/NoSuchMethodError'{0x0000000602f9a490}: 'java.lang.Object java.lang.invoke.Invokers$Holder.linkToTargetMethod(java.lang.Object, java.lang.Object, int, java.lang.Object)'> (0x0000000602f9a490) 
thrown [s\src\hotspot\share\interpreter\linkResolver.cpp, line 773]
Event: 303.202 Thread 0x000002566da3df00 Exception <a 'java/lang/NoSuchMethodError'{0x0000000602fd5c98}: 'java.lang.Object java.lang.invoke.DirectMethodHandle$Holder.invokeStatic(java.lang.Object, java.lang.Object, int, java.lang.Object)'> (0x0000000602fd5c98) 
thrown [s\src\hotspot\share\interpreter\linkResolver.cpp, line 773]
Event: 307.588 Thread 0x000002566da3df00 Exception <a 'java/lang/NoSuchMethodError'{0x00000006025a16c0}: 'void java.lang.invoke.DirectMethodHandle$Holder.invokeInterface(java.lang.Object, java.lang.Object, java.lang.Object, java.lang.Object, java.lang.Object)'> (0x00000006025a16c0) 
thrown [s\src\hotspot\share\interpreter\linkResolver.cpp, line 773]
Event: 313.164 Thread 0x000002566da3df00 Exception <a 'java/lang/NoSuchMethodError'{0x0000000601dacf08}: 'java.lang.Object java.lang.invoke.DirectMethodHandle$Holder.invokeStaticInit(java.lang.Object, java.lang.Object, java.lang.Object)'> (0x0000000601dacf08) 
thrown [s\src\hotspot\share\interpreter\linkResolver.cpp, line 773]
Event: 316.103 Thread 0x000002566da3df00 Exception <a 'java/lang/NoSuchMethodError'{0x00000006018660a0}: 'java.lang.Object java.lang.invoke.DirectMethodHandle$Holder.invokeSpecialIFC(java.lang.Object, java.lang.Object, java.lang.Object, java.lang.Object)'> (0x00000006018660a0) 
thrown [s\src\hotspot\share\interpreter\linkResolver.cpp, line 773]

ZGC Phase Switch (0 events):
No events

VM Operations (20 events):
Event: 304.820 Executing safepoint VM operation: Cleanup
Event: 304.820 Executing safepoint VM operation: Cleanup done
Event: 306.831 Executing safepoint VM operation: Cleanup
Event: 306.861 Executing safepoint VM operation: Cleanup done
Event: 307.866 Executing safepoint VM operation: Cleanup
Event: 307.866 Executing safepoint VM operation: Cleanup done
Event: 308.878 Executing safepoint VM operation: Cleanup
Event: 308.878 Executing safepoint VM operation: Cleanup done
Event: 309.888 Executing safepoint VM operation: Cleanup
Event: 309.936 Executing safepoint VM operation: Cleanup done
Event: 313.359 Executing non-safepoint VM operation: HandshakeAllThreads (Deoptimize)
Event: 313.359 Executing non-safepoint VM operation: HandshakeAllThreads (Deoptimize) done
Event: 313.359 Executing safepoint VM operation: Cleanup
Event: 313.359 Executing safepoint VM operation: Cleanup done
Event: 314.373 Executing safepoint VM operation: Cleanup
Event: 314.403 Executing safepoint VM operation: Cleanup done
Event: 316.426 Executing safepoint VM operation: Cleanup
Event: 316.441 Executing safepoint VM operation: Cleanup done
Event: 317.453 Executing safepoint VM operation: Cleanup
Event: 317.453 Executing safepoint VM operation: Cleanup done

Memory protections (0 events):
No events

Nmethod flushes (0 events):
No events

Events (20 events):
Event: 140.153 Thread 0x000002566d179b60 Thread added: 0x000002566da1afc0
Event: 140.166 Thread 0x000002566da1afc0 Thread added: 0x000002566da1be40
Event: 140.288 Thread 0x000002566da1afc0 Thread added: 0x000002566da3d890
Event: 140.323 Thread 0x000002566da1afc0 Thread added: 0x000002566da3df00
Event: 141.099 Thread 0x000002566da3df00 Thread added: 0x000002566df04cf0
Event: 141.177 Thread 0x000002566da3df00 Thread added: 0x000002566df032b0
Event: 141.375 Thread 0x000002566da3df00 Thread added: 0x000002566df04660
Event: 154.393 Thread 0x000002566da3df00 Thread added: 0x000002566df05380
Event: 154.810 Thread 0x000002566da3df00 Thread added: 0x000002566df01f00
Event: 155.354 Thread 0x0000025678ebf350 Thread added: 0x000002566e0cf2d0
Event: 155.478 Thread 0x000002566e0cf2d0 Thread exited: 0x000002566e0cf2d0
Event: 155.626 Thread 0x000002566df01f00 Thread added: 0x000002566df02590
Event: 156.450 Thread 0x000002566da3df00 Thread added: 0x000002566df03940
Event: 215.874 Thread 0x000002566df02590 Thread exited: 0x000002566df02590
Event: 233.566 Thread 0x000002566df01f00 Thread added: 0x000002566df02590
Event: 280.443 Thread 0x000002566da3df00 Thread added: 0x000002566f7de700
Event: 281.500 Thread 0x000002566da3df00 Thread added: 0x000002566f7dd9e0
Event: 301.712 Thread 0x000002566da3df00 Thread added: 0x000002566f7dd350
Event: 302.175 Thread 0x000002566da3df00 Thread added: 0x000002566f7de070
Event: 315.641 Thread 0x000002566da3df00 Thread added: 0x000002566f7ded90


Dynamic libraries:
0x00007ff749e80000 - 0x00007ff749e8e000 	C:\Users\MypC\.vscode\extensions\redhat.java-1.56.0-win32-x64\jre\21.0.12.1-win32-x86_64\bin\java.exe
0x00007ffe52740000 - 0x00007ffe529a7000 	C:\WINDOWS\SYSTEM32\ntdll.dll
0x00007ffe51940000 - 0x00007ffe51a0b000 	C:\WINDOWS\System32\KERNEL32.DLL
0x00007ffe4fe00000 - 0x00007ffe50201000 	C:\WINDOWS\System32\KERNELBASE.dll
0x00007ffe4f9f0000 - 0x00007ffe4fb3c000 	C:\WINDOWS\System32\ucrtbase.dll
0x00007ffe31d40000 - 0x00007ffe31d58000 	C:\Users\MypC\.vscode\extensions\redhat.java-1.56.0-win32-x64\jre\21.0.12.1-win32-x86_64\bin\jli.dll
0x00007ffe51c70000 - 0x00007ffe51e47000 	C:\WINDOWS\System32\USER32.dll
0x00007ffe4fb50000 - 0x00007ffe4fb77000 	C:\WINDOWS\System32\win32u.dll
0x00007ffe50ef0000 - 0x00007ffe50f1b000 	C:\WINDOWS\System32\GDI32.dll
0x00007ffe4fc40000 - 0x00007ffe4fd68000 	C:\WINDOWS\System32\gdi32full.dll
0x00007ffe4f940000 - 0x00007ffe4f9e3000 	C:\WINDOWS\System32\msvcp_win.dll
0x00007ffe459f0000 - 0x00007ffe45a0e000 	C:\Users\MypC\.vscode\extensions\redhat.java-1.56.0-win32-x64\jre\21.0.12.1-win32-x86_64\bin\VCRUNTIME140.dll
0x00007ffe39020000 - 0x00007ffe392b0000 	C:\WINDOWS\WinSxS\amd64_microsoft.windows.common-controls_6595b64144ccf1df_6.0.26100.9549_none_3e0a0396e3330090\COMCTL32.dll
0x00007ffe50720000 - 0x00007ffe507c9000 	C:\WINDOWS\System32\msvcrt.dll
0x00007ffe50d10000 - 0x00007ffe50d41000 	C:\WINDOWS\System32\IMM32.DLL
0x00007ffe32ca0000 - 0x00007ffe32cac000 	C:\Users\MypC\.vscode\extensions\redhat.java-1.56.0-win32-x64\jre\21.0.12.1-win32-x86_64\bin\vcruntime140_1.dll
0x00007ffe0f9f0000 - 0x00007ffe0fa7d000 	C:\Users\MypC\.vscode\extensions\redhat.java-1.56.0-win32-x64\jre\21.0.12.1-win32-x86_64\bin\msvcp140.dll
0x00007ffda53c0000 - 0x00007ffda6162000 	C:\Users\MypC\.vscode\extensions\redhat.java-1.56.0-win32-x64\jre\21.0.12.1-win32-x86_64\bin\server\jvm.dll
0x00007ffe51aa0000 - 0x00007ffe51b5b000 	C:\WINDOWS\System32\ADVAPI32.dll
0x00007ffe504c0000 - 0x00007ffe50568000 	C:\WINDOWS\System32\sechost.dll
0x00007ffe51820000 - 0x00007ffe51938000 	C:\WINDOWS\System32\RPCRT4.dll
0x00007ffe51fe0000 - 0x00007ffe52061000 	C:\WINDOWS\System32\WS2_32.dll
0x00007ffe4f7b0000 - 0x00007ffe4f80e000 	C:\WINDOWS\SYSTEM32\POWRPROF.dll
0x00007ffe45e90000 - 0x00007ffe45ec7000 	C:\WINDOWS\SYSTEM32\WINMM.dll
0x00007ffe45c60000 - 0x00007ffe45c6b000 	C:\WINDOWS\SYSTEM32\VERSION.dll
0x00007ffe4f790000 - 0x00007ffe4f7a5000 	C:\WINDOWS\SYSTEM32\UMPDC.dll
0x00007ffe4e5c0000 - 0x00007ffe4e5db000 	C:\WINDOWS\SYSTEM32\kernel.appcore.dll
0x00007ffe324f0000 - 0x00007ffe324fa000 	C:\Users\MypC\.vscode\extensions\redhat.java-1.56.0-win32-x64\jre\21.0.12.1-win32-x86_64\bin\jimage.dll
0x00007ffe4cce0000 - 0x00007ffe4cf2c000 	C:\WINDOWS\SYSTEM32\DBGHELP.DLL
0x00007ffe50850000 - 0x00007ffe50bda000 	C:\WINDOWS\System32\combase.dll
0x00007ffe50be0000 - 0x00007ffe50cb9000 	C:\WINDOWS\System32\OLEAUT32.dll
0x00007ffe49130000 - 0x00007ffe4916b000 	C:\WINDOWS\SYSTEM32\dbgcore.DLL
0x00007ffe50210000 - 0x00007ffe502bc000 	C:\WINDOWS\System32\bcryptPrimitives.dll
0x00007ffe312d0000 - 0x00007ffe312df000 	C:\Users\MypC\.vscode\extensions\redhat.java-1.56.0-win32-x64\jre\21.0.12.1-win32-x86_64\bin\instrument.dll
0x00007ffe31480000 - 0x00007ffe314a0000 	C:\Users\MypC\.vscode\extensions\redhat.java-1.56.0-win32-x64\jre\21.0.12.1-win32-x86_64\bin\java.dll
0x00007ffe51060000 - 0x00007ffe517fc000 	C:\WINDOWS\System32\SHELL32.dll
0x00007ffe4d350000 - 0x00007ffe4dbfd000 	C:\WINDOWS\SYSTEM32\windows.storage.dll
0x00007ffe51e50000 - 0x00007ffe51f49000 	C:\WINDOWS\System32\SHCORE.dll
0x00007ffe50ff0000 - 0x00007ffe51056000 	C:\WINDOWS\System32\shlwapi.dll
0x00007ffe4f850000 - 0x00007ffe4f879000 	C:\WINDOWS\SYSTEM32\profapi.dll
0x00007ffe28060000 - 0x00007ffe28078000 	C:\Users\MypC\.vscode\extensions\redhat.java-1.56.0-win32-x64\jre\21.0.12.1-win32-x86_64\bin\zip.dll
0x00007ffe321f0000 - 0x00007ffe32200000 	C:\Users\MypC\.vscode\extensions\redhat.java-1.56.0-win32-x64\jre\21.0.12.1-win32-x86_64\bin\net.dll
0x00007ffe48690000 - 0x00007ffe487ba000 	C:\WINDOWS\SYSTEM32\WINHTTP.dll
0x00007ffe4eba0000 - 0x00007ffe4ec0c000 	C:\WINDOWS\system32\mswsock.dll
0x00007ffe0c940000 - 0x00007ffe0c956000 	C:\Users\MypC\.vscode\extensions\redhat.java-1.56.0-win32-x64\jre\21.0.12.1-win32-x86_64\bin\nio.dll
0x00007ffe2cfe0000 - 0x00007ffe2cff0000 	C:\Users\MypC\.vscode\extensions\redhat.java-1.56.0-win32-x64\jre\21.0.12.1-win32-x86_64\bin\verify.dll
0x00007ffe0a340000 - 0x00007ffe0a367000 	C:\Users\MypC\.gradle\native\660c5614fbf4a5f2a75b1949f50a0caf5cd603558e7d8a26e50b933a0cfb79d1\windows-amd64\native-platform.dll
0x00007ffddafb0000 - 0x00007ffddb027000 	C:\Users\MypC\.gradle\native\0.2.8\x86_64-windows-gnu\gradle-fileevents.dll
0x00007ffe07700000 - 0x00007ffe0770a000 	C:\Users\MypC\.vscode\extensions\redhat.java-1.56.0-win32-x64\jre\21.0.12.1-win32-x86_64\bin\management.dll
0x00007ffe04950000 - 0x00007ffe0495c000 	C:\Users\MypC\.vscode\extensions\redhat.java-1.56.0-win32-x64\jre\21.0.12.1-win32-x86_64\bin\management_ext.dll
0x00007ffe51810000 - 0x00007ffe51818000 	C:\WINDOWS\System32\PSAPI.DLL
0x00007ffe4df60000 - 0x00007ffe4df93000 	C:\WINDOWS\SYSTEM32\IPHLPAPI.DLL
0x00007ffe51b60000 - 0x00007ffe51b6a000 	C:\WINDOWS\System32\NSI.dll
0x00007ffe0c580000 - 0x00007ffe0c589000 	C:\Users\MypC\.vscode\extensions\redhat.java-1.56.0-win32-x64\jre\21.0.12.1-win32-x86_64\bin\extnet.dll
0x00007ffe4ee90000 - 0x00007ffe4eeab000 	C:\WINDOWS\SYSTEM32\CRYPTSP.dll
0x00007ffe4e520000 - 0x00007ffe4e559000 	C:\WINDOWS\system32\rsaenh.dll
0x00007ffe4ec50000 - 0x00007ffe4ec84000 	C:\WINDOWS\SYSTEM32\USERENV.dll
0x00007ffe4f820000 - 0x00007ffe4f84a000 	C:\WINDOWS\SYSTEM32\bcrypt.dll
0x00007ffe4eeb0000 - 0x00007ffe4eebc000 	C:\WINDOWS\SYSTEM32\CRYPTBASE.dll
0x00007ffe29750000 - 0x00007ffe2975e000 	C:\Users\MypC\.vscode\extensions\redhat.java-1.56.0-win32-x64\jre\21.0.12.1-win32-x86_64\bin\sunmscapi.dll
0x00007ffe502d0000 - 0x00007ffe5044f000 	C:\WINDOWS\System32\CRYPT32.dll
0x00007ffe4f0f0000 - 0x00007ffe4f120000 	C:\WINDOWS\SYSTEM32\ncrypt.dll
0x00007ffe4f0a0000 - 0x00007ffe4f0df000 	C:\WINDOWS\SYSTEM32\NTASN1.dll
0x00007ffe4bf40000 - 0x00007ffe4bf48000 	C:\WINDOWS\system32\wshunix.dll

JVMTI agents:
C:\Users\MypC\.gradle\wrapper\dists\gradle-9.3.1-all\9ot9r568e8zfvvd4mn8rbu1j0\gradle-9.3.1\lib\agents\gradle-instrumentation-agent-9.3.1.jar path:C:\Users\MypC\.vscode\extensions\redhat.java-1.56.0-win32-x64\jre\21.0.12.1-win32-x86_64\bin\instrument.dll, loaded, initialized, instrumentlib options:none

dbghelp: loaded successfully - version: 4.0.5 - missing functions: none
symbol engine: initialized successfully - sym options: 0x614 - pdb path: .;C:\Users\MypC\.vscode\extensions\redhat.java-1.56.0-win32-x64\jre\21.0.12.1-win32-x86_64\bin;C:\WINDOWS\SYSTEM32;C:\WINDOWS\WinSxS\amd64_microsoft.windows.common-controls_6595b64144ccf1df_6.0.26100.9549_none_3e0a0396e3330090;C:\Users\MypC\.vscode\extensions\redhat.java-1.56.0-win32-x64\jre\21.0.12.1-win32-x86_64\bin\server;C:\Users\MypC\.gradle\native\660c5614fbf4a5f2a75b1949f50a0caf5cd603558e7d8a26e50b933a0cfb79d1\windows-amd64;C:\Users\MypC\.gradle\native\0.2.8\x86_64-windows-gnu

VM Arguments:
jvm_args: --add-opens=java.base/java.lang=ALL-UNNAMED --add-opens=java.base/java.lang.invoke=ALL-UNNAMED --add-opens=java.base/java.util=ALL-UNNAMED --add-opens=java.prefs/java.util.prefs=ALL-UNNAMED --add-exports=jdk.compiler/com.sun.tools.javac.api=ALL-UNNAMED --add-exports=jdk.compiler/com.sun.tools.javac.util=ALL-UNNAMED --add-opens=java.base/java.util=ALL-UNNAMED --add-opens=java.prefs/java.util.prefs=ALL-UNNAMED --add-opens=java.base/java.nio.charset=ALL-UNNAMED --add-opens=java.base/java.net=ALL-UNNAMED --add-opens=java.base/java.util.concurrent=ALL-UNNAMED --add-opens=java.base/java.util.concurrent.atomic=ALL-UNNAMED --add-opens=java.xml/javax.xml.namespace=ALL-UNNAMED --add-opens=java.base/java.time=ALL-UNNAMED -XX:MaxMetaspaceSize=4G -XX:ReservedCodeCacheSize=512m -XX:+HeapDumpOnOutOfMemoryError -Xmx8G -Dfile.encoding=UTF-8 -Duser.country=US -Duser.language=en -Duser.variant -javaagent:C:\Users\MypC\.gradle\wrapper\dists\gradle-9.3.1-all\9ot9r568e8zfvvd4mn8rbu1j0\gradle-9.3.1\lib\agents\gradle-instrumentation-agent-9.3.1.jar 
java_command: org.gradle.launcher.daemon.bootstrap.GradleDaemon 9.3.1
java_class_path (initial): C:\Users\MypC\.gradle\wrapper\dists\gradle-9.3.1-all\9ot9r568e8zfvvd4mn8rbu1j0\gradle-9.3.1\lib\gradle-daemon-main-9.3.1.jar
Launcher Type: SUN_STANDARD

[Global flags]
     intx CICompilerCount                          = 4                                         {product} {ergonomic}
     uint ConcGCThreads                            = 2                                         {product} {ergonomic}
     uint G1ConcRefinementThreads                  = 8                                         {product} {ergonomic}
   size_t G1HeapRegionSize                         = 4194304                                   {product} {ergonomic}
    uintx GCDrainStackTargetSize                   = 64                                        {product} {ergonomic}
     bool HeapDumpOnOutOfMemoryError               = true                                   {manageable} {command line}
   size_t InitialHeapSize                          = 264241152                                 {product} {ergonomic}
   size_t MarkStackSize                            = 4194304                                   {product} {ergonomic}
   size_t MaxHeapSize                              = 8589934592                                {product} {command line}
   size_t MaxMetaspaceSize                         = 4294967296                                {product} {command line}
   size_t MaxNewSize                               = 5150605312                                {product} {ergonomic}
   size_t MinHeapDeltaBytes                        = 4194304                                   {product} {ergonomic}
   size_t MinHeapSize                              = 8388608                                   {product} {ergonomic}
    uintx NonNMethodCodeHeapSize                   = 5839372                                {pd product} {ergonomic}
    uintx NonProfiledCodeHeapSize                  = 265515770                              {pd product} {ergonomic}
    uintx ProfiledCodeHeapSize                     = 265515770                              {pd product} {ergonomic}
    uintx ReservedCodeCacheSize                    = 536870912                              {pd product} {command line}
     bool SegmentedCodeCache                       = true                                      {product} {ergonomic}
   size_t SoftMaxHeapSize                          = 8589934592                             {manageable} {ergonomic}
     bool UseCompressedOops                        = true                           {product lp64_product} {ergonomic}
     bool UseG1GC                                  = true                                      {product} {ergonomic}
     bool UseLargePagesIndividualAllocation        = false                                  {pd product} {ergonomic}

Logging:
Log output configuration:
 #0: stdout all=warning uptime,level,tags foldmultilines=false
 #1: stderr all=off uptime,level,tags foldmultilines=false

Release file:
JAVA_VERSION="21.0.12.1" 
MODULES="java.base java.compiler java.datatransfer java.xml java.prefs java.desktop java.instrument java.logging java.management java.security.sasl java.naming java.rmi java.management.rmi java.net.http java.scripting java.security.jgss java.transaction.xa java.sql java.sql.rowset java.xml.crypto java.se java.smartcardio jdk.accessibility jdk.internal.jvmstat jdk.attach jdk.charsets jdk.internal.opt jdk.zipfs jdk.compiler jdk.crypto.ec jdk.crypto.cryptoki jdk.crypto.mscapi jdk.dynalink jdk.internal.ed jdk.editpad jdk.hotspot.agent jdk.httpserver jdk.internal.le jdk.internal.vm.ci jdk.internal.vm.compiler jdk.internal.vm.compiler.management jdk.jartool jdk.javadoc jdk.jcmd jdk.management jdk.management.agent jdk.jconsole jdk.jdeps jdk.jdwp.agent jdk.jdi jdk.jfr jdk.jshell jdk.jsobject jdk.jstatd jdk.localedata jdk.management.jfr jdk.naming.dns jdk.naming.rmi jdk.net jdk.nio.mapmode jdk.random jdk.sctp jdk.security.auth jdk.security.jgss jdk.unsupported jdk.unsupported.desktop jdk.xml.dom" 

Environment Variables:
JAVA_HOME=C:\Users\MypC\AppData\Local\Programs\Eclipse Adoptium\jdk-17.0.20.101-hotspot\
PATH=C:\Program Files (x86)\VMware\VMware Workstation\bin\;C:\WINDOWS\system32;C:\WINDOWS;C:\WINDOWS\System32\Wbem;C:\WINDOWS\System32\WindowsPowerShell\v1.0\;C:\WINDOWS\System32\OpenSSH\;C:\Program Files\dotnet\;C:\Program Files\Microsoft SQL Server\Client SDK\ODBC\110\Tools\Binn\;C:\Program Files (x86)\Microsoft SQL Server\120\Tools\Binn\;C:\Program Files\Microsoft SQL Server\120\Tools\Binn\;C:\Program Files\Microsoft SQL Server\120\DTS\Binn\;C:\Program Files (x86)\Microsoft SQL Server\160\Tools\Binn\;C:\Program Files\Microsoft SQL Server\160\Tools\Binn\;C:\Program Files\Microsoft SQL Server\Client SDK\ODBC\170\Tools\Binn\;C:\Program Files\Microsoft SQL Server\160\DTS\Binn\;C:\Program Files (x86)\Microsoft SQL Server\120\Tools\Binn\ManagementStudio\;C:\Program Files (x86)\Microsoft SQL Server\120\DTS\Binn\;C:\Program Files\Microsoft SQL Server\150\Tools\Binn\;C:\Program Files\Microsoft SQL Server\170\Tools\Binn\;C:\ProgramData\chocolatey\bin;C:\Program Files\Git\cmd;F:\MypC\Program Files\nodejs\;F:\src\flutter\bin;C:\Program Files (x86)\Windows Kits\10\Windows Performance Toolkit\;C:\Users\MypC\AppData\Local\Programs\Eclipse Adoptium\jdk-17.0.20.101-hotspot\bin;C:\Users\MypC\AppData\Local\Programs\Python\Python312\Scripts\;C:\Users\MypC\AppData\Local\Programs\Python\Python312\;C:\Users\MypC\AppData\Local\Programs\Python\Launcher\;C:\Users\MypC\AppData\Local\Microsoft\WindowsApps;C:\Users\MypC\.dotnet\tools;C:\Users\MypC\AppData\Local\Programs\Microsoft VS Code\bin;C:\Users\MypC\AppData\Local\Programs\Antigravity\bin;C:\Users\MypC\AppData\Local\Programs\cursor\resources\app\bin;C:\Users\MypC\AppData\Local\Programs\Kiro\bin;C:\Users\MypC\AppData\Local\Programs\Antigravity IDE\bin;F:\tools\dart-sdk\bin;C:\Users\MypC\AppData\Local\Pub\Cache\bin;C:\Users\MypC\AppData\Roaming\npm
USERNAME=MypC
OS=Windows_NT
PROCESSOR_IDENTIFIER=Intel64 Family 6 Model 140 Stepping 1, GenuineIntel
TMP=C:\Users\MypC\AppData\Local\Temp
TEMP=C:\Users\MypC\AppData\Local\Temp




Periodic native trim disabled

---------------  S Y S T E M  ---------------

OS:
 Windows 11 , 64 bit Build 26100 (10.0.26100.9549)
OS uptime: 1 days 17:59 hours
Hyper-V role detected

CPU: total 8 (initial active 8) (4 cores per cpu, 2 threads per core) family 6 model 140 stepping 1 microcode 0xbe, cx8, cmov, fxsr, ht, mmx, 3dnowpref, sse, sse2, sse3, ssse3, sse4.1, sse4.2, popcnt, lzcnt, tsc, tscinvbit, avx, avx2, aes, erms, clmul, bmi1, bmi2, adx, avx512f, avx512dq, avx512cd, avx512bw, avx512vl, sha, fma, vzeroupper, avx512_vpopcntdq, avx512_vpclmulqdq, avx512_vaes, avx512_vnni, clflush, clflushopt, clwb, avx512_vbmi2, avx512_vbmi, hv, rdtscp, rdpid, fsrm, gfni, avx512_bitalg, f16c, cet_ibt, cet_ss, avx512_ifma
Processor Information for the first 8 processors :
  Max Mhz: 2419, Current Mhz: 2419, Mhz Limit: 2419

Memory: 4k page, system-wide physical 16106M (279M free)
TotalPageFile size 47356M (AvailPageFile size 1M)
current process WorkingSet (physical memory assigned to process): 130M, peak: 206M
current process commit charge ("private bytes"): 252M, peak: 413M

vm_info: OpenJDK 64-Bit Server VM (21.0.12.1+1-LTS) for windows-amd64 JRE (21.0.12.1+1-LTS), built on 2026-08-18T00:00:00Z by "admin" with MS VC++ 17.12 (VS2022)

END.
