#
# There is insufficient memory for the Java Runtime Environment to continue.
# Native memory allocation (malloc) failed to allocate 32784 bytes. Error detail: Chunk::new
# Possible reasons:
#   The system is out of physical RAM or swap space
#   This process is running with CompressedOops enabled, and the Java Heap may be blocking the growth of the native heap
# Possible solutions:
#   Reduce memory load on the system
#   Increase physical memory or swap space
#   Check if swap backing store is full
#   Decrease Java heap size (-Xmx/-Xms)
#   Decrease number of Java threads
#   Decrease Java thread stack sizes (-Xss)
#   Set larger code cache with -XX:ReservedCodeCacheSize=
#   JVM is running with Zero Based Compressed Oops mode in which the Java heap is
#     placed in the first 32GB address space. The Java Heap base address is the
#     maximum limit for the native heap growth. Please use -XX:HeapBaseMinAddress
#     to set the Java Heap base and to place the Java Heap above 32GB virtual address.
# This output file may be truncated or incomplete.
#
#  Out of Memory Error (arena.cpp:168), pid=30632, tid=30060
#
# JRE version: OpenJDK Runtime Environment Temurin-21.0.12.1+1 (21.0.12.1+1) (build 21.0.12.1+1-LTS)
# Java VM: OpenJDK 64-Bit Server VM Temurin-21.0.12.1+1 (21.0.12.1+1-LTS, mixed mode, sharing, tiered, compressed oops, compressed class ptrs, g1 gc, windows-amd64)
# No core dump will be written. Minidumps are not enabled by default on client versions of Windows
#

---------------  S U M M A R Y ------------

Command Line: --add-opens=java.base/java.lang=ALL-UNNAMED --add-opens=java.base/java.lang.invoke=ALL-UNNAMED --add-opens=java.base/java.util=ALL-UNNAMED --add-opens=java.prefs/java.util.prefs=ALL-UNNAMED --add-exports=jdk.compiler/com.sun.tools.javac.api=ALL-UNNAMED --add-exports=jdk.compiler/com.sun.tools.javac.util=ALL-UNNAMED --add-opens=java.base/java.util=ALL-UNNAMED --add-opens=java.prefs/java.util.prefs=ALL-UNNAMED --add-opens=java.base/java.nio.charset=ALL-UNNAMED --add-opens=java.base/java.net=ALL-UNNAMED --add-opens=java.base/java.util.concurrent=ALL-UNNAMED --add-opens=java.base/java.util.concurrent.atomic=ALL-UNNAMED --add-opens=java.xml/javax.xml.namespace=ALL-UNNAMED --add-opens=java.base/java.time=ALL-UNNAMED -XX:MaxMetaspaceSize=4G -XX:ReservedCodeCacheSize=512m -XX:+HeapDumpOnOutOfMemoryError -Xmx8G -Dfile.encoding=UTF-8 -Duser.country=US -Duser.language=en -Duser.variant -javaagent:C:\Users\MypC\.gradle\wrapper\dists\gradle-9.3.1-all\9ot9r568e8zfvvd4mn8rbu1j0\gradle-9.3.1\lib\agents\gradle-instrumentation-agent-9.3.1.jar org.gradle.launcher.daemon.bootstrap.GradleDaemon 9.3.1

Host: 11th Gen Intel(R) Core(TM) i5-1135G7 @ 2.40GHz, 8 cores, 15G,  Windows 11 , 64 bit Build 26100 (10.0.26100.9549)
Time: Sat Sep 26 13:16:06 2026 SE Asia Standard Time elapsed time: 706.709428 seconds (0d 0h 11m 46s)

---------------  T H R E A D  ---------------

Current thread (0x000002c645185b30):  JavaThread "C2 CompilerThread0" daemon [_thread_in_native, id=30060, stack(0x000000fb43d00000,0x000000fb43e00000) (1024K)]


Current CompileTask:
C2:706709 6401       4       sun.net.www.protocol.jar.Handler::parseURL (173 bytes)

Stack: [0x000000fb43d00000,0x000000fb43e00000]
Native frames: (J=compiled Java code, j=interpreted, Vv=VM code, C=native code)
V  [jvm.dll+0x6d83e9]
V  [jvm.dll+0x8b5736]
V  [jvm.dll+0x8b7cee]
V  [jvm.dll+0x8b83d3]
V  [jvm.dll+0x284596]
V  [jvm.dll+0xc685d]
V  [jvm.dll+0xc6da1]
V  [jvm.dll+0xc6985]
V  [jvm.dll+0x6b33cc]
V  [jvm.dll+0x254339]
V  [jvm.dll+0x6fdcfa]
V  [jvm.dll+0x24da2a]
V  [jvm.dll+0x24bbe6]
V  [jvm.dll+0x1cb4ae]
V  [jvm.dll+0x25baad]
V  [jvm.dll+0x25a03a]
V  [jvm.dll+0x3f8aae]
V  [jvm.dll+0x8600cd]
V  [jvm.dll+0x6d6c1d]
C  [ucrtbase.dll+0x2cd30]
C  [KERNEL32.DLL+0x2cdf7]
C  [ntdll.dll+0x7ee4c]


---------------  P R O C E S S  ---------------

Threads class SMR info:
_java_thread_list=0x000002c68f6f2f10, length=48, elements={
0x000002c617861b20, 0x000002c6451780d0, 0x000002c64517b5d0, 0x000002c645180e70,
0x000002c6451838e0, 0x000002c645184340, 0x000002c645184da0, 0x000002c645185b30,
0x000002c64518b490, 0x000002c647bdd080, 0x000002c647c609f0, 0x000002c68d9cab30,
0x000002c68d4df480, 0x000002c647b54d60, 0x000002c68e3906a0, 0x000002c647a3e090,
0x000002c68dfbbbe0, 0x000002c68dfbc270, 0x000002c68dfbc900, 0x000002c690582700,
0x000002c690584140, 0x000002c690583420, 0x000002c6905847d0, 0x000002c6905819e0,
0x000002c6905854f0, 0x000002c690582070, 0x000002c690582d90, 0x000002c6905882e0,
0x000002c6905868a0, 0x000002c690586f30, 0x000002c690587c50, 0x000002c690585b80,
0x000002c690581350, 0x000002c6905875c0, 0x000002c68dfba830, 0x000002c68dfbaec0,
0x000002c68dfbb550, 0x000002c68dfbcf90, 0x000002c68f17c540, 0x000002c68f17d8f0,
0x000002c68f17cbd0, 0x000002c68f17b820, 0x000002c68f17df80, 0x000002c68f17d260,
0x000002c68f17beb0, 0x000002c68f17ab00, 0x000002c68f17e610, 0x000002c68f17b190
}

Java Threads: ( => current thread )
  0x000002c617861b20 JavaThread "main"                              [_thread_blocked, id=20580, stack(0x000000fb42e00000,0x000000fb42f00000) (1024K)]
  0x000002c6451780d0 JavaThread "Reference Handler"          daemon [_thread_blocked, id=9428, stack(0x000000fb43700000,0x000000fb43800000) (1024K)]
  0x000002c64517b5d0 JavaThread "Finalizer"                  daemon [_thread_blocked, id=29176, stack(0x000000fb43800000,0x000000fb43900000) (1024K)]
  0x000002c645180e70 JavaThread "Signal Dispatcher"          daemon [_thread_blocked, id=30476, stack(0x000000fb43900000,0x000000fb43a00000) (1024K)]
  0x000002c6451838e0 JavaThread "Attach Listener"            daemon [_thread_blocked, id=29808, stack(0x000000fb43a00000,0x000000fb43b00000) (1024K)]
  0x000002c645184340 JavaThread "Service Thread"             daemon [_thread_blocked, id=30036, stack(0x000000fb43b00000,0x000000fb43c00000) (1024K)]
  0x000002c645184da0 JavaThread "Monitor Deflation Thread"   daemon [_thread_blocked, id=4472, stack(0x000000fb43c00000,0x000000fb43d00000) (1024K)]
=>0x000002c645185b30 JavaThread "C2 CompilerThread0"         daemon [_thread_in_native, id=30060, stack(0x000000fb43d00000,0x000000fb43e00000) (1024K)]
  0x000002c64518b490 JavaThread "C1 CompilerThread0"         daemon [_thread_blocked, id=27892, stack(0x000000fb43e00000,0x000000fb43f00000) (1024K)]
  0x000002c647bdd080 JavaThread "Common-Cleaner"             daemon [_thread_blocked, id=31248, stack(0x000000fb43f00000,0x000000fb44000000) (1024K)]
  0x000002c647c609f0 JavaThread "Notification Thread"        daemon [_thread_blocked, id=31504, stack(0x000000fb44000000,0x000000fb44100000) (1024K)]
  0x000002c68d9cab30 JavaThread "Daemon health stats"               [_thread_blocked, id=29208, stack(0x000000fb42f00000,0x000000fb43000000) (1024K)]
  0x000002c68d4df480 JavaThread "Incoming local TCP Connector on port 60795"        [_thread_in_native, id=26980, stack(0x000000fb44600000,0x000000fb44700000) (1024K)]
  0x000002c647b54d60 JavaThread "Daemon periodic checks"            [_thread_blocked, id=29660, stack(0x000000fb44700000,0x000000fb44800000) (1024K)]
  0x000002c68e3906a0 JavaThread "Daemon"                            [_thread_blocked, id=29104, stack(0x000000fb44900000,0x000000fb44a00000) (1024K)]
  0x000002c647a3e090 JavaThread "Daemon worker"                     [_thread_blocked, id=30352, stack(0x000000fb44c00000,0x000000fb44d00000) (1024K)]
  0x000002c68dfbbbe0 JavaThread "Cache worker for journal cache (C:\Users\MypC\.gradle\caches\journal-1)"        [_thread_blocked, id=28148, stack(0x000000fb45000000,0x000000fb45100000) (1024K)]
  0x000002c68dfbc270 JavaThread "File lock request listener"        [_thread_in_native, id=16820, stack(0x000000fb45100000,0x000000fb45200000) (1024K)]
  0x000002c68dfbc900 JavaThread "Cache worker for file hash cache (C:\Users\MypC\.gradle\caches\9.3.1\fileHashes)"        [_thread_blocked, id=26628, stack(0x000000fb45200000,0x000000fb45300000) (1024K)]
  0x000002c690582700 JavaThread "File watcher server"        daemon [_thread_in_native, id=33600, stack(0x000000fb45900000,0x000000fb45a00000) (1024K)]
  0x000002c690584140 JavaThread "File watcher consumer"      daemon [_thread_blocked, id=33604, stack(0x000000fb45a00000,0x000000fb45b00000) (1024K)]
  0x000002c690583420 JavaThread "Cache worker for file content cache (C:\Users\MypC\.gradle\caches\9.3.1\fileContent)"        [_thread_blocked, id=33724, stack(0x000000fb45c00000,0x000000fb45d00000) (1024K)]
  0x000002c6905847d0 JavaThread "Handler for socket connection from /127.0.0.1:60795 to /127.0.0.1:55483"        [_thread_in_native, id=5936, stack(0x000000fb44800000,0x000000fb44900000) (1024K)]
  0x000002c6905819e0 JavaThread "Cancel handler"                    [_thread_blocked, id=29912, stack(0x000000fb44a00000,0x000000fb44b00000) (1024K)]
  0x000002c6905854f0 JavaThread "Asynchronous log dispatcher for DefaultDaemonConnection: socket connection from /127.0.0.1:60795 to /127.0.0.1:55483"        [_thread_blocked, id=11920, stack(0x000000fb44b00000,0x000000fb44c00000) (1024K)]
  0x000002c690582070 JavaThread "Stdin handler"                     [_thread_blocked, id=29824, stack(0x000000fb44d00000,0x000000fb44e00000) (1024K)]
  0x000002c690582d90 JavaThread "Daemon client event forwarder"        [_thread_blocked, id=9440, stack(0x000000fb44e00000,0x000000fb44f00000) (1024K)]
  0x000002c6905882e0 JavaThread "Cache worker for file hash cache (F:\DA_NhaThuoc\pharmacy-backend\mobile_pharmacy\android\.gradle\9.3.1\fileHashes)"        [_thread_blocked, id=12888, stack(0x000000fb44f00000,0x000000fb45000000) (1024K)]
  0x000002c6905868a0 JavaThread "Cache worker for Build Output Cleanup Cache (F:\DA_NhaThuoc\pharmacy-backend\mobile_pharmacy\android\.gradle\buildOutputCleanup)"        [_thread_blocked, id=8944, stack(0x000000fb45700000,0x000000fb45800000) (1024K)]
  0x000002c690586f30 JavaThread "Cache worker for checksums cache (F:\DA_NhaThuoc\pharmacy-backend\mobile_pharmacy\android\.gradle\9.3.1\checksums)"        [_thread_blocked, id=33120, stack(0x000000fb45800000,0x000000fb45900000) (1024K)]
  0x000002c690587c50 JavaThread "Cache worker for cache directory md-supplier (C:\Users\MypC\.gradle\caches\9.3.1\md-supplier)"        [_thread_blocked, id=27800, stack(0x000000fb45b00000,0x000000fb45c00000) (1024K)]
  0x000002c690585b80 JavaThread "Cache worker for cache directory md-rule (C:\Users\MypC\.gradle\caches\9.3.1\md-rule)"        [_thread_blocked, id=26368, stack(0x000000fb45d00000,0x000000fb45e00000) (1024K)]
  0x000002c690581350 JavaThread "File lock release action executor Thread 2"        [_thread_blocked, id=40764, stack(0x000000fb45300000,0x000000fb45400000) (1024K)]
  0x000002c6905875c0 JavaThread "Cache worker for Build Output Cleanup Cache (F:\src\flutter\packages\flutter_tools\gradle\.gradle\buildOutputCleanup)"        [_thread_blocked, id=41032, stack(0x000000fb45e00000,0x000000fb45f00000) (1024K)]
  0x000002c68dfba830 JavaThread "Unconstrained build operations"        [_thread_blocked, id=35496, stack(0x000000fb46000000,0x000000fb46100000) (1024K)]
  0x000002c68dfbaec0 JavaThread "Unconstrained build operations Thread 2"        [_thread_blocked, id=36432, stack(0x000000fb46100000,0x000000fb46200000) (1024K)]
  0x000002c68dfbb550 JavaThread "Unconstrained build operations Thread 3"        [_thread_blocked, id=36612, stack(0x000000fb46200000,0x000000fb46300000) (1024K)]
  0x000002c68dfbcf90 JavaThread "Unconstrained build operations Thread 4"        [_thread_blocked, id=36036, stack(0x000000fb46300000,0x000000fb46400000) (1024K)]
  0x000002c68f17c540 JavaThread "Unconstrained build operations Thread 5"        [_thread_blocked, id=39908, stack(0x000000fb46400000,0x000000fb46500000) (1024K)]
  0x000002c68f17d8f0 JavaThread "Unconstrained build operations Thread 6"        [_thread_blocked, id=34768, stack(0x000000fb46500000,0x000000fb46600000) (1024K)]
  0x000002c68f17cbd0 JavaThread "Unconstrained build operations Thread 7"        [_thread_blocked, id=40668, stack(0x000000fb46600000,0x000000fb46700000) (1024K)]
  0x000002c68f17b820 JavaThread "Unconstrained build operations Thread 8"        [_thread_in_vm, id=21316, stack(0x000000fb42d00000,0x000000fb42e00000) (1024K)]
  0x000002c68f17df80 JavaThread "Unconstrained build operations Thread 9"        [_thread_blocked, id=36568, stack(0x000000fb45f00000,0x000000fb46000000) (1024K)]
  0x000002c68f17d260 JavaThread "Unconstrained build operations Thread 10"        [_thread_blocked, id=19240, stack(0x000000fb46700000,0x000000fb46800000) (1024K)]
  0x000002c68f17beb0 JavaThread "Unconstrained build operations Thread 11"        [_thread_blocked, id=15480, stack(0x000000fb46800000,0x000000fb46900000) (1024K)]
  0x000002c68f17ab00 JavaThread "Unconstrained build operations Thread 12"        [_thread_blocked, id=41084, stack(0x000000fb46900000,0x000000fb46a00000) (1024K)]
  0x000002c68f17e610 JavaThread "Unconstrained build operations Thread 13"        [_thread_blocked, id=15984, stack(0x000000fb46a00000,0x000000fb46b00000) (1024K)]
  0x000002c68f17b190 JavaThread "Unconstrained build operations Thread 14"        [_thread_blocked, id=36552, stack(0x000000fb46b00000,0x000000fb46c00000) (1024K)]
Total: 48

Other Threads:
  0x000002c645159fe0 VMThread "VM Thread"                           [id=30708, stack(0x000000fb43600000,0x000000fb43700000) (1024K)]
  0x000002c645148d30 WatcherThread "VM Periodic Task Thread"        [id=23644, stack(0x000000fb43500000,0x000000fb43600000) (1024K)]
  0x000002c61790cd80 WorkerThread "GC Thread#0"                     [id=30312, stack(0x000000fb43000000,0x000000fb43100000) (1024K)]
  0x000002c647c0cd30 WorkerThread "GC Thread#1"                     [id=3896, stack(0x000000fb44100000,0x000000fb44200000) (1024K)]
  0x000002c647c0d0e0 WorkerThread "GC Thread#2"                     [id=29928, stack(0x000000fb44200000,0x000000fb44300000) (1024K)]
  0x000002c647c0d490 WorkerThread "GC Thread#3"                     [id=29960, stack(0x000000fb44300000,0x000000fb44400000) (1024K)]
  0x000002c647c37a30 WorkerThread "GC Thread#4"                     [id=30960, stack(0x000000fb44400000,0x000000fb44500000) (1024K)]
  0x000002c647c37de0 WorkerThread "GC Thread#5"                     [id=21852, stack(0x000000fb44500000,0x000000fb44600000) (1024K)]
  0x000002c68f45ee10 WorkerThread "GC Thread#6"                     [id=33136, stack(0x000000fb45400000,0x000000fb45500000) (1024K)]
  0x000002c68f45e6b0 WorkerThread "GC Thread#7"                     [id=33140, stack(0x000000fb45500000,0x000000fb45600000) (1024K)]
  0x000002c61791dc80 ConcurrentGCThread "G1 Main Marker"            [id=25784, stack(0x000000fb43100000,0x000000fb43200000) (1024K)]
  0x000002c61791e6a0 WorkerThread "G1 Conc#0"                       [id=28048, stack(0x000000fb43200000,0x000000fb43300000) (1024K)]
  0x000002c68f45d7f0 WorkerThread "G1 Conc#1"                       [id=33156, stack(0x000000fb45600000,0x000000fb45700000) (1024K)]
  0x000002c645018f60 ConcurrentGCThread "G1 Refine#0"               [id=21452, stack(0x000000fb43300000,0x000000fb43400000) (1024K)]
  0x000002c6450199f0 ConcurrentGCThread "G1 Service"                [id=18392, stack(0x000000fb43400000,0x000000fb43500000) (1024K)]
Total: 15

Threads with active compile tasks:
C2 CompilerThread0  706772 6401       4       sun.net.www.protocol.jar.Handler::parseURL (173 bytes)
Total: 1

VM state: not at safepoint (normal execution)

VM Mutex/Monitor currently owned by a thread: None

Heap address: 0x0000000600000000, size: 8192 MB, Compressed Oops mode: Zero based, Oop shift amount: 3

CDS archive(s) mapped at: [0x000002c648000000-0x000002c648ba0000-0x000002c648ba0000), size 12189696, SharedBaseAddress: 0x000002c648000000, ArchiveRelocationMode: 1.
Compressed class space mapped at: 0x000002c649000000-0x000002c689000000, reserved size: 1073741824
Narrow klass base: 0x000002c648000000, Narrow klass shift: 0, Narrow klass range: 0x100000000

GC Precious Log:
 CardTable entry size: 512
 Card Set container configuration: InlinePtr #cards 4 size 8 Array Of Cards #cards 32 size 80 Howl #buckets 8 coarsen threshold 7372 Howl Bitmap #cards 1024 size 144 coarsen threshold 921 Card regions per heap region 1 cards per card region 8192
 CPUs: 8 total, 8 available
 Memory: 16106M
 Large Page Support: Disabled
 NUMA Support: Disabled
 Compressed Oops: Enabled (Zero based)
 Heap Region Size: 4M
 Heap Min Capacity: 8M
 Heap Initial Capacity: 252M
 Heap Max Capacity: 8G
 Pre-touch: Disabled
 Parallel Workers: 8
 Concurrent Workers: 2
 Concurrent Refinement Workers: 8
 Periodic GC: Disabled

Heap:
 garbage-first heap   total 106496K, used 65016K [0x0000000600000000, 0x0000000800000000)
  region size 4096K, 10 young (40960K), 2 survivors (8192K)
 Metaspace       used 48373K, committed 50176K, reserved 1114112K
  class space    used 7148K, committed 8064K, reserved 1048576K

Heap Regions: E=young(eden), S=young(survivor), O=old, HS=humongous(starts), HC=humongous(continues), CS=collection set, F=free, TAMS=top-at-mark-start, PB=parsable bottom
|   0|0x0000000600000000, 0x0000000600400000, 0x0000000600400000|100%|HS|  |TAMS 0x0000000600000000| PB 0x0000000600000000| Complete 
|   1|0x0000000600400000, 0x0000000600800000, 0x0000000600800000|100%| O|  |TAMS 0x0000000600400000| PB 0x0000000600400000| Untracked 
|   2|0x0000000600800000, 0x0000000600c00000, 0x0000000600c00000|100%| O|  |TAMS 0x0000000600800000| PB 0x0000000600800000| Untracked 
|   3|0x0000000600c00000, 0x0000000601000000, 0x0000000601000000|100%| O|  |TAMS 0x0000000600c00000| PB 0x0000000600c00000| Untracked 
|   4|0x0000000601000000, 0x0000000601400000, 0x0000000601400000|100%| O|  |TAMS 0x0000000601000000| PB 0x0000000601000000| Untracked 
|   5|0x0000000601400000, 0x0000000601800000, 0x0000000601800000|100%| O|  |TAMS 0x0000000601400000| PB 0x0000000601400000| Untracked 
|   6|0x0000000601800000, 0x0000000601c00000, 0x0000000601c00000|100%| O|  |TAMS 0x0000000601800000| PB 0x0000000601800000| Untracked 
|   7|0x0000000601c00000, 0x0000000601d8f5c0, 0x0000000602000000| 38%| O|  |TAMS 0x0000000601c00000| PB 0x0000000601c00000| Untracked 
|   8|0x0000000602000000, 0x0000000602000000, 0x0000000602400000|  0%| F|  |TAMS 0x0000000602000000| PB 0x0000000602000000| Untracked 
|   9|0x0000000602400000, 0x0000000602400000, 0x0000000602800000|  0%| F|  |TAMS 0x0000000602400000| PB 0x0000000602400000| Untracked 
|  10|0x0000000602800000, 0x0000000602800000, 0x0000000602c00000|  0%| F|  |TAMS 0x0000000602800000| PB 0x0000000602800000| Untracked 
|  11|0x0000000602c00000, 0x0000000602deedf8, 0x0000000603000000| 48%| S|CS|TAMS 0x0000000602c00000| PB 0x0000000602c00000| Complete 
|  12|0x0000000603000000, 0x0000000603400000, 0x0000000603400000|100%| S|CS|TAMS 0x0000000603000000| PB 0x0000000603000000| Complete 
|  13|0x0000000603400000, 0x0000000603400000, 0x0000000603800000|  0%| F|  |TAMS 0x0000000603400000| PB 0x0000000603400000| Untracked 
|  14|0x0000000603800000, 0x0000000603800000, 0x0000000603c00000|  0%| F|  |TAMS 0x0000000603800000| PB 0x0000000603800000| Untracked 
|  15|0x0000000603c00000, 0x0000000603c00000, 0x0000000604000000|  0%| F|  |TAMS 0x0000000603c00000| PB 0x0000000603c00000| Untracked 
|  16|0x0000000604000000, 0x0000000604000000, 0x0000000604400000|  0%| F|  |TAMS 0x0000000604000000| PB 0x0000000604000000| Untracked 
|  17|0x0000000604400000, 0x0000000604400000, 0x0000000604800000|  0%| F|  |TAMS 0x0000000604400000| PB 0x0000000604400000| Untracked 
|  18|0x0000000604800000, 0x0000000604848ec0, 0x0000000604c00000|  7%| E|  |TAMS 0x0000000604800000| PB 0x0000000604800000| Complete 
|  19|0x0000000604c00000, 0x0000000605000000, 0x0000000605000000|100%| E|CS|TAMS 0x0000000604c00000| PB 0x0000000604c00000| Complete 
|  20|0x0000000605000000, 0x0000000605400000, 0x0000000605400000|100%| E|CS|TAMS 0x0000000605000000| PB 0x0000000605000000| Complete 
|  21|0x0000000605400000, 0x0000000605800000, 0x0000000605800000|100%| E|CS|TAMS 0x0000000605400000| PB 0x0000000605400000| Complete 
|  22|0x0000000605800000, 0x0000000605c00000, 0x0000000605c00000|100%| E|CS|TAMS 0x0000000605800000| PB 0x0000000605800000| Complete 
|  23|0x0000000605c00000, 0x0000000606000000, 0x0000000606000000|100%| E|CS|TAMS 0x0000000605c00000| PB 0x0000000605c00000| Complete 
|  61|0x000000060f400000, 0x000000060f800000, 0x000000060f800000|100%| E|CS|TAMS 0x000000060f400000| PB 0x000000060f400000| Complete 
|  62|0x000000060f800000, 0x000000060fc00000, 0x000000060fc00000|100%| E|CS|TAMS 0x000000060f800000| PB 0x000000060f800000| Complete 

Card table byte_map: [0x000002c63bfb0000,0x000002c63cfb0000] _byte_map_base: 0x000002c638fb0000

Marking Bits: (CMBitMap*) 0x000002c61790d3a0
 Bits: [0x000002c63cfb0000, 0x000002c644fb0000)

Polling page: 0x000002c6155f0000

Metaspace:

Usage:
  Non-class:     40.26 MB used.
      Class:      6.98 MB used.
       Both:     47.24 MB used.

Virtual space:
  Non-class space:       64.00 MB reserved,      41.12 MB ( 64%) committed,  1 nodes.
      Class space:        1.00 GB reserved,       7.88 MB ( <1%) committed,  1 nodes.
             Both:        1.06 GB reserved,      49.00 MB (  5%) committed. 

Chunk freelists:
   Non-Class:  6.58 MB
       Class:  8.16 MB
        Both:  14.73 MB

MaxMetaspaceSize: 4.00 GB
CompressedClassSpaceSize: 1.00 GB
Initial GC threshold: 21.00 MB
Current GC threshold: 60.00 MB
CDS: on
 - commit_granule_bytes: 65536.
 - commit_granule_words: 8192.
 - virtual_space_node_default_size: 8388608.
 - enlarge_chunks_in_place: 1.
 - use_allocation_guard: 0.


Internal statistics:

num_allocs_failed_limit: 9.
num_arena_births: 3264.
num_arena_deaths: 0.
num_vsnodes_births: 2.
num_vsnodes_deaths: 0.
num_space_committed: 784.
num_space_uncommitted: 0.
num_chunks_returned_to_freelist: 9.
num_chunks_taken_from_freelist: 5700.
num_chunk_merges: 6.
num_chunk_splits: 3644.
num_chunks_enlarged: 2203.
num_inconsistent_stats: 0.

CodeHeap 'non-profiled nmethods': size=259264Kb used=3615Kb max_used=3615Kb free=255648Kb
 bounds [0x000002c62ad30000, 0x000002c62b0c0000, 0x000002c63aa60000]
CodeHeap 'profiled nmethods': size=259264Kb used=11269Kb max_used=11269Kb free=247994Kb
 bounds [0x000002c61aa60000, 0x000002c61b570000, 0x000002c62a790000]
CodeHeap 'non-nmethods': size=5760Kb used=2053Kb max_used=2089Kb free=3706Kb
 bounds [0x000002c62a790000, 0x000002c62aa00000, 0x000002c62ad30000]
CodeCache: size=524288Kb, used=16937Kb, max_used=16973Kb, free=507348Kb
 total_blobs=6639, nmethods=5897, adapters=646, full_count=0
Compilation: enabled, stopped_count=0, restarted_count=0

Compilation events (20 events):
Event: 706.567 Thread 0x000002c64518b490 nmethod 6391 0x000002c61b55dc90 code [0x000002c61b55de40, 0x000002c61b55e070]
Event: 706.568 Thread 0x000002c64518b490 6392       3       java.io.DataInputStream::read (11 bytes)
Event: 706.568 Thread 0x000002c64518b490 nmethod 6392 0x000002c61b55e190 code [0x000002c61b55e340, 0x000002c61b55e520]
Event: 706.569 Thread 0x000002c64518b490 6393       3       com.google.common.collect.MapMakerInternalMap$AbstractWeakKeyEntry::getKey (5 bytes)
Event: 706.569 Thread 0x000002c64518b490 nmethod 6393 0x000002c61b55e610 code [0x000002c61b55e7a0, 0x000002c61b55e968]
Event: 706.572 Thread 0x000002c64518b490 6394       3       java.util.Collections::indexedBinarySearch (83 bytes)
Event: 706.572 Thread 0x000002c64518b490 nmethod 6394 0x000002c61b55ea10 code [0x000002c61b55ec00, 0x000002c61b55f1e8]
Event: 706.572 Thread 0x000002c64518b490 6395       1       com.google.common.collect.MapMakerInternalMap$WeakKeyDummyValueSegment::access$800 (5 bytes)
Event: 706.572 Thread 0x000002c64518b490 nmethod 6395 0x000002c62b0b7590 code [0x000002c62b0b7720, 0x000002c62b0b77d0]
Event: 706.574 Thread 0x000002c64518b490 6396       3       org.gradle.internal.serialize.kryo.KryoBackedDecoder::<init> (9 bytes)
Event: 706.575 Thread 0x000002c64518b490 nmethod 6396 0x000002c61b55f390 code [0x000002c61b55f540, 0x000002c61b55f680]
Event: 706.575 Thread 0x000002c64518b490 6397       3       org.gradle.internal.serialize.kryo.KryoBackedDecoder::<init> (26 bytes)
Event: 706.576 Thread 0x000002c64518b490 nmethod 6397 0x000002c61b55f710 code [0x000002c61b55f920, 0x000002c61b560108]
Event: 706.576 Thread 0x000002c64518b490 6398       3       com.esotericsoftware.kryo.io.Input::<init> (25 bytes)
Event: 706.576 Thread 0x000002c64518b490 nmethod 6398 0x000002c61b560390 code [0x000002c61b560580, 0x000002c61b560b00]
Event: 706.585 Thread 0x000002c64518b490 6399       3       java.util.Optional::filter (35 bytes)
Event: 706.586 Thread 0x000002c64518b490 nmethod 6399 0x000002c61b560c90 code [0x000002c61b560e80, 0x000002c61b561380]
Event: 706.586 Thread 0x000002c645185b30 6400       4       com.google.common.collect.RegularImmutableMap::makeImmutable (44 bytes)
Event: 706.589 Thread 0x000002c645185b30 nmethod 6400 0x000002c62b0b7890 code [0x000002c62b0b7a40, 0x000002c62b0b7c18]
Event: 706.679 Thread 0x000002c645185b30 6401       4       sun.net.www.protocol.jar.Handler::parseURL (173 bytes)

GC Heap History (20 events):
Event: 85.849 GC heap before
{Heap before GC invocations=1 (full 0):
 garbage-first heap   total 258048K, used 46591K [0x0000000600000000, 0x0000000800000000)
  region size 4096K, 11 young (45056K), 1 survivors (4096K)
 Metaspace       used 4614K, committed 4864K, reserved 1114112K
  class space    used 583K, committed 704K, reserved 1048576K
}
Event: 85.859 GC heap after
{Heap after GC invocations=2 (full 0):
 garbage-first heap   total 258048K, used 11896K [0x0000000600000000, 0x0000000800000000)
  region size 4096K, 2 young (8192K), 2 survivors (8192K)
 Metaspace       used 4614K, committed 4864K, reserved 1114112K
  class space    used 583K, committed 704K, reserved 1048576K
}
Event: 166.363 GC heap before
{Heap before GC invocations=2 (full 0):
 garbage-first heap   total 258048K, used 151160K [0x0000000600000000, 0x0000000800000000)
  region size 4096K, 37 young (151552K), 2 survivors (8192K)
 Metaspace       used 20790K, committed 21504K, reserved 1114112K
  class space    used 2855K, committed 3200K, reserved 1048576K
}
Event: 166.400 GC heap after
{Heap after GC invocations=3 (full 0):
 garbage-first heap   total 258048K, used 23856K [0x0000000600000000, 0x0000000800000000)
  region size 4096K, 5 young (20480K), 5 survivors (20480K)
 Metaspace       used 20790K, committed 21504K, reserved 1114112K
  class space    used 2855K, committed 3200K, reserved 1048576K
}
Event: 166.454 GC heap before
{Heap before GC invocations=3 (full 0):
 garbage-first heap   total 258048K, used 23856K [0x0000000600000000, 0x0000000800000000)
  region size 4096K, 6 young (24576K), 5 survivors (20480K)
 Metaspace       used 20878K, committed 21504K, reserved 1114112K
  class space    used 2875K, committed 3200K, reserved 1048576K
}
Event: 166.479 GC heap after
{Heap after GC invocations=4 (full 0):
 garbage-first heap   total 258048K, used 25080K [0x0000000600000000, 0x0000000800000000)
  region size 4096K, 1 young (4096K), 1 survivors (4096K)
 Metaspace       used 20878K, committed 21504K, reserved 1114112K
  class space    used 2875K, committed 3200K, reserved 1048576K
}
Event: 172.843 GC heap before
{Heap before GC invocations=5 (full 0):
 garbage-first heap   total 98304K, used 94712K [0x0000000600000000, 0x0000000800000000)
  region size 4096K, 18 young (73728K), 1 survivors (4096K)
 Metaspace       used 29474K, committed 30528K, reserved 1114112K
  class space    used 4264K, committed 4800K, reserved 1048576K
}
Event: 172.849 GC heap after
{Heap after GC invocations=6 (full 0):
 garbage-first heap   total 106496K, used 27372K [0x0000000600000000, 0x0000000800000000)
  region size 4096K, 2 young (8192K), 2 survivors (8192K)
 Metaspace       used 29474K, committed 30528K, reserved 1114112K
  class space    used 4264K, committed 4800K, reserved 1048576K
}
Event: 177.864 GC heap before
{Heap before GC invocations=6 (full 0):
 garbage-first heap   total 106496K, used 68332K [0x0000000600000000, 0x0000000800000000)
  region size 4096K, 13 young (53248K), 2 survivors (8192K)
 Metaspace       used 35112K, committed 36416K, reserved 1114112K
  class space    used 5019K, committed 5696K, reserved 1048576K
}
Event: 177.884 GC heap after
{Heap after GC invocations=7 (full 0):
 garbage-first heap   total 106496K, used 29739K [0x0000000600000000, 0x0000000800000000)
  region size 4096K, 2 young (8192K), 2 survivors (8192K)
 Metaspace       used 35112K, committed 36416K, reserved 1114112K
  class space    used 5019K, committed 5696K, reserved 1048576K
}
Event: 178.158 GC heap before
{Heap before GC invocations=7 (full 0):
 garbage-first heap   total 106496K, used 29739K [0x0000000600000000, 0x0000000800000000)
  region size 4096K, 3 young (12288K), 2 survivors (8192K)
 Metaspace       used 35450K, committed 36736K, reserved 1114112K
  class space    used 5072K, committed 5696K, reserved 1048576K
}
Event: 178.170 GC heap after
{Heap after GC invocations=8 (full 0):
 garbage-first heap   total 106496K, used 30717K [0x0000000600000000, 0x0000000800000000)
  region size 4096K, 1 young (4096K), 1 survivors (4096K)
 Metaspace       used 35450K, committed 36736K, reserved 1114112K
  class space    used 5072K, committed 5696K, reserved 1048576K
}
Event: 272.112 GC heap before
{Heap before GC invocations=9 (full 0):
 garbage-first heap   total 106496K, used 88061K [0x0000000600000000, 0x0000000800000000)
  region size 4096K, 15 young (61440K), 1 survivors (4096K)
 Metaspace       used 38244K, committed 39680K, reserved 1114112K
  class space    used 5503K, committed 6208K, reserved 1048576K
}
Event: 272.159 GC heap after
{Heap after GC invocations=10 (full 0):
 garbage-first heap   total 106496K, used 32656K [0x0000000600000000, 0x0000000800000000)
  region size 4096K, 2 young (8192K), 2 survivors (8192K)
 Metaspace       used 38244K, committed 39680K, reserved 1114112K
  class space    used 5503K, committed 6208K, reserved 1048576K
}
Event: 499.498 GC heap before
{Heap before GC invocations=10 (full 0):
 garbage-first heap   total 106496K, used 85904K [0x0000000600000000, 0x0000000800000000)
  region size 4096K, 15 young (61440K), 2 survivors (8192K)
 Metaspace       used 40125K, committed 41728K, reserved 1114112K
  class space    used 5809K, committed 6592K, reserved 1048576K
}
Event: 499.521 GC heap after
{Heap after GC invocations=11 (full 0):
 garbage-first heap   total 106496K, used 33275K [0x0000000600000000, 0x0000000800000000)
  region size 4096K, 1 young (4096K), 1 survivors (4096K)
 Metaspace       used 40125K, committed 41728K, reserved 1114112K
  class space    used 5809K, committed 6592K, reserved 1048576K
}
Event: 577.862 GC heap before
{Heap before GC invocations=11 (full 0):
 garbage-first heap   total 106496K, used 86523K [0x0000000600000000, 0x0000000800000000)
  region size 4096K, 15 young (61440K), 1 survivors (4096K)
 Metaspace       used 42586K, committed 44288K, reserved 1114112K
  class space    used 6215K, committed 7040K, reserved 1048576K
}
Event: 577.883 GC heap after
{Heap after GC invocations=12 (full 0):
 garbage-first heap   total 106496K, used 34492K [0x0000000600000000, 0x0000000800000000)
  region size 4096K, 2 young (8192K), 2 survivors (8192K)
 Metaspace       used 42586K, committed 44288K, reserved 1114112K
  class space    used 6215K, committed 7040K, reserved 1048576K
}
Event: 646.941 GC heap before
{Heap before GC invocations=12 (full 0):
 garbage-first heap   total 106496K, used 87740K [0x0000000600000000, 0x0000000800000000)
  region size 4096K, 15 young (61440K), 2 survivors (8192K)
 Metaspace       used 47182K, committed 48896K, reserved 1114112K
  class space    used 6970K, committed 7808K, reserved 1048576K
}
Event: 646.969 GC heap after
{Heap after GC invocations=13 (full 0):
 garbage-first heap   total 106496K, used 36344K [0x0000000600000000, 0x0000000800000000)
  region size 4096K, 2 young (8192K), 2 survivors (8192K)
 Metaspace       used 47182K, committed 48896K, reserved 1114112K
  class space    used 6970K, committed 7808K, reserved 1048576K
}

Dll operation events (20 events):
Event: 4.983 Attempting to load shared library C:\Users\MypC\.vscode\extensions\redhat.java-1.56.0-win32-x64\jre\21.0.12.1-win32-x86_64\bin\nio.dll
Event: 4.984 Loaded shared library C:\Users\MypC\.vscode\extensions\redhat.java-1.56.0-win32-x64\jre\21.0.12.1-win32-x86_64\bin\nio.dll
Event: 5.031 Attempting to load shared library C:\Users\MypC\.vscode\extensions\redhat.java-1.56.0-win32-x64\jre\21.0.12.1-win32-x86_64\bin\zip.dll
Event: 5.031 Loaded shared library C:\Users\MypC\.vscode\extensions\redhat.java-1.56.0-win32-x64\jre\21.0.12.1-win32-x86_64\bin\zip.dll
Event: 29.838 Attempting to load shared library C:\Users\MypC\.vscode\extensions\redhat.java-1.56.0-win32-x64\jre\21.0.12.1-win32-x86_64\bin\jimage.dll
Event: 29.838 Loaded shared library C:\Users\MypC\.vscode\extensions\redhat.java-1.56.0-win32-x64\jre\21.0.12.1-win32-x86_64\bin\jimage.dll
Event: 45.234 Attempting to load shared library C:\Users\MypC\.vscode\extensions\redhat.java-1.56.0-win32-x64\jre\21.0.12.1-win32-x86_64\bin\verify.dll
Event: 45.238 Loaded shared library C:\Users\MypC\.vscode\extensions\redhat.java-1.56.0-win32-x64\jre\21.0.12.1-win32-x86_64\bin\verify.dll
Event: 47.766 Attempting to load shared library C:\Users\MypC\.gradle\native\660c5614fbf4a5f2a75b1949f50a0caf5cd603558e7d8a26e50b933a0cfb79d1\windows-amd64\native-platform.dll
Event: 47.771 Loaded shared library C:\Users\MypC\.gradle\native\660c5614fbf4a5f2a75b1949f50a0caf5cd603558e7d8a26e50b933a0cfb79d1\windows-amd64\native-platform.dll
Event: 48.492 Attempting to load shared library C:\Users\MypC\.gradle\native\0.2.8\x86_64-windows-gnu\gradle-fileevents.dll
Event: 48.493 Loaded shared library C:\Users\MypC\.gradle\native\0.2.8\x86_64-windows-gnu\gradle-fileevents.dll
Event: 126.932 Attempting to load shared library C:\Users\MypC\.vscode\extensions\redhat.java-1.56.0-win32-x64\jre\21.0.12.1-win32-x86_64\bin\management.dll
Event: 126.934 Loaded shared library C:\Users\MypC\.vscode\extensions\redhat.java-1.56.0-win32-x64\jre\21.0.12.1-win32-x86_64\bin\management.dll
Event: 126.945 Attempting to load shared library C:\Users\MypC\.vscode\extensions\redhat.java-1.56.0-win32-x64\jre\21.0.12.1-win32-x86_64\bin\management_ext.dll
Event: 126.948 Loaded shared library C:\Users\MypC\.vscode\extensions\redhat.java-1.56.0-win32-x64\jre\21.0.12.1-win32-x86_64\bin\management_ext.dll
Event: 142.922 Attempting to load shared library C:\Users\MypC\.vscode\extensions\redhat.java-1.56.0-win32-x64\jre\21.0.12.1-win32-x86_64\bin\extnet.dll
Event: 142.991 Loaded shared library C:\Users\MypC\.vscode\extensions\redhat.java-1.56.0-win32-x64\jre\21.0.12.1-win32-x86_64\bin\extnet.dll
Event: 157.157 Attempting to load shared library C:\Users\MypC\.vscode\extensions\redhat.java-1.56.0-win32-x64\jre\21.0.12.1-win32-x86_64\bin\sunmscapi.dll
Event: 157.191 Loaded shared library C:\Users\MypC\.vscode\extensions\redhat.java-1.56.0-win32-x64\jre\21.0.12.1-win32-x86_64\bin\sunmscapi.dll

Deoptimization events (20 events):
Event: 650.111 Thread 0x000002c647a3e090 Uncommon trap: trap_request=0xffffffd6 fr.pc=0x000002c62b09d44c relative=0x000000000000036c
Event: 650.111 Thread 0x000002c647a3e090 Uncommon trap: reason=array_check action=maybe_recompile pc=0x000002c62b09d44c method=com.google.common.collect.ImmutableMap$Builder.put(Ljava/lang/Object;Ljava/lang/Object;)Lcom/google/common/collect/ImmutableMap$Builder; @ 32 c2
Event: 650.111 Thread 0x000002c647a3e090 DEOPT PACKING pc=0x000002c62b09d44c sp=0x000000fb44cf5c70
Event: 650.113 Thread 0x000002c647a3e090 DEOPT UNPACKING pc=0x000002c62a7e7ba2 sp=0x000000fb44cf5c38 mode 2
Event: 650.113 Thread 0x000002c647a3e090 Uncommon trap: trap_request=0xffffffd6 fr.pc=0x000002c62b09d44c relative=0x000000000000036c
Event: 650.113 Thread 0x000002c647a3e090 Uncommon trap: reason=array_check action=maybe_recompile pc=0x000002c62b09d44c method=com.google.common.collect.ImmutableMap$Builder.put(Ljava/lang/Object;Ljava/lang/Object;)Lcom/google/common/collect/ImmutableMap$Builder; @ 32 c2
Event: 650.113 Thread 0x000002c647a3e090 DEOPT PACKING pc=0x000002c62b09d44c sp=0x000000fb44cf5c70
Event: 650.113 Thread 0x000002c647a3e090 DEOPT UNPACKING pc=0x000002c62a7e7ba2 sp=0x000000fb44cf5c38 mode 2
Event: 650.113 Thread 0x000002c647a3e090 Uncommon trap: trap_request=0xffffffd6 fr.pc=0x000002c62b09d44c relative=0x000000000000036c
Event: 650.113 Thread 0x000002c647a3e090 Uncommon trap: reason=array_check action=maybe_recompile pc=0x000002c62b09d44c method=com.google.common.collect.ImmutableMap$Builder.put(Ljava/lang/Object;Ljava/lang/Object;)Lcom/google/common/collect/ImmutableMap$Builder; @ 32 c2
Event: 650.113 Thread 0x000002c647a3e090 DEOPT PACKING pc=0x000002c62b09d44c sp=0x000000fb44cf5c70
Event: 650.113 Thread 0x000002c647a3e090 DEOPT UNPACKING pc=0x000002c62a7e7ba2 sp=0x000000fb44cf5c38 mode 2
Event: 650.113 Thread 0x000002c647a3e090 Uncommon trap: trap_request=0xffffffd6 fr.pc=0x000002c62b09d44c relative=0x000000000000036c
Event: 650.113 Thread 0x000002c647a3e090 Uncommon trap: reason=array_check action=maybe_recompile pc=0x000002c62b09d44c method=com.google.common.collect.ImmutableMap$Builder.put(Ljava/lang/Object;Ljava/lang/Object;)Lcom/google/common/collect/ImmutableMap$Builder; @ 32 c2
Event: 650.113 Thread 0x000002c647a3e090 DEOPT PACKING pc=0x000002c62b09d44c sp=0x000000fb44cf5c70
Event: 650.113 Thread 0x000002c647a3e090 DEOPT UNPACKING pc=0x000002c62a7e7ba2 sp=0x000000fb44cf5c38 mode 2
Event: 650.139 Thread 0x000002c647a3e090 Uncommon trap: trap_request=0xffffffcc fr.pc=0x000002c62b07fdc8 relative=0x00000000000022c8
Event: 650.139 Thread 0x000002c647a3e090 Uncommon trap: reason=intrinsic_or_type_checked_inlining action=make_not_entrant pc=0x000002c62b07fdc8 method=java.util.ArrayList$SubList.toArray([Ljava/lang/Object;)[Ljava/lang/Object; @ 58 c2
Event: 650.139 Thread 0x000002c647a3e090 DEOPT PACKING pc=0x000002c62b07fdc8 sp=0x000000fb44cf4350
Event: 650.139 Thread 0x000002c647a3e090 DEOPT UNPACKING pc=0x000002c62a7e7ba2 sp=0x000000fb44cf4288 mode 2

Classes loaded (20 events):
Event: 643.489 Loading class javax/net/ssl/SSLException
Event: 643.489 Loading class javax/net/ssl/SSLException done
Event: 643.489 Loading class javax/net/ssl/SSLPeerUnverifiedException
Event: 643.489 Loading class javax/net/ssl/SSLPeerUnverifiedException done
Event: 643.489 Loading class java/security/cert/CertificateParsingException
Event: 643.490 Loading class java/security/cert/CertificateException
Event: 643.491 Loading class java/security/cert/CertificateException done
Event: 643.491 Loading class java/security/cert/CertificateParsingException done
Event: 643.491 Loading class javax/naming/NamingException
Event: 643.492 Loading class javax/naming/NamingException done
Event: 643.492 Loading class javax/naming/InvalidNameException
Event: 643.492 Loading class javax/naming/InvalidNameException done
Event: 644.423 Loading class java/nio/file/Path$1
Event: 644.423 Loading class java/nio/file/Path$1 done
Event: 649.418 Loading class java/util/LinkedList$LLSpliterator
Event: 649.419 Loading class java/util/LinkedList$LLSpliterator done
Event: 650.436 Loading class sun/reflect/ReflectionFactory
Event: 650.436 Loading class sun/reflect/ReflectionFactory done
Event: 650.436 Loading class sun/reflect/ReflectionFactory$1
Event: 650.437 Loading class sun/reflect/ReflectionFactory$1 done

Classes unloaded (0 events):
No events

Classes redefined (0 events):
No events

Internal exceptions (20 events):
Event: 500.331 Thread 0x000002c647a3e090 Exception <a 'java/lang/NoSuchMethodError'{0x0000000605e97048}: 'java.lang.Object java.lang.invoke.DirectMethodHandle$Holder.newInvokeSpecial(java.lang.Object, java.lang.Object, java.lang.Object, java.lang.Object, java.lang.Object, java.lang.Object, java.lang.Object, java.lang.Object, java.lang.Object, java.lang.Object, java.lang.Object, java.lang.Object, java.lang.Object, java.lang.Object, java.lang.Object, java.lang.Object, java.lang.Object, java.lang.Object, java.lang.Object)'> (0x0000000605e97048) 
thr
Event: 500.331 Thread 0x000002c647a3e090 Exception <a 'java/lang/NoSuchMethodError'{0x0000000605e9dcc8}: 'java.lang.Object java.lang.invoke.DirectMethodHandle$Holder.invokeSpecial(java.lang.Object, java.lang.Object, java.lang.Object, java.lang.Object, java.lang.Object, java.lang.Object, java.lang.Object, java.lang.Object, java.lang.Object, java.lang.Object, java.lang.Object, java.lang.Object, java.lang.Object, java.lang.Object, java.lang.Object, java.lang.Object, java.lang.Object, java.lang.Object, java.lang.Object, java.lang.Object)'> (0x0000000
Event: 500.332 Thread 0x000002c647a3e090 Exception <a 'java/lang/NoSuchMethodError'{0x0000000605ea3518}: 'java.lang.Object java.lang.invoke.DelegatingMethodHandle$Holder.reinvoke_L(java.lang.Object, java.lang.Object, java.lang.Object, java.lang.Object, java.lang.Object, java.lang.Object, java.lang.Object, java.lang.Object, java.lang.Object, java.lang.Object, java.lang.Object, java.lang.Object, java.lang.Object, java.lang.Object, java.lang.Object, java.lang.Object, java.lang.Object, java.lang.Object, java.lang.Object)'> (0x0000000605ea3518) 
throw
Event: 500.369 Thread 0x000002c647a3e090 Exception <a 'java/lang/NoSuchMethodError'{0x0000000605f92140}: 'void java.lang.invoke.DirectMethodHandle$Holder.invokeStatic(java.lang.Object, java.lang.Object, java.lang.Object, java.lang.Object, java.lang.Object, java.lang.Object)'> (0x0000000605f92140) 
thrown [s\src\hotspot\share\interpreter\linkResolver.cpp, line 773]
Event: 500.372 Thread 0x000002c647a3e090 Exception <a 'java/lang/IncompatibleClassChangeError'{0x0000000605fa72d0}: Found class java.lang.Object, but interface was expected> (0x0000000605fa72d0) 
thrown [s\src\hotspot\share\interpreter\linkResolver.cpp, line 840]
Event: 500.816 Thread 0x000002c647a3e090 Exception <a 'sun/nio/fs/WindowsException'{0x0000000605a061c8}> (0x0000000605a061c8) 
thrown [s\src\hotspot\share\prims\jni.cpp, line 520]
Event: 500.816 Thread 0x000002c647a3e090 Exception <a 'sun/nio/fs/WindowsException'{0x0000000605a07ea0}> (0x0000000605a07ea0) 
thrown [s\src\hotspot\share\prims\jni.cpp, line 520]
Event: 500.817 Thread 0x000002c647a3e090 Exception <a 'sun/nio/fs/WindowsException'{0x0000000605a09b70}> (0x0000000605a09b70) 
thrown [s\src\hotspot\share\prims\jni.cpp, line 520]
Event: 500.817 Thread 0x000002c647a3e090 Exception <a 'sun/nio/fs/WindowsException'{0x0000000605a0b448}> (0x0000000605a0b448) 
thrown [s\src\hotspot\share\prims\jni.cpp, line 520]
Event: 578.050 Thread 0x000002c647a3e090 Exception <a 'java/lang/NoSuchMethodError'{0x000000060faa09b8}: 'java.lang.Object java.lang.invoke.Invokers$Holder.invoker(java.lang.Object, java.lang.Object, java.lang.Object, java.lang.Object, java.lang.Object)'> (0x000000060faa09b8) 
thrown [s\src\hotspot\share\interpreter\linkResolver.cpp, line 773]
Event: 578.944 Thread 0x000002c647a3e090 Exception <a 'java/lang/NoSuchMethodError'{0x000000060584c3c8}: 'long java.lang.invoke.DirectMethodHandle$Holder.invokeStatic(java.lang.Object, long)'> (0x000000060584c3c8) 
thrown [s\src\hotspot\share\interpreter\linkResolver.cpp, line 773]
Event: 642.956 Thread 0x000002c647a3e090 Exception <a 'java/lang/NoSuchMethodError'{0x000000060498d578}: 'java.lang.Object java.lang.invoke.DirectMethodHandle$Holder.newInvokeSpecial(java.lang.Object, java.lang.Object, java.lang.Object, int, java.lang.Object)'> (0x000000060498d578) 
thrown [s\src\hotspot\share\interpreter\linkResolver.cpp, line 773]
Event: 642.958 Thread 0x000002c647a3e090 Exception <a 'java/lang/NoSuchMethodError'{0x00000006049924c0}: 'java.lang.Object java.lang.invoke.Invokers$Holder.linkToTargetMethod(java.lang.Object, java.lang.Object, int, java.lang.Object, java.lang.Object)'> (0x00000006049924c0) 
thrown [s\src\hotspot\share\interpreter\linkResolver.cpp, line 773]
Event: 644.057 Thread 0x000002c647a3e090 Exception <a 'java/lang/NoSuchMethodError'{0x0000000603cef3d0}: 'java.lang.Object java.lang.invoke.DirectMethodHandle$Holder.invokeSpecial(java.lang.Object, java.lang.Object, java.lang.Object, int, java.lang.Object)'> (0x0000000603cef3d0) 
thrown [s\src\hotspot\share\interpreter\linkResolver.cpp, line 773]
Event: 644.418 Thread 0x000002c647a3e090 Exception <a 'java/lang/NoSuchMethodError'{0x0000000603f726f8}: 'int java.lang.invoke.DirectMethodHandle$Holder.invokeSpecialIFC(java.lang.Object, java.lang.Object, java.lang.Object)'> (0x0000000603f726f8) 
thrown [s\src\hotspot\share\interpreter\linkResolver.cpp, line 773]
Event: 645.823 Thread 0x000002c647a3e090 Exception <a 'java/lang/NoSuchMethodError'{0x00000006034bea90}: 'void java.lang.invoke.DirectMethodHandle$Holder.invokeStatic(java.lang.Object, java.lang.Object, java.lang.Object, int, java.lang.Object)'> (0x00000006034bea90) 
thrown [s\src\hotspot\share\interpreter\linkResolver.cpp, line 773]
Event: 646.271 Thread 0x000002c647a3e090 Exception <a 'java/lang/NoSuchMethodError'{0x00000006036c7ec0}: 'int java.lang.invoke.DirectMethodHandle$Holder.invokeInterface(java.lang.Object, java.lang.Object, java.lang.Object, java.lang.Object, java.lang.Object)'> (0x00000006036c7ec0) 
thrown [s\src\hotspot\share\interpreter\linkResolver.cpp, line 773]
Event: 647.271 Thread 0x000002c647a3e090 Exception <a 'java/lang/NoSuchMethodError'{0x000000060f9fb948}: 'java.lang.Object java.lang.invoke.DirectMethodHandle$Holder.invokeSpecial(java.lang.Object, java.lang.Object, long, java.lang.Object, java.lang.Object)'> (0x000000060f9fb948) 
thrown [s\src\hotspot\share\interpreter\linkResolver.cpp, line 773]
Event: 649.421 Thread 0x000002c647a3e090 Exception <a 'java/lang/IncompatibleClassChangeError'{0x0000000605cb9040}: Found class java.lang.Object, but interface was expected> (0x0000000605cb9040) 
thrown [s\src\hotspot\share\interpreter\linkResolver.cpp, line 840]
Event: 650.077 Thread 0x000002c68dfbb550 Exception <a 'java/lang/NoSuchMethodError'{0x0000000605dbd9c0}: 'void java.lang.invoke.DirectMethodHandle$Holder.invokeVirtual(java.lang.Object, java.lang.Object)'> (0x0000000605dbd9c0) 
thrown [s\src\hotspot\share\interpreter\linkResolver.cpp, line 773]

ZGC Phase Switch (0 events):
No events

VM Operations (20 events):
Event: 649.992 Executing safepoint VM operation: Cleanup
Event: 649.992 Executing safepoint VM operation: Cleanup done
Event: 650.442 Executing non-safepoint VM operation: HandshakeAllThreads (Deoptimize)
Event: 650.442 Executing non-safepoint VM operation: HandshakeAllThreads (Deoptimize) done
Event: 651.448 Executing safepoint VM operation: Cleanup
Event: 651.448 Executing safepoint VM operation: Cleanup done
Event: 656.494 Executing safepoint VM operation: Cleanup
Event: 656.494 Executing safepoint VM operation: Cleanup done
Event: 661.737 Executing non-safepoint VM operation: HandshakeAllThreads (HandshakeForDeflation)
Event: 661.737 Executing non-safepoint VM operation: HandshakeAllThreads (HandshakeForDeflation) done
Event: 661.737 Executing non-safepoint VM operation: RendezvousGCThreads
Event: 661.737 Executing non-safepoint VM operation: RendezvousGCThreads done
Event: 665.760 Executing safepoint VM operation: Cleanup
Event: 665.760 Executing safepoint VM operation: Cleanup done
Event: 666.763 Executing safepoint VM operation: Cleanup
Event: 666.763 Executing safepoint VM operation: Cleanup done
Event: 676.839 Executing safepoint VM operation: Cleanup
Event: 676.840 Executing safepoint VM operation: Cleanup done
Event: 677.853 Executing safepoint VM operation: Cleanup
Event: 677.853 Executing safepoint VM operation: Cleanup done

Memory protections (0 events):
No events

Nmethod flushes (20 events):
Event: 178.229 Thread 0x000002c645159fe0 flushing  nmethod 0x000002c61abbb210
Event: 178.229 Thread 0x000002c645159fe0 flushing  nmethod 0x000002c61abdab90
Event: 178.229 Thread 0x000002c645159fe0 flushing  nmethod 0x000002c61abe3b10
Event: 178.229 Thread 0x000002c645159fe0 flushing  nmethod 0x000002c61abe4a10
Event: 178.229 Thread 0x000002c645159fe0 flushing  nmethod 0x000002c61abe4e10
Event: 178.229 Thread 0x000002c645159fe0 flushing  nmethod 0x000002c61abe5410
Event: 178.229 Thread 0x000002c645159fe0 flushing  nmethod 0x000002c61abe6090
Event: 178.229 Thread 0x000002c645159fe0 flushing  nmethod 0x000002c61abe9e90
Event: 178.229 Thread 0x000002c645159fe0 flushing  nmethod 0x000002c61abea590
Event: 178.229 Thread 0x000002c645159fe0 flushing  nmethod 0x000002c61abeb390
Event: 178.229 Thread 0x000002c645159fe0 flushing  nmethod 0x000002c61ac57410
Event: 178.229 Thread 0x000002c645159fe0 flushing  nmethod 0x000002c61ac57890
Event: 178.229 Thread 0x000002c645159fe0 flushing  nmethod 0x000002c61ac57e10
Event: 178.229 Thread 0x000002c645159fe0 flushing  nmethod 0x000002c61ac58f90
Event: 178.229 Thread 0x000002c645159fe0 flushing  nmethod 0x000002c61ac8eb10
Event: 178.229 Thread 0x000002c645159fe0 flushing  nmethod 0x000002c61ac8fa10
Event: 178.229 Thread 0x000002c645159fe0 flushing  nmethod 0x000002c61ad3ab10
Event: 178.229 Thread 0x000002c645159fe0 flushing  nmethod 0x000002c61ae52b10
Event: 178.229 Thread 0x000002c645159fe0 flushing  nmethod 0x000002c61ad76510
Event: 178.229 Thread 0x000002c645159fe0 flushing  nmethod 0x000002c61af8b810

Events (20 events):
Event: 312.381 Thread 0x000002c690581350 Thread exited: 0x000002c690581350
Event: 342.415 Thread 0x000002c68dfbcf90 Thread exited: 0x000002c68dfbcf90
Event: 481.857 Thread 0x000002c68dfbc270 Thread added: 0x000002c690581350
Event: 500.487 Thread 0x000002c647a3e090 Thread added: 0x000002c6905875c0
Event: 648.574 Thread 0x000002c64518b490 Thread added: 0x000002c68e585640
Event: 648.825 Thread 0x000002c68e585640 Thread exited: 0x000002c68e585640
Event: 649.572 Thread 0x000002c647a3e090 Thread added: 0x000002c68dfba830
Event: 649.572 Thread 0x000002c647a3e090 Thread added: 0x000002c68dfbaec0
Event: 649.583 Thread 0x000002c647a3e090 Thread added: 0x000002c68dfbb550
Event: 649.584 Thread 0x000002c647a3e090 Thread added: 0x000002c68dfbcf90
Event: 649.584 Thread 0x000002c647a3e090 Thread added: 0x000002c68f17c540
Event: 649.584 Thread 0x000002c647a3e090 Thread added: 0x000002c68f17d8f0
Event: 649.584 Thread 0x000002c647a3e090 Thread added: 0x000002c68f17cbd0
Event: 676.282 Thread 0x000002c647a3e090 Thread added: 0x000002c68f17b820
Event: 676.305 Thread 0x000002c647a3e090 Thread added: 0x000002c68f17df80
Event: 676.324 Thread 0x000002c647a3e090 Thread added: 0x000002c68f17d260
Event: 676.332 Thread 0x000002c647a3e090 Thread added: 0x000002c68f17beb0
Event: 676.343 Thread 0x000002c647a3e090 Thread added: 0x000002c68f17ab00
Event: 676.347 Thread 0x000002c647a3e090 Thread added: 0x000002c68f17e610
Event: 676.364 Thread 0x000002c647a3e090 Thread added: 0x000002c68f17b190


Dynamic libraries:
0x00007ff749e80000 - 0x00007ff749e8e000 	C:\Users\MypC\.vscode\extensions\redhat.java-1.56.0-win32-x64\jre\21.0.12.1-win32-x86_64\bin\java.exe
0x00007ffe52740000 - 0x00007ffe529a7000 	C:\WINDOWS\SYSTEM32\ntdll.dll
0x00007ffe51940000 - 0x00007ffe51a0b000 	C:\WINDOWS\System32\KERNEL32.DLL
0x00007ffe4fe00000 - 0x00007ffe50201000 	C:\WINDOWS\System32\KERNELBASE.dll
0x00007ffe4f9f0000 - 0x00007ffe4fb3c000 	C:\WINDOWS\System32\ucrtbase.dll
0x00007ffe31d40000 - 0x00007ffe31d58000 	C:\Users\MypC\.vscode\extensions\redhat.java-1.56.0-win32-x64\jre\21.0.12.1-win32-x86_64\bin\jli.dll
0x00007ffe51c70000 - 0x00007ffe51e47000 	C:\WINDOWS\System32\USER32.dll
0x00007ffe4fb50000 - 0x00007ffe4fb77000 	C:\WINDOWS\System32\win32u.dll
0x00007ffe50ef0000 - 0x00007ffe50f1b000 	C:\WINDOWS\System32\GDI32.dll
0x00007ffe4fc40000 - 0x00007ffe4fd68000 	C:\WINDOWS\System32\gdi32full.dll
0x00007ffe4f940000 - 0x00007ffe4f9e3000 	C:\WINDOWS\System32\msvcp_win.dll
0x00007ffe459f0000 - 0x00007ffe45a0e000 	C:\Users\MypC\.vscode\extensions\redhat.java-1.56.0-win32-x64\jre\21.0.12.1-win32-x86_64\bin\VCRUNTIME140.dll
0x00007ffe39020000 - 0x00007ffe392b0000 	C:\WINDOWS\WinSxS\amd64_microsoft.windows.common-controls_6595b64144ccf1df_6.0.26100.9549_none_3e0a0396e3330090\COMCTL32.dll
0x00007ffe50720000 - 0x00007ffe507c9000 	C:\WINDOWS\System32\msvcrt.dll
0x00007ffe50d10000 - 0x00007ffe50d41000 	C:\WINDOWS\System32\IMM32.DLL
0x00007ffe32ca0000 - 0x00007ffe32cac000 	C:\Users\MypC\.vscode\extensions\redhat.java-1.56.0-win32-x64\jre\21.0.12.1-win32-x86_64\bin\vcruntime140_1.dll
0x00007ffe0f9f0000 - 0x00007ffe0fa7d000 	C:\Users\MypC\.vscode\extensions\redhat.java-1.56.0-win32-x64\jre\21.0.12.1-win32-x86_64\bin\msvcp140.dll
0x00007ffda53c0000 - 0x00007ffda6162000 	C:\Users\MypC\.vscode\extensions\redhat.java-1.56.0-win32-x64\jre\21.0.12.1-win32-x86_64\bin\server\jvm.dll
0x00007ffe51aa0000 - 0x00007ffe51b5b000 	C:\WINDOWS\System32\ADVAPI32.dll
0x00007ffe504c0000 - 0x00007ffe50568000 	C:\WINDOWS\System32\sechost.dll
0x00007ffe51820000 - 0x00007ffe51938000 	C:\WINDOWS\System32\RPCRT4.dll
0x00007ffe51fe0000 - 0x00007ffe52061000 	C:\WINDOWS\System32\WS2_32.dll
0x00007ffe4f7b0000 - 0x00007ffe4f80e000 	C:\WINDOWS\SYSTEM32\POWRPROF.dll
0x00007ffe45e90000 - 0x00007ffe45ec7000 	C:\WINDOWS\SYSTEM32\WINMM.dll
0x00007ffe45c60000 - 0x00007ffe45c6b000 	C:\WINDOWS\SYSTEM32\VERSION.dll
0x00007ffe4f790000 - 0x00007ffe4f7a5000 	C:\WINDOWS\SYSTEM32\UMPDC.dll
0x00007ffe4e5c0000 - 0x00007ffe4e5db000 	C:\WINDOWS\SYSTEM32\kernel.appcore.dll
0x00007ffe324f0000 - 0x00007ffe324fa000 	C:\Users\MypC\.vscode\extensions\redhat.java-1.56.0-win32-x64\jre\21.0.12.1-win32-x86_64\bin\jimage.dll
0x00007ffe4cce0000 - 0x00007ffe4cf2c000 	C:\WINDOWS\SYSTEM32\DBGHELP.DLL
0x00007ffe50850000 - 0x00007ffe50bda000 	C:\WINDOWS\System32\combase.dll
0x00007ffe50be0000 - 0x00007ffe50cb9000 	C:\WINDOWS\System32\OLEAUT32.dll
0x00007ffe49130000 - 0x00007ffe4916b000 	C:\WINDOWS\SYSTEM32\dbgcore.DLL
0x00007ffe50210000 - 0x00007ffe502bc000 	C:\WINDOWS\System32\bcryptPrimitives.dll
0x00007ffe312d0000 - 0x00007ffe312df000 	C:\Users\MypC\.vscode\extensions\redhat.java-1.56.0-win32-x64\jre\21.0.12.1-win32-x86_64\bin\instrument.dll
0x00007ffe31480000 - 0x00007ffe314a0000 	C:\Users\MypC\.vscode\extensions\redhat.java-1.56.0-win32-x64\jre\21.0.12.1-win32-x86_64\bin\java.dll
0x00007ffe51060000 - 0x00007ffe517fc000 	C:\WINDOWS\System32\SHELL32.dll
0x00007ffe4d350000 - 0x00007ffe4dbfd000 	C:\WINDOWS\SYSTEM32\windows.storage.dll
0x00007ffe51e50000 - 0x00007ffe51f49000 	C:\WINDOWS\System32\SHCORE.dll
0x00007ffe50ff0000 - 0x00007ffe51056000 	C:\WINDOWS\System32\shlwapi.dll
0x00007ffe4f850000 - 0x00007ffe4f879000 	C:\WINDOWS\SYSTEM32\profapi.dll
0x00007ffe28060000 - 0x00007ffe28078000 	C:\Users\MypC\.vscode\extensions\redhat.java-1.56.0-win32-x64\jre\21.0.12.1-win32-x86_64\bin\zip.dll
0x00007ffe321f0000 - 0x00007ffe32200000 	C:\Users\MypC\.vscode\extensions\redhat.java-1.56.0-win32-x64\jre\21.0.12.1-win32-x86_64\bin\net.dll
0x00007ffe48690000 - 0x00007ffe487ba000 	C:\WINDOWS\SYSTEM32\WINHTTP.dll
0x00007ffe4eba0000 - 0x00007ffe4ec0c000 	C:\WINDOWS\system32\mswsock.dll
0x00007ffe0c940000 - 0x00007ffe0c956000 	C:\Users\MypC\.vscode\extensions\redhat.java-1.56.0-win32-x64\jre\21.0.12.1-win32-x86_64\bin\nio.dll
0x00007ffe2cfe0000 - 0x00007ffe2cff0000 	C:\Users\MypC\.vscode\extensions\redhat.java-1.56.0-win32-x64\jre\21.0.12.1-win32-x86_64\bin\verify.dll
0x00007ffe0a340000 - 0x00007ffe0a367000 	C:\Users\MypC\.gradle\native\660c5614fbf4a5f2a75b1949f50a0caf5cd603558e7d8a26e50b933a0cfb79d1\windows-amd64\native-platform.dll
0x00007ffddafb0000 - 0x00007ffddb027000 	C:\Users\MypC\.gradle\native\0.2.8\x86_64-windows-gnu\gradle-fileevents.dll
0x00007ffe07700000 - 0x00007ffe0770a000 	C:\Users\MypC\.vscode\extensions\redhat.java-1.56.0-win32-x64\jre\21.0.12.1-win32-x86_64\bin\management.dll
0x00007ffe04950000 - 0x00007ffe0495c000 	C:\Users\MypC\.vscode\extensions\redhat.java-1.56.0-win32-x64\jre\21.0.12.1-win32-x86_64\bin\management_ext.dll
0x00007ffe51810000 - 0x00007ffe51818000 	C:\WINDOWS\System32\PSAPI.DLL
0x00007ffe4df60000 - 0x00007ffe4df93000 	C:\WINDOWS\SYSTEM32\IPHLPAPI.DLL
0x00007ffe51b60000 - 0x00007ffe51b6a000 	C:\WINDOWS\System32\NSI.dll
0x00007ffe0c580000 - 0x00007ffe0c589000 	C:\Users\MypC\.vscode\extensions\redhat.java-1.56.0-win32-x64\jre\21.0.12.1-win32-x86_64\bin\extnet.dll
0x00007ffe4ee90000 - 0x00007ffe4eeab000 	C:\WINDOWS\SYSTEM32\CRYPTSP.dll
0x00007ffe4e520000 - 0x00007ffe4e559000 	C:\WINDOWS\system32\rsaenh.dll
0x00007ffe4ec50000 - 0x00007ffe4ec84000 	C:\WINDOWS\SYSTEM32\USERENV.dll
0x00007ffe4f820000 - 0x00007ffe4f84a000 	C:\WINDOWS\SYSTEM32\bcrypt.dll
0x00007ffe4eeb0000 - 0x00007ffe4eebc000 	C:\WINDOWS\SYSTEM32\CRYPTBASE.dll
0x00007ffe29750000 - 0x00007ffe2975e000 	C:\Users\MypC\.vscode\extensions\redhat.java-1.56.0-win32-x64\jre\21.0.12.1-win32-x86_64\bin\sunmscapi.dll
0x00007ffe502d0000 - 0x00007ffe5044f000 	C:\WINDOWS\System32\CRYPT32.dll
0x00007ffe4f0f0000 - 0x00007ffe4f120000 	C:\WINDOWS\SYSTEM32\ncrypt.dll
0x00007ffe4f0a0000 - 0x00007ffe4f0df000 	C:\WINDOWS\SYSTEM32\NTASN1.dll
0x00007ffe4bf40000 - 0x00007ffe4bf48000 	C:\WINDOWS\system32\wshunix.dll

JVMTI agents:
C:\Users\MypC\.gradle\wrapper\dists\gradle-9.3.1-all\9ot9r568e8zfvvd4mn8rbu1j0\gradle-9.3.1\lib\agents\gradle-instrumentation-agent-9.3.1.jar path:C:\Users\MypC\.vscode\extensions\redhat.java-1.56.0-win32-x64\jre\21.0.12.1-win32-x86_64\bin\instrument.dll, loaded, initialized, instrumentlib options:none

dbghelp: loaded successfully - version: 4.0.5 - missing functions: none
symbol engine: initialized successfully - sym options: 0x614 - pdb path: .;C:\Users\MypC\.vscode\extensions\redhat.java-1.56.0-win32-x64\jre\21.0.12.1-win32-x86_64\bin;C:\WINDOWS\SYSTEM32;C:\WINDOWS\WinSxS\amd64_microsoft.windows.common-controls_6595b64144ccf1df_6.0.26100.9549_none_3e0a0396e3330090;C:\Users\MypC\.vscode\extensions\redhat.java-1.56.0-win32-x64\jre\21.0.12.1-win32-x86_64\bin\server;C:\Users\MypC\.gradle\native\660c5614fbf4a5f2a75b1949f50a0caf5cd603558e7d8a26e50b933a0cfb79d1\windows-amd64;C:\Users\MypC\.gradle\native\0.2.8\x86_64-windows-gnu

VM Arguments:
jvm_args: --add-opens=java.base/java.lang=ALL-UNNAMED --add-opens=java.base/java.lang.invoke=ALL-UNNAMED --add-opens=java.base/java.util=ALL-UNNAMED --add-opens=java.prefs/java.util.prefs=ALL-UNNAMED --add-exports=jdk.compiler/com.sun.tools.javac.api=ALL-UNNAMED --add-exports=jdk.compiler/com.sun.tools.javac.util=ALL-UNNAMED --add-opens=java.base/java.util=ALL-UNNAMED --add-opens=java.prefs/java.util.prefs=ALL-UNNAMED --add-opens=java.base/java.nio.charset=ALL-UNNAMED --add-opens=java.base/java.net=ALL-UNNAMED --add-opens=java.base/java.util.concurrent=ALL-UNNAMED --add-opens=java.base/java.util.concurrent.atomic=ALL-UNNAMED --add-opens=java.xml/javax.xml.namespace=ALL-UNNAMED --add-opens=java.base/java.time=ALL-UNNAMED -XX:MaxMetaspaceSize=4G -XX:ReservedCodeCacheSize=512m -XX:+HeapDumpOnOutOfMemoryError -Xmx8G -Dfile.encoding=UTF-8 -Duser.country=US -Duser.language=en -Duser.variant -javaagent:C:\Users\MypC\.gradle\wrapper\dists\gradle-9.3.1-all\9ot9r568e8zfvvd4mn8rbu1j0\gradle-9.3.1\lib\agents\gradle-instrumentation-agent-9.3.1.jar 
java_command: org.gradle.launcher.daemon.bootstrap.GradleDaemon 9.3.1
java_class_path (initial): C:\Users\MypC\.gradle\wrapper\dists\gradle-9.3.1-all\9ot9r568e8zfvvd4mn8rbu1j0\gradle-9.3.1\lib\gradle-daemon-main-9.3.1.jar
Launcher Type: SUN_STANDARD

[Global flags]
     intx CICompilerCount                          = 4                                         {product} {ergonomic}
     uint ConcGCThreads                            = 2                                         {product} {ergonomic}
     uint G1ConcRefinementThreads                  = 8                                         {product} {ergonomic}
   size_t G1HeapRegionSize                         = 4194304                                   {product} {ergonomic}
    uintx GCDrainStackTargetSize                   = 64                                        {product} {ergonomic}
     bool HeapDumpOnOutOfMemoryError               = true                                   {manageable} {command line}
   size_t InitialHeapSize                          = 264241152                                 {product} {ergonomic}
   size_t MarkStackSize                            = 4194304                                   {product} {ergonomic}
   size_t MaxHeapSize                              = 8589934592                                {product} {command line}
   size_t MaxMetaspaceSize                         = 4294967296                                {product} {command line}
   size_t MaxNewSize                               = 5150605312                                {product} {ergonomic}
   size_t MinHeapDeltaBytes                        = 4194304                                   {product} {ergonomic}
   size_t MinHeapSize                              = 8388608                                   {product} {ergonomic}
    uintx NonNMethodCodeHeapSize                   = 5839372                                {pd product} {ergonomic}
    uintx NonProfiledCodeHeapSize                  = 265515770                              {pd product} {ergonomic}
    uintx ProfiledCodeHeapSize                     = 265515770                              {pd product} {ergonomic}
    uintx ReservedCodeCacheSize                    = 536870912                              {pd product} {command line}
     bool SegmentedCodeCache                       = true                                      {product} {ergonomic}
   size_t SoftMaxHeapSize                          = 8589934592                             {manageable} {ergonomic}
     bool UseCompressedOops                        = true                           {product lp64_product} {ergonomic}
     bool UseG1GC                                  = true                                      {product} {ergonomic}
     bool UseLargePagesIndividualAllocation        = false                                  {pd product} {ergonomic}

Logging:
Log output configuration:
 #0: stdout all=warning uptime,level,tags foldmultilines=false
 #1: stderr all=off uptime,level,tags foldmultilines=false

Release file:
JAVA_VERSION="21.0.12.1" 
MODULES="java.base java.compiler java.datatransfer java.xml java.prefs java.desktop java.instrument java.logging java.management java.security.sasl java.naming java.rmi java.management.rmi java.net.http java.scripting java.security.jgss java.transaction.xa java.sql java.sql.rowset java.xml.crypto java.se java.smartcardio jdk.accessibility jdk.internal.jvmstat jdk.attach jdk.charsets jdk.internal.opt jdk.zipfs jdk.compiler jdk.crypto.ec jdk.crypto.cryptoki jdk.crypto.mscapi jdk.dynalink jdk.internal.ed jdk.editpad jdk.hotspot.agent jdk.httpserver jdk.internal.le jdk.internal.vm.ci jdk.internal.vm.compiler jdk.internal.vm.compiler.management jdk.jartool jdk.javadoc jdk.jcmd jdk.management jdk.management.agent jdk.jconsole jdk.jdeps jdk.jdwp.agent jdk.jdi jdk.jfr jdk.jshell jdk.jsobject jdk.jstatd jdk.localedata jdk.management.jfr jdk.naming.dns jdk.naming.rmi jdk.net jdk.nio.mapmode jdk.random jdk.sctp jdk.security.auth jdk.security.jgss jdk.unsupported jdk.unsupported.desktop jdk.xml.dom" 

Environment Variables:
JAVA_HOME=C:\Users\MypC\AppData\Local\Programs\Eclipse Adoptium\jdk-17.0.20.101-hotspot\
PATH=C:\Program Files (x86)\VMware\VMware Workstation\bin\;C:\WINDOWS\system32;C:\WINDOWS;C:\WINDOWS\System32\Wbem;C:\WINDOWS\System32\WindowsPowerShell\v1.0\;C:\WINDOWS\System32\OpenSSH\;C:\Program Files\dotnet\;C:\Program Files\Microsoft SQL Server\Client SDK\ODBC\110\Tools\Binn\;C:\Program Files (x86)\Microsoft SQL Server\120\Tools\Binn\;C:\Program Files\Microsoft SQL Server\120\Tools\Binn\;C:\Program Files\Microsoft SQL Server\120\DTS\Binn\;C:\Program Files (x86)\Microsoft SQL Server\160\Tools\Binn\;C:\Program Files\Microsoft SQL Server\160\Tools\Binn\;C:\Program Files\Microsoft SQL Server\Client SDK\ODBC\170\Tools\Binn\;C:\Program Files\Microsoft SQL Server\160\DTS\Binn\;C:\Program Files (x86)\Microsoft SQL Server\120\Tools\Binn\ManagementStudio\;C:\Program Files (x86)\Microsoft SQL Server\120\DTS\Binn\;C:\Program Files\Microsoft SQL Server\150\Tools\Binn\;C:\Program Files\Microsoft SQL Server\170\Tools\Binn\;C:\ProgramData\chocolatey\bin;C:\Program Files\Git\cmd;F:\MypC\Program Files\nodejs\;F:\src\flutter\bin;C:\Program Files (x86)\Windows Kits\10\Windows Performance Toolkit\;C:\Users\MypC\AppData\Local\Programs\Eclipse Adoptium\jdk-17.0.20.101-hotspot\bin;C:\Users\MypC\AppData\Local\Programs\Python\Python312\Scripts\;C:\Users\MypC\AppData\Local\Programs\Python\Python312\;C:\Users\MypC\AppData\Local\Programs\Python\Launcher\;C:\Users\MypC\AppData\Local\Microsoft\WindowsApps;C:\Users\MypC\.dotnet\tools;C:\Users\MypC\AppData\Local\Programs\Microsoft VS Code\bin;C:\Users\MypC\AppData\Local\Programs\Antigravity\bin;C:\Users\MypC\AppData\Local\Programs\cursor\resources\app\bin;C:\Users\MypC\AppData\Local\Programs\Kiro\bin;C:\Users\MypC\AppData\Local\Programs\Antigravity IDE\bin;F:\tools\dart-sdk\bin;C:\Users\MypC\AppData\Local\Pub\Cache\bin;C:\Users\MypC\AppData\Roaming\npm
USERNAME=MypC
OS=Windows_NT
PROCESSOR_IDENTIFIER=Intel64 Family 6 Model 140 Stepping 1, GenuineIntel
TMP=C:\Users\MypC\AppData\Local\Temp
TEMP=C:\Users\MypC\AppData\Local\Temp




Periodic native trim disabled

---------------  S Y S T E M  ---------------

OS:
 Windows 11 , 64 bit Build 26100 (10.0.26100.9549)
OS uptime: 1 days 18:04 hours
Hyper-V role detected

CPU: total 8 (initial active 8) (4 cores per cpu, 2 threads per core) family 6 model 140 stepping 1 microcode 0xbe, cx8, cmov, fxsr, ht, mmx, 3dnowpref, sse, sse2, sse3, ssse3, sse4.1, sse4.2, popcnt, lzcnt, tsc, tscinvbit, avx, avx2, aes, erms, clmul, bmi1, bmi2, adx, avx512f, avx512dq, avx512cd, avx512bw, avx512vl, sha, fma, vzeroupper, avx512_vpopcntdq, avx512_vpclmulqdq, avx512_vaes, avx512_vnni, clflush, clflushopt, clwb, avx512_vbmi2, avx512_vbmi, hv, rdtscp, rdpid, fsrm, gfni, avx512_bitalg, f16c, cet_ibt, cet_ss, avx512_ifma
Processor Information for the first 8 processors :
  Max Mhz: 2419, Current Mhz: 2419, Mhz Limit: 2419

Memory: 4k page, system-wide physical 16106M (84M free)
TotalPageFile size 47356M (AvailPageFile size 0M)
current process WorkingSet (physical memory assigned to process): 65M, peak: 278M
current process commit charge ("private bytes"): 299M, peak: 413M

vm_info: OpenJDK 64-Bit Server VM (21.0.12.1+1-LTS) for windows-amd64 JRE (21.0.12.1+1-LTS), built on 2026-08-18T00:00:00Z by "admin" with MS VC++ 17.12 (VS2022)

END.
