#
# There is insufficient memory for the Java Runtime Environment to continue.
# Native memory allocation (malloc) failed to allocate 131088 bytes. Error detail: Chunk::new
# Possible reasons:
#   The system is out of physical RAM or swap space
#   This process is running with CompressedOops enabled, and the Java Heap may be blocking the growth of the native heap
# Possible solutions:
#   Reduce memory load on the system
#   Increase physical memory or swap space
#   Check if swap backing store is full
#   Decrease Java heap size (-Xmx/-Xms)
#   Decrease number of Java threads
#   Decrease Java thread stack sizes (-Xss)
#   Set larger code cache with -XX:ReservedCodeCacheSize=
#   JVM is running with Zero Based Compressed Oops mode in which the Java heap is
#     placed in the first 32GB address space. The Java Heap base address is the
#     maximum limit for the native heap growth. Please use -XX:HeapBaseMinAddress
#     to set the Java Heap base and to place the Java Heap above 32GB virtual address.
# This output file may be truncated or incomplete.
#
#  Out of Memory Error (arena.cpp:168), pid=21552, tid=39976
#
# JRE version: OpenJDK Runtime Environment Temurin-21.0.12.1+1 (21.0.12.1+1) (build 21.0.12.1+1-LTS)
# Java VM: OpenJDK 64-Bit Server VM Temurin-21.0.12.1+1 (21.0.12.1+1-LTS, mixed mode, sharing, tiered, compressed oops, compressed class ptrs, g1 gc, windows-amd64)
# No core dump will be written. Minidumps are not enabled by default on client versions of Windows
#

---------------  S U M M A R Y ------------

Command Line: --add-opens=java.base/java.lang=ALL-UNNAMED --add-opens=java.base/java.lang.invoke=ALL-UNNAMED --add-opens=java.base/java.util=ALL-UNNAMED --add-opens=java.prefs/java.util.prefs=ALL-UNNAMED --add-exports=jdk.compiler/com.sun.tools.javac.api=ALL-UNNAMED --add-exports=jdk.compiler/com.sun.tools.javac.util=ALL-UNNAMED --add-opens=java.base/java.util=ALL-UNNAMED --add-opens=java.prefs/java.util.prefs=ALL-UNNAMED --add-opens=java.base/java.nio.charset=ALL-UNNAMED --add-opens=java.base/java.net=ALL-UNNAMED --add-opens=java.base/java.util.concurrent=ALL-UNNAMED --add-opens=java.base/java.util.concurrent.atomic=ALL-UNNAMED --add-opens=java.xml/javax.xml.namespace=ALL-UNNAMED --add-opens=java.base/java.time=ALL-UNNAMED -XX:MaxMetaspaceSize=4G -XX:ReservedCodeCacheSize=512m -XX:+HeapDumpOnOutOfMemoryError -Xmx8G -Dfile.encoding=UTF-8 -Duser.country=US -Duser.language=en -Duser.variant -javaagent:C:\Users\MypC\.gradle\wrapper\dists\gradle-9.3.1-all\9ot9r568e8zfvvd4mn8rbu1j0\gradle-9.3.1\lib\agents\gradle-instrumentation-agent-9.3.1.jar org.gradle.launcher.daemon.bootstrap.GradleDaemon 9.3.1

Host: 11th Gen Intel(R) Core(TM) i5-1135G7 @ 2.40GHz, 8 cores, 15G,  Windows 11 , 64 bit Build 26100 (10.0.26100.9549)
Time: Sat Sep 26 13:13:19 2026 SE Asia Standard Time elapsed time: 22.512685 seconds (0d 0h 0m 22s)

---------------  T H R E A D  ---------------

Current thread (0x0000017c511ba5d0):  JavaThread "C2 CompilerThread0" daemon [_thread_in_native, id=39976, stack(0x0000005c5de00000,0x0000005c5df00000) (1024K)]


Current CompileTask:
C2:22512 2892       4       java.lang.invoke.MethodType::makeImpl (109 bytes)

Stack: [0x0000005c5de00000,0x0000005c5df00000]
Native frames: (J=compiled Java code, j=interpreted, Vv=VM code, C=native code)
V  [jvm.dll+0x6d83e9]
V  [jvm.dll+0x8b5736]
V  [jvm.dll+0x8b7cee]
V  [jvm.dll+0x8b83d3]
V  [jvm.dll+0x284596]
V  [jvm.dll+0xc685d]
V  [jvm.dll+0xc6da1]
V  [jvm.dll+0xd283d]
V  [jvm.dll+0x5ff0af]
V  [jvm.dll+0x255d67]
V  [jvm.dll+0x24ddab]
V  [jvm.dll+0x24bbe6]
V  [jvm.dll+0x1cb4ae]
V  [jvm.dll+0x25baad]
V  [jvm.dll+0x25a03a]
V  [jvm.dll+0x3f8aae]
V  [jvm.dll+0x8600cd]
V  [jvm.dll+0x6d6c1d]
C  [ucrtbase.dll+0x2cd30]
C  [KERNEL32.DLL+0x2cdf7]
C  [ntdll.dll+0x7ee4c]


---------------  P R O C E S S  ---------------

Threads class SMR info:
_java_thread_list=0x0000017c988346d0, length=25, elements={
0x0000017c21780880, 0x0000017c511a6fe0, 0x0000017c511aa770, 0x0000017c511b5910,
0x0000017c511b6370, 0x0000017c511b6dd0, 0x0000017c511b7830, 0x0000017c511ba5d0,
0x0000017c511de410, 0x0000017c51b10e10, 0x0000017c51bfcf40, 0x0000017c986051f0,
0x0000017c985bba30, 0x0000017c97d3b120, 0x0000017c97bb3ed0, 0x0000017c97bb4af0,
0x0000017c97c4e210, 0x0000017c97d77840, 0x0000017c97d77ed0, 0x0000017c97d76b20,
0x0000017c97d750e0, 0x0000017c97d78560, 0x0000017c97d771b0, 0x0000017c97d75770,
0x0000017c97d76490
}

Java Threads: ( => current thread )
  0x0000017c21780880 JavaThread "main"                              [_thread_blocked, id=18948, stack(0x0000005c5d000000,0x0000005c5d100000) (1024K)]
  0x0000017c511a6fe0 JavaThread "Reference Handler"          daemon [_thread_blocked, id=41780, stack(0x0000005c5d800000,0x0000005c5d900000) (1024K)]
  0x0000017c511aa770 JavaThread "Finalizer"                  daemon [_thread_blocked, id=38156, stack(0x0000005c5d900000,0x0000005c5da00000) (1024K)]
  0x0000017c511b5910 JavaThread "Signal Dispatcher"          daemon [_thread_blocked, id=15808, stack(0x0000005c5da00000,0x0000005c5db00000) (1024K)]
  0x0000017c511b6370 JavaThread "Attach Listener"            daemon [_thread_blocked, id=39296, stack(0x0000005c5db00000,0x0000005c5dc00000) (1024K)]
  0x0000017c511b6dd0 JavaThread "Service Thread"             daemon [_thread_blocked, id=28416, stack(0x0000005c5dc00000,0x0000005c5dd00000) (1024K)]
  0x0000017c511b7830 JavaThread "Monitor Deflation Thread"   daemon [_thread_blocked, id=40312, stack(0x0000005c5dd00000,0x0000005c5de00000) (1024K)]
=>0x0000017c511ba5d0 JavaThread "C2 CompilerThread0"         daemon [_thread_in_native, id=39976, stack(0x0000005c5de00000,0x0000005c5df00000) (1024K)]
  0x0000017c511de410 JavaThread "C1 CompilerThread0"         daemon [_thread_blocked, id=20684, stack(0x0000005c5df00000,0x0000005c5e000000) (1024K)]
  0x0000017c51b10e10 JavaThread "Common-Cleaner"             daemon [_thread_blocked, id=37728, stack(0x0000005c5e000000,0x0000005c5e100000) (1024K)]
  0x0000017c51bfcf40 JavaThread "Notification Thread"        daemon [_thread_blocked, id=41708, stack(0x0000005c5e100000,0x0000005c5e200000) (1024K)]
  0x0000017c986051f0 JavaThread "Daemon health stats"               [_thread_blocked, id=37552, stack(0x0000005c5e700000,0x0000005c5e800000) (1024K)]
  0x0000017c985bba30 JavaThread "Incoming local TCP Connector on port 63807"        [_thread_in_native, id=33240, stack(0x0000005c5e800000,0x0000005c5e900000) (1024K)]
  0x0000017c97d3b120 JavaThread "Daemon periodic checks"            [_thread_in_native, id=41688, stack(0x0000005c5e900000,0x0000005c5ea00000) (1024K)]
  0x0000017c97bb3ed0 JavaThread "Daemon"                            [_thread_blocked, id=30676, stack(0x0000005c5ea00000,0x0000005c5eb00000) (1024K)]
  0x0000017c97bb4af0 JavaThread "Handler for socket connection from /127.0.0.1:63807 to /127.0.0.1:63808"        [_thread_in_native, id=40588, stack(0x0000005c5eb00000,0x0000005c5ec00000) (1024K)]
  0x0000017c97c4e210 JavaThread "Cancel handler"                    [_thread_blocked, id=36564, stack(0x0000005c5ec00000,0x0000005c5ed00000) (1024K)]
  0x0000017c97d77840 JavaThread "Daemon worker"                     [_thread_in_vm, id=16728, stack(0x0000005c5ed00000,0x0000005c5ee00000) (1024K)]
  0x0000017c97d77ed0 JavaThread "Asynchronous log dispatcher for DefaultDaemonConnection: socket connection from /127.0.0.1:63807 to /127.0.0.1:63808"        [_thread_blocked, id=28956, stack(0x0000005c5ee00000,0x0000005c5ef00000) (1024K)]
  0x0000017c97d76b20 JavaThread "Stdin handler"                     [_thread_blocked, id=36528, stack(0x0000005c5ef00000,0x0000005c5f000000) (1024K)]
  0x0000017c97d750e0 JavaThread "Daemon client event forwarder"        [_thread_blocked, id=38948, stack(0x0000005c5f000000,0x0000005c5f100000) (1024K)]
  0x0000017c97d78560 JavaThread "Cache worker for journal cache (C:\Users\MypC\.gradle\caches\journal-1)"        [_thread_blocked, id=32792, stack(0x0000005c5f100000,0x0000005c5f200000) (1024K)]
  0x0000017c97d771b0 JavaThread "File lock request listener"        [_thread_in_native, id=39904, stack(0x0000005c5f200000,0x0000005c5f300000) (1024K)]
  0x0000017c97d75770 JavaThread "Cache worker for file hash cache (C:\Users\MypC\.gradle\caches\9.3.1\fileHashes)"        [_thread_blocked, id=21208, stack(0x0000005c5f300000,0x0000005c5f400000) (1024K)]
  0x0000017c97d76490 JavaThread "File lock release action executor"        [_thread_blocked, id=41452, stack(0x0000005c5f400000,0x0000005c5f500000) (1024K)]
Total: 25

Other Threads:
  0x0000017c51188a80 VMThread "VM Thread"                           [id=41812, stack(0x0000005c5d700000,0x0000005c5d800000) (1024K)]
  0x0000017c511777d0 WatcherThread "VM Periodic Task Thread"        [id=33664, stack(0x0000005c5d600000,0x0000005c5d700000) (1024K)]
  0x0000017c2182ba40 WorkerThread "GC Thread#0"                     [id=33996, stack(0x0000005c5d100000,0x0000005c5d200000) (1024K)]
  0x0000017c51c2f560 WorkerThread "GC Thread#1"                     [id=40740, stack(0x0000005c5e200000,0x0000005c5e300000) (1024K)]
  0x0000017c51c2f910 WorkerThread "GC Thread#2"                     [id=25520, stack(0x0000005c5e300000,0x0000005c5e400000) (1024K)]
  0x0000017c51c36080 WorkerThread "GC Thread#3"                     [id=25960, stack(0x0000005c5e400000,0x0000005c5e500000) (1024K)]
  0x0000017c51c36430 WorkerThread "GC Thread#4"                     [id=40776, stack(0x0000005c5e500000,0x0000005c5e600000) (1024K)]
  0x0000017c51c367e0 WorkerThread "GC Thread#5"                     [id=41964, stack(0x0000005c5e600000,0x0000005c5e700000) (1024K)]
  0x0000017c2183c940 ConcurrentGCThread "G1 Main Marker"            [id=41764, stack(0x0000005c5d200000,0x0000005c5d300000) (1024K)]
  0x0000017c2183d360 WorkerThread "G1 Conc#0"                       [id=33776, stack(0x0000005c5d300000,0x0000005c5d400000) (1024K)]
  0x0000017c51047260 ConcurrentGCThread "G1 Refine#0"               [id=33176, stack(0x0000005c5d400000,0x0000005c5d500000) (1024K)]
  0x0000017c51047cf0 ConcurrentGCThread "G1 Service"                [id=41552, stack(0x0000005c5d500000,0x0000005c5d600000) (1024K)]
Total: 12

Threads with active compile tasks:
C2 CompilerThread0  22582 2892       4       java.lang.invoke.MethodType::makeImpl (109 bytes)
Total: 1

VM state: not at safepoint (normal execution)

VM Mutex/Monitor currently owned by a thread: None

Heap address: 0x0000000600000000, size: 8192 MB, Compressed Oops mode: Zero based, Oop shift amount: 3

CDS archive(s) mapped at: [0x0000017c52000000-0x0000017c52ba0000-0x0000017c52ba0000), size 12189696, SharedBaseAddress: 0x0000017c52000000, ArchiveRelocationMode: 1.
Compressed class space mapped at: 0x0000017c53000000-0x0000017c93000000, reserved size: 1073741824
Narrow klass base: 0x0000017c52000000, Narrow klass shift: 0, Narrow klass range: 0x100000000

GC Precious Log:
 CardTable entry size: 512
 Card Set container configuration: InlinePtr #cards 4 size 8 Array Of Cards #cards 32 size 80 Howl #buckets 8 coarsen threshold 7372 Howl Bitmap #cards 1024 size 144 coarsen threshold 921 Card regions per heap region 1 cards per card region 8192
 CPUs: 8 total, 8 available
 Memory: 16106M
 Large Page Support: Disabled
 NUMA Support: Disabled
 Compressed Oops: Enabled (Zero based)
 Heap Region Size: 4M
 Heap Min Capacity: 8M
 Heap Initial Capacity: 252M
 Heap Max Capacity: 8G
 Pre-touch: Disabled
 Parallel Workers: 8
 Concurrent Workers: 2
 Concurrent Refinement Workers: 8
 Periodic GC: Disabled

Heap:
 garbage-first heap   total 258048K, used 118270K [0x0000000600000000, 0x0000000800000000)
  region size 4096K, 30 young (122880K), 2 survivors (8192K)
 Metaspace       used 15950K, committed 16384K, reserved 1114112K
  class space    used 2176K, committed 2368K, reserved 1048576K

Heap Regions: E=young(eden), S=young(survivor), O=old, HS=humongous(starts), HC=humongous(continues), CS=collection set, F=free, TAMS=top-at-mark-start, PB=parsable bottom
|   0|0x0000000600000000, 0x0000000600400000, 0x0000000600400000|100%|HS|  |TAMS 0x0000000600000000| PB 0x0000000600000000| Complete 
|   1|0x0000000600400000, 0x0000000600400000, 0x0000000600800000|  0%| F|  |TAMS 0x0000000600400000| PB 0x0000000600400000| Untracked 
|   2|0x0000000600800000, 0x0000000600800000, 0x0000000600c00000|  0%| F|  |TAMS 0x0000000600800000| PB 0x0000000600800000| Untracked 
|   3|0x0000000600c00000, 0x0000000600c00000, 0x0000000601000000|  0%| F|  |TAMS 0x0000000600c00000| PB 0x0000000600c00000| Untracked 
|   4|0x0000000601000000, 0x0000000601000000, 0x0000000601400000|  0%| F|  |TAMS 0x0000000601000000| PB 0x0000000601000000| Untracked 
|   5|0x0000000601400000, 0x0000000601400000, 0x0000000601800000|  0%| F|  |TAMS 0x0000000601400000| PB 0x0000000601400000| Untracked 
|   6|0x0000000601800000, 0x0000000601800000, 0x0000000601c00000|  0%| F|  |TAMS 0x0000000601800000| PB 0x0000000601800000| Untracked 
|   7|0x0000000601c00000, 0x0000000601c00000, 0x0000000602000000|  0%| F|  |TAMS 0x0000000601c00000| PB 0x0000000601c00000| Untracked 
|   8|0x0000000602000000, 0x0000000602000000, 0x0000000602400000|  0%| F|  |TAMS 0x0000000602000000| PB 0x0000000602000000| Untracked 
|   9|0x0000000602400000, 0x0000000602400000, 0x0000000602800000|  0%| F|  |TAMS 0x0000000602400000| PB 0x0000000602400000| Untracked 
|  10|0x0000000602800000, 0x0000000602800000, 0x0000000602c00000|  0%| F|  |TAMS 0x0000000602800000| PB 0x0000000602800000| Untracked 
|  11|0x0000000602c00000, 0x0000000602c00000, 0x0000000603000000|  0%| F|  |TAMS 0x0000000602c00000| PB 0x0000000602c00000| Untracked 
|  12|0x0000000603000000, 0x0000000603000000, 0x0000000603400000|  0%| F|  |TAMS 0x0000000603000000| PB 0x0000000603000000| Untracked 
|  13|0x0000000603400000, 0x0000000603400000, 0x0000000603800000|  0%| F|  |TAMS 0x0000000603400000| PB 0x0000000603400000| Untracked 
|  14|0x0000000603800000, 0x0000000603800000, 0x0000000603c00000|  0%| F|  |TAMS 0x0000000603800000| PB 0x0000000603800000| Untracked 
|  15|0x0000000603c00000, 0x0000000603c00000, 0x0000000604000000|  0%| F|  |TAMS 0x0000000603c00000| PB 0x0000000603c00000| Untracked 
|  16|0x0000000604000000, 0x0000000604000000, 0x0000000604400000|  0%| F|  |TAMS 0x0000000604000000| PB 0x0000000604000000| Untracked 
|  17|0x0000000604400000, 0x0000000604400000, 0x0000000604800000|  0%| F|  |TAMS 0x0000000604400000| PB 0x0000000604400000| Untracked 
|  18|0x0000000604800000, 0x0000000604800000, 0x0000000604c00000|  0%| F|  |TAMS 0x0000000604800000| PB 0x0000000604800000| Untracked 
|  19|0x0000000604c00000, 0x0000000604c00000, 0x0000000605000000|  0%| F|  |TAMS 0x0000000604c00000| PB 0x0000000604c00000| Untracked 
|  20|0x0000000605000000, 0x0000000605000000, 0x0000000605400000|  0%| F|  |TAMS 0x0000000605000000| PB 0x0000000605000000| Untracked 
|  21|0x0000000605400000, 0x0000000605400000, 0x0000000605800000|  0%| F|  |TAMS 0x0000000605400000| PB 0x0000000605400000| Untracked 
|  22|0x0000000605800000, 0x0000000605800000, 0x0000000605c00000|  0%| F|  |TAMS 0x0000000605800000| PB 0x0000000605800000| Untracked 
|  23|0x0000000605c00000, 0x0000000605c00000, 0x0000000606000000|  0%| F|  |TAMS 0x0000000605c00000| PB 0x0000000605c00000| Untracked 
|  24|0x0000000606000000, 0x0000000606000000, 0x0000000606400000|  0%| F|  |TAMS 0x0000000606000000| PB 0x0000000606000000| Untracked 
|  25|0x0000000606400000, 0x0000000606400000, 0x0000000606800000|  0%| F|  |TAMS 0x0000000606400000| PB 0x0000000606400000| Untracked 
|  26|0x0000000606800000, 0x0000000606800000, 0x0000000606c00000|  0%| F|  |TAMS 0x0000000606800000| PB 0x0000000606800000| Untracked 
|  27|0x0000000606c00000, 0x0000000606c00000, 0x0000000607000000|  0%| F|  |TAMS 0x0000000606c00000| PB 0x0000000606c00000| Untracked 
|  28|0x0000000607000000, 0x0000000607000000, 0x0000000607400000|  0%| F|  |TAMS 0x0000000607000000| PB 0x0000000607000000| Untracked 
|  29|0x0000000607400000, 0x0000000607400000, 0x0000000607800000|  0%| F|  |TAMS 0x0000000607400000| PB 0x0000000607400000| Untracked 
|  30|0x0000000607800000, 0x0000000607800000, 0x0000000607c00000|  0%| F|  |TAMS 0x0000000607800000| PB 0x0000000607800000| Untracked 
|  31|0x0000000607c00000, 0x0000000607c00000, 0x0000000608000000|  0%| F|  |TAMS 0x0000000607c00000| PB 0x0000000607c00000| Untracked 
|  32|0x0000000608000000, 0x0000000608000000, 0x0000000608400000|  0%| F|  |TAMS 0x0000000608000000| PB 0x0000000608000000| Untracked 
|  33|0x0000000608400000, 0x00000006085e08e8, 0x0000000608800000| 46%| E|  |TAMS 0x0000000608400000| PB 0x0000000608400000| Complete 
|  34|0x0000000608800000, 0x0000000608c00000, 0x0000000608c00000|100%| E|CS|TAMS 0x0000000608800000| PB 0x0000000608800000| Complete 
|  35|0x0000000608c00000, 0x0000000609000000, 0x0000000609000000|100%| E|CS|TAMS 0x0000000608c00000| PB 0x0000000608c00000| Complete 
|  36|0x0000000609000000, 0x0000000609400000, 0x0000000609400000|100%| E|CS|TAMS 0x0000000609000000| PB 0x0000000609000000| Complete 
|  37|0x0000000609400000, 0x0000000609800000, 0x0000000609800000|100%| E|CS|TAMS 0x0000000609400000| PB 0x0000000609400000| Complete 
|  38|0x0000000609800000, 0x0000000609c00000, 0x0000000609c00000|100%| E|CS|TAMS 0x0000000609800000| PB 0x0000000609800000| Complete 
|  39|0x0000000609c00000, 0x000000060a000000, 0x000000060a000000|100%| E|CS|TAMS 0x0000000609c00000| PB 0x0000000609c00000| Complete 
|  40|0x000000060a000000, 0x000000060a400000, 0x000000060a400000|100%| E|CS|TAMS 0x000000060a000000| PB 0x000000060a000000| Complete 
|  41|0x000000060a400000, 0x000000060a800000, 0x000000060a800000|100%| E|CS|TAMS 0x000000060a400000| PB 0x000000060a400000| Complete 
|  42|0x000000060a800000, 0x000000060ac00000, 0x000000060ac00000|100%| E|CS|TAMS 0x000000060a800000| PB 0x000000060a800000| Complete 
|  43|0x000000060ac00000, 0x000000060b000000, 0x000000060b000000|100%| E|CS|TAMS 0x000000060ac00000| PB 0x000000060ac00000| Complete 
|  44|0x000000060b000000, 0x000000060b400000, 0x000000060b400000|100%| E|CS|TAMS 0x000000060b000000| PB 0x000000060b000000| Complete 
|  45|0x000000060b400000, 0x000000060b800000, 0x000000060b800000|100%| E|CS|TAMS 0x000000060b400000| PB 0x000000060b400000| Complete 
|  46|0x000000060b800000, 0x000000060bc00000, 0x000000060bc00000|100%| E|CS|TAMS 0x000000060b800000| PB 0x000000060b800000| Complete 
|  47|0x000000060bc00000, 0x000000060c000000, 0x000000060c000000|100%| E|CS|TAMS 0x000000060bc00000| PB 0x000000060bc00000| Complete 
|  48|0x000000060c000000, 0x000000060c400000, 0x000000060c400000|100%| E|CS|TAMS 0x000000060c000000| PB 0x000000060c000000| Complete 
|  49|0x000000060c400000, 0x000000060c800000, 0x000000060c800000|100%| E|CS|TAMS 0x000000060c400000| PB 0x000000060c400000| Complete 
|  50|0x000000060c800000, 0x000000060cb7f8b8, 0x000000060cc00000| 87%| S|CS|TAMS 0x000000060c800000| PB 0x000000060c800000| Complete 
|  51|0x000000060cc00000, 0x000000060d000000, 0x000000060d000000|100%| S|CS|TAMS 0x000000060cc00000| PB 0x000000060cc00000| Complete 
|  52|0x000000060d000000, 0x000000060d400000, 0x000000060d400000|100%| E|CS|TAMS 0x000000060d000000| PB 0x000000060d000000| Complete 
|  53|0x000000060d400000, 0x000000060d800000, 0x000000060d800000|100%| E|CS|TAMS 0x000000060d400000| PB 0x000000060d400000| Complete 
|  54|0x000000060d800000, 0x000000060dc00000, 0x000000060dc00000|100%| E|  |TAMS 0x000000060d800000| PB 0x000000060d800000| Complete 
|  55|0x000000060dc00000, 0x000000060e000000, 0x000000060e000000|100%| E|CS|TAMS 0x000000060dc00000| PB 0x000000060dc00000| Complete 
|  56|0x000000060e000000, 0x000000060e400000, 0x000000060e400000|100%| E|CS|TAMS 0x000000060e000000| PB 0x000000060e000000| Complete 
|  57|0x000000060e400000, 0x000000060e800000, 0x000000060e800000|100%| E|CS|TAMS 0x000000060e400000| PB 0x000000060e400000| Complete 
|  58|0x000000060e800000, 0x000000060ec00000, 0x000000060ec00000|100%| E|CS|TAMS 0x000000060e800000| PB 0x000000060e800000| Complete 
|  59|0x000000060ec00000, 0x000000060f000000, 0x000000060f000000|100%| E|CS|TAMS 0x000000060ec00000| PB 0x000000060ec00000| Complete 
|  60|0x000000060f000000, 0x000000060f400000, 0x000000060f400000|100%| E|CS|TAMS 0x000000060f000000| PB 0x000000060f000000| Complete 
|  61|0x000000060f400000, 0x000000060f800000, 0x000000060f800000|100%| E|CS|TAMS 0x000000060f400000| PB 0x000000060f400000| Complete 
|  62|0x000000060f800000, 0x000000060fc00000, 0x000000060fc00000|100%| E|CS|TAMS 0x000000060f800000| PB 0x000000060f800000| Complete 

Card table byte_map: [0x0000017c45ed0000,0x0000017c46ed0000] _byte_map_base: 0x0000017c42ed0000

Marking Bits: (CMBitMap*) 0x0000017c2182c060
 Bits: [0x0000017c46ed0000, 0x0000017c4eed0000)

Polling page: 0x0000017c1f750000

Metaspace:

Usage:
  Non-class:     13.45 MB used.
      Class:      2.13 MB used.
       Both:     15.58 MB used.

Virtual space:
  Non-class space:       64.00 MB reserved,      13.69 MB ( 21%) committed,  1 nodes.
      Class space:        1.00 GB reserved,       2.31 MB ( <1%) committed,  1 nodes.
             Both:        1.06 GB reserved,      16.00 MB (  1%) committed. 

Chunk freelists:
   Non-Class:  1.92 MB
       Class:  13.70 MB
        Both:  15.63 MB

MaxMetaspaceSize: 4.00 GB
CompressedClassSpaceSize: 1.00 GB
Initial GC threshold: 21.00 MB
Current GC threshold: 21.00 MB
CDS: on
 - commit_granule_bytes: 65536.
 - commit_granule_words: 8192.
 - virtual_space_node_default_size: 8388608.
 - enlarge_chunks_in_place: 1.
 - use_allocation_guard: 0.


Internal statistics:

num_allocs_failed_limit: 0.
num_arena_births: 540.
num_arena_deaths: 0.
num_vsnodes_births: 2.
num_vsnodes_deaths: 0.
num_space_committed: 256.
num_space_uncommitted: 0.
num_chunks_returned_to_freelist: 0.
num_chunks_taken_from_freelist: 1075.
num_chunk_merges: 0.
num_chunk_splits: 712.
num_chunks_enlarged: 498.
num_inconsistent_stats: 0.

CodeHeap 'non-profiled nmethods': size=259264Kb used=1429Kb max_used=1429Kb free=257834Kb
 bounds [0x0000017c34c50000, 0x0000017c34ec0000, 0x0000017c44980000]
CodeHeap 'profiled nmethods': size=259264Kb used=5783Kb max_used=5783Kb free=253480Kb
 bounds [0x0000017c24980000, 0x0000017c24f30000, 0x0000017c346b0000]
CodeHeap 'non-nmethods': size=5760Kb used=1527Kb max_used=1578Kb free=4232Kb
 bounds [0x0000017c346b0000, 0x0000017c34920000, 0x0000017c34c50000]
CodeCache: size=524288Kb, used=8739Kb, max_used=8790Kb, free=515546Kb
 total_blobs=3462, nmethods=2904, adapters=462, full_count=0
Compilation: enabled, stopped_count=0, restarted_count=0

Compilation events (20 events):
Event: 22.394 Thread 0x0000017c511de410 2893       1       java.lang.reflect.Method::getMethodAccessor (5 bytes)
Event: 22.394 Thread 0x0000017c511de410 nmethod 2893 0x0000017c34db4c90 code [0x0000017c34db4e20, 0x0000017c34db4ef0]
Event: 22.401 Thread 0x0000017c511de410 2895       3       java.lang.reflect.Method::setMethodAccessor (20 bytes)
Event: 22.401 Thread 0x0000017c511de410 nmethod 2895 0x0000017c24f1e390 code [0x0000017c24f1e560, 0x0000017c24f1e838]
Event: 22.422 Thread 0x0000017c511de410 2896       3       java.lang.Thread::onSpinWait (1 bytes)
Event: 22.422 Thread 0x0000017c511de410 nmethod 2896 0x0000017c24f1e910 code [0x0000017c24f1eaa0, 0x0000017c24f1eb88]
Event: 22.459 Thread 0x0000017c511de410 2897       3       com.google.common.collect.ImmutableCollection$Builder::expandedCapacity (52 bytes)
Event: 22.460 Thread 0x0000017c511de410 nmethod 2897 0x0000017c24f1ec10 code [0x0000017c24f1ede0, 0x0000017c24f1f138]
Event: 22.460 Thread 0x0000017c511de410 2898       3       com.google.common.collect.ImmutableList$Builder::ensureRoomFor (45 bytes)
Event: 22.461 Thread 0x0000017c511de410 nmethod 2898 0x0000017c24f1f290 code [0x0000017c24f1f460, 0x0000017c24f1f760]
Event: 22.461 Thread 0x0000017c511de410 2899       3       com.google.common.collect.ImmutableList$Builder::add (29 bytes)
Event: 22.461 Thread 0x0000017c511de410 nmethod 2899 0x0000017c24f1f890 code [0x0000017c24f1fa80, 0x0000017c24f1fef0]
Event: 22.472 Thread 0x0000017c511de410 2900       3       org.gradle.internal.file.FilePathUtil::sizeOfCommonPrefix (142 bytes)
Event: 22.477 Thread 0x0000017c511de410 nmethod 2900 0x0000017c24f20090 code [0x0000017c24f204c0, 0x0000017c24f225b8]
Event: 22.478 Thread 0x0000017c511de410 2901       3       org.gradle.internal.file.FileHierarchySet$Node::sizeOfCommonPrefix (10 bytes)
Event: 22.478 Thread 0x0000017c511de410 nmethod 2901 0x0000017c24f23290 code [0x0000017c24f23440, 0x0000017c24f235e0]
Event: 22.478 Thread 0x0000017c511de410 2902       3       org.gradle.internal.file.FilePathUtil::sizeOfCommonPrefix (10 bytes)
Event: 22.478 Thread 0x0000017c511de410 nmethod 2902 0x0000017c24f23690 code [0x0000017c24f23840, 0x0000017c24f23960]
Event: 22.484 Thread 0x0000017c511de410 2903       3       java.lang.invoke.MethodType::genericMethodType (6 bytes)
Event: 22.485 Thread 0x0000017c511de410 nmethod 2903 0x0000017c24f23a10 code [0x0000017c24f23bc0, 0x0000017c24f23ce0]

GC Heap History (4 events):
Event: 1.998 GC heap before
{Heap before GC invocations=0 (full 0):
 garbage-first heap   total 258048K, used 20480K [0x0000000600000000, 0x0000000800000000)
  region size 4096K, 5 young (20480K), 0 survivors (0K)
 Metaspace       used 858K, committed 1024K, reserved 1114112K
  class space    used 70K, committed 128K, reserved 1048576K
}
Event: 2.177 GC heap after
{Heap after GC invocations=1 (full 0):
 garbage-first heap   total 258048K, used 1535K [0x0000000600000000, 0x0000000800000000)
  region size 4096K, 1 young (4096K), 1 survivors (4096K)
 Metaspace       used 858K, committed 1024K, reserved 1114112K
  class space    used 70K, committed 128K, reserved 1048576K
}
Event: 6.594 GC heap before
{Heap before GC invocations=1 (full 0):
 garbage-first heap   total 258048K, used 46591K [0x0000000600000000, 0x0000000800000000)
  region size 4096K, 11 young (45056K), 1 survivors (4096K)
 Metaspace       used 4580K, committed 4800K, reserved 1114112K
  class space    used 584K, committed 704K, reserved 1048576K
}
Event: 6.604 GC heap after
{Heap after GC invocations=2 (full 0):
 garbage-first heap   total 258048K, used 11774K [0x0000000600000000, 0x0000000800000000)
  region size 4096K, 2 young (8192K), 2 survivors (8192K)
 Metaspace       used 4580K, committed 4800K, reserved 1114112K
  class space    used 584K, committed 704K, reserved 1048576K
}

Dll operation events (20 events):
Event: 1.197 Attempting to load shared library C:\Users\MypC\.vscode\extensions\redhat.java-1.56.0-win32-x64\jre\21.0.12.1-win32-x86_64\bin\nio.dll
Event: 1.197 Loaded shared library C:\Users\MypC\.vscode\extensions\redhat.java-1.56.0-win32-x64\jre\21.0.12.1-win32-x86_64\bin\nio.dll
Event: 1.206 Attempting to load shared library C:\Users\MypC\.vscode\extensions\redhat.java-1.56.0-win32-x64\jre\21.0.12.1-win32-x86_64\bin\zip.dll
Event: 1.206 Loaded shared library C:\Users\MypC\.vscode\extensions\redhat.java-1.56.0-win32-x64\jre\21.0.12.1-win32-x86_64\bin\zip.dll
Event: 2.260 Attempting to load shared library C:\Users\MypC\.vscode\extensions\redhat.java-1.56.0-win32-x64\jre\21.0.12.1-win32-x86_64\bin\jimage.dll
Event: 2.260 Loaded shared library C:\Users\MypC\.vscode\extensions\redhat.java-1.56.0-win32-x64\jre\21.0.12.1-win32-x86_64\bin\jimage.dll
Event: 3.731 Attempting to load shared library C:\Users\MypC\.vscode\extensions\redhat.java-1.56.0-win32-x64\jre\21.0.12.1-win32-x86_64\bin\verify.dll
Event: 3.732 Loaded shared library C:\Users\MypC\.vscode\extensions\redhat.java-1.56.0-win32-x64\jre\21.0.12.1-win32-x86_64\bin\verify.dll
Event: 3.844 Attempting to load shared library C:\Users\MypC\.gradle\native\660c5614fbf4a5f2a75b1949f50a0caf5cd603558e7d8a26e50b933a0cfb79d1\windows-amd64\native-platform.dll
Event: 3.847 Loaded shared library C:\Users\MypC\.gradle\native\660c5614fbf4a5f2a75b1949f50a0caf5cd603558e7d8a26e50b933a0cfb79d1\windows-amd64\native-platform.dll
Event: 3.879 Attempting to load shared library C:\Users\MypC\.gradle\native\0.2.8\x86_64-windows-gnu\gradle-fileevents.dll
Event: 3.891 Loaded shared library C:\Users\MypC\.gradle\native\0.2.8\x86_64-windows-gnu\gradle-fileevents.dll
Event: 10.535 Attempting to load shared library C:\Users\MypC\.vscode\extensions\redhat.java-1.56.0-win32-x64\jre\21.0.12.1-win32-x86_64\bin\management.dll
Event: 10.540 Loaded shared library C:\Users\MypC\.vscode\extensions\redhat.java-1.56.0-win32-x64\jre\21.0.12.1-win32-x86_64\bin\management.dll
Event: 10.543 Attempting to load shared library C:\Users\MypC\.vscode\extensions\redhat.java-1.56.0-win32-x64\jre\21.0.12.1-win32-x86_64\bin\management_ext.dll
Event: 10.545 Loaded shared library C:\Users\MypC\.vscode\extensions\redhat.java-1.56.0-win32-x64\jre\21.0.12.1-win32-x86_64\bin\management_ext.dll
Event: 11.807 Attempting to load shared library C:\Users\MypC\.vscode\extensions\redhat.java-1.56.0-win32-x64\jre\21.0.12.1-win32-x86_64\bin\extnet.dll
Event: 11.808 Loaded shared library C:\Users\MypC\.vscode\extensions\redhat.java-1.56.0-win32-x64\jre\21.0.12.1-win32-x86_64\bin\extnet.dll
Event: 12.464 Attempting to load shared library C:\Users\MypC\.vscode\extensions\redhat.java-1.56.0-win32-x64\jre\21.0.12.1-win32-x86_64\bin\sunmscapi.dll
Event: 12.470 Loaded shared library C:\Users\MypC\.vscode\extensions\redhat.java-1.56.0-win32-x64\jre\21.0.12.1-win32-x86_64\bin\sunmscapi.dll

Deoptimization events (20 events):
Event: 16.208 Thread 0x0000017c97d77840 DEOPT PACKING pc=0x0000017c34d23ed8 sp=0x0000005c5edfbb70
Event: 16.208 Thread 0x0000017c97d77840 DEOPT UNPACKING pc=0x0000017c34707ba2 sp=0x0000005c5edfbb28 mode 2
Event: 16.208 Thread 0x0000017c97d77840 Uncommon trap: trap_request=0xffffffde fr.pc=0x0000017c34d23ed8 relative=0x00000000000002f8
Event: 16.208 Thread 0x0000017c97d77840 Uncommon trap: reason=class_check action=maybe_recompile pc=0x0000017c34d23ed8 method=java.util.regex.Pattern$BmpCharPropertyGreedy.match(Ljava/util/regex/Matcher;ILjava/lang/CharSequence;)Z @ 26 c2
Event: 16.208 Thread 0x0000017c97d77840 DEOPT PACKING pc=0x0000017c34d23ed8 sp=0x0000005c5edfbae0
Event: 16.208 Thread 0x0000017c97d77840 DEOPT UNPACKING pc=0x0000017c34707ba2 sp=0x0000005c5edfba98 mode 2
Event: 16.679 Thread 0x0000017c97d77840 Uncommon trap: trap_request=0xffffff45 fr.pc=0x0000017c34c78d7c relative=0x000000000000013c
Event: 16.679 Thread 0x0000017c97d77840 Uncommon trap: reason=unstable_if action=reinterpret pc=0x0000017c34c78d7c method=java.util.regex.Matcher.reset()Ljava/util/regex/Matcher; @ 47 c2
Event: 16.679 Thread 0x0000017c97d77840 DEOPT PACKING pc=0x0000017c34c78d7c sp=0x0000005c5edfab50
Event: 16.679 Thread 0x0000017c97d77840 DEOPT UNPACKING pc=0x0000017c34707ba2 sp=0x0000005c5edfaaf8 mode 2
Event: 16.679 Thread 0x0000017c97d77840 Uncommon trap: trap_request=0xffffff45 fr.pc=0x0000017c34c795d4 relative=0x0000000000000434
Event: 16.679 Thread 0x0000017c97d77840 Uncommon trap: reason=unstable_if action=reinterpret pc=0x0000017c34c795d4 method=java.util.regex.Matcher.match(II)Z @ 76 c2
Event: 16.679 Thread 0x0000017c97d77840 DEOPT PACKING pc=0x0000017c34c795d4 sp=0x0000005c5edfaba0
Event: 16.679 Thread 0x0000017c97d77840 DEOPT UNPACKING pc=0x0000017c34707ba2 sp=0x0000005c5edfab78 mode 2
Event: 16.709 Thread 0x0000017c97d77840 DEOPT PACKING pc=0x0000017c24a782d9 sp=0x0000005c5edfa820
Event: 16.709 Thread 0x0000017c97d77840 DEOPT UNPACKING pc=0x0000017c347086e2 sp=0x0000005c5edf9cb8 mode 0
Event: 17.975 Thread 0x0000017c97d771b0 Uncommon trap: trap_request=0xffffff45 fr.pc=0x0000017c34d455ac relative=0x000000000000018c
Event: 17.976 Thread 0x0000017c97d771b0 Uncommon trap: reason=unstable_if action=reinterpret pc=0x0000017c34d455ac method=java.util.concurrent.locks.ReentrantLock$NonfairSync.initialTryLock()Z @ 25 c2
Event: 17.976 Thread 0x0000017c97d771b0 DEOPT PACKING pc=0x0000017c34d455ac sp=0x0000005c5f2ff050
Event: 17.976 Thread 0x0000017c97d771b0 DEOPT UNPACKING pc=0x0000017c34707ba2 sp=0x0000005c5f2feff0 mode 2

Classes loaded (20 events):
Event: 16.273 Loading class java/net/DatagramPacket
Event: 16.273 Loading class java/net/DatagramPacket done
Event: 16.326 Loading class sun/nio/ch/DatagramChannelImpl$DatagramPackets
Event: 16.328 Loading class sun/nio/ch/DatagramChannelImpl$DatagramPackets done
Event: 16.744 Loading class java/lang/Character$UnicodeBlock
Event: 16.747 Loading class java/lang/Character$Subset
Event: 16.747 Loading class java/lang/Character$Subset done
Event: 16.749 Loading class java/lang/Character$UnicodeBlock done
Event: 16.793 Loading class sun/security/provider/MD5
Event: 16.793 Loading class sun/security/provider/MD5 done
Event: 16.797 Loading class sun/security/provider/SHA5$SHA512
Event: 16.799 Loading class sun/security/provider/SHA5
Event: 16.799 Loading class sun/security/provider/SHA5 done
Event: 16.799 Loading class sun/security/provider/SHA5$SHA512 done
Event: 16.803 Loading class sun/security/provider/ByteArrayAccess$LE
Event: 16.803 Loading class sun/security/provider/ByteArrayAccess$LE done
Event: 22.453 Loading class java/util/concurrent/LinkedBlockingDeque$Itr
Event: 22.453 Loading class java/util/concurrent/LinkedBlockingDeque$AbstractItr
Event: 22.453 Loading class java/util/concurrent/LinkedBlockingDeque$AbstractItr done
Event: 22.453 Loading class java/util/concurrent/LinkedBlockingDeque$Itr done

Classes unloaded (0 events):
No events

Classes redefined (0 events):
No events

Internal exceptions (20 events):
Event: 11.912 Thread 0x0000017c21780880 Exception <a 'java/lang/NoSuchMethodError'{0x000000060b715f70}: 'java.lang.Object java.lang.invoke.DirectMethodHandle$Holder.invokeVirtual(java.lang.Object, java.lang.Object, java.lang.Object, java.lang.Object, java.lang.Object, java.lang.Object, java.lang.Object, java.lang.Object, java.lang.Object)'> (0x000000060b715f70) 
thrown [s\src\hotspot\share\interpreter\linkResolver.cpp, line 773]
Event: 12.059 Thread 0x0000017c21780880 Exception <a 'java/lang/NoSuchMethodError'{0x000000060b0be428}: 'java.lang.Object java.lang.invoke.DirectMethodHandle$Holder.invokeStaticInit(java.lang.Object, int, int, int, int)'> (0x000000060b0be428) 
thrown [s\src\hotspot\share\interpreter\linkResolver.cpp, line 773]
Event: 12.211 Thread 0x0000017c21780880 Exception <a 'java/lang/NoSuchMethodError'{0x000000060b167530}: 'java.lang.Object java.lang.invoke.DirectMethodHandle$Holder.invokeStaticInit(java.lang.Object, java.lang.Object, int, int, int, int)'> (0x000000060b167530) 
thrown [s\src\hotspot\share\interpreter\linkResolver.cpp, line 773]
Event: 12.388 Thread 0x0000017c21780880 Exception <a 'java/io/IOException'{0x000000060ad00f18}> (0x000000060ad00f18) 
thrown [s\src\hotspot\share\prims\jni.cpp, line 520]
Event: 12.406 Thread 0x0000017c21780880 Implicit null exception at 0x0000017c34ca9ca4 to 0x0000017c34caa380
Event: 12.418 Thread 0x0000017c21780880 Exception <a 'java/lang/NoSuchMethodError'{0x000000060ad78388}: 'java.lang.Object java.lang.invoke.DirectMethodHandle$Holder.newInvokeSpecial(java.lang.Object, java.lang.Object, java.lang.Object, java.lang.Object, java.lang.Object)'> (0x000000060ad78388) 
thrown [s\src\hotspot\share\interpreter\linkResolver.cpp, line 773]
Event: 14.303 Thread 0x0000017c97bb3ed0 Exception <a 'java/lang/NoSuchMethodError'{0x000000060a977880}: 'void java.lang.invoke.DirectMethodHandle$Holder.invokeSpecial(java.lang.Object, java.lang.Object, java.lang.Object)'> (0x000000060a977880) 
thrown [s\src\hotspot\share\interpreter\linkResolver.cpp, line 773]
Event: 14.487 Thread 0x0000017c97d77840 Exception <a 'java/lang/NoSuchMethodError'{0x000000060a0e70b0}: 'java.lang.Object java.lang.invoke.DirectMethodHandle$Holder.invokeVirtual(java.lang.Object, java.lang.Object, java.lang.Object, java.lang.Object, java.lang.Object, java.lang.Object, java.lang.Object)'> (0x000000060a0e70b0) 
thrown [s\src\hotspot\share\interpreter\linkResolver.cpp, line 773]
Event: 14.509 Thread 0x0000017c97d77840 Exception <a 'java/lang/NoSuchMethodError'{0x000000060a17baa8}: 'long java.lang.invoke.DirectMethodHandle$Holder.invokeInterface(java.lang.Object, java.lang.Object)'> (0x000000060a17baa8) 
thrown [s\src\hotspot\share\interpreter\linkResolver.cpp, line 773]
Event: 14.742 Thread 0x0000017c97d77840 Exception <a 'java/lang/NoSuchMethodError'{0x0000000609d70970}: 'void java.lang.invoke.DirectMethodHandle$Holder.invokeStatic(java.lang.Object, java.lang.Object)'> (0x0000000609d70970) 
thrown [s\src\hotspot\share\interpreter\linkResolver.cpp, line 773]
Event: 14.773 Thread 0x0000017c97d77840 Exception <a 'java/lang/NoSuchMethodError'{0x0000000609dc80e0}: 'java.lang.Object java.lang.invoke.DirectMethodHandle$Holder.invokeVirtual(java.lang.Object, java.lang.Object, java.lang.Object, java.lang.Object, java.lang.Object, java.lang.Object, java.lang.Object, java.lang.Object, java.lang.Object, java.lang.Object, java.lang.Object, java.lang.Object)'> (0x0000000609dc80e0) 
thrown [s\src\hotspot\share\interpreter\linkResolver.cpp, line 773]
Event: 14.774 Thread 0x0000017c97d77840 Exception <a 'java/lang/NoSuchMethodError'{0x0000000609dcd108}: 'java.lang.Object java.lang.invoke.DirectMethodHandle$Holder.invokeSpecial(java.lang.Object, java.lang.Object, java.lang.Object, java.lang.Object, java.lang.Object, java.lang.Object, java.lang.Object, java.lang.Object, java.lang.Object, java.lang.Object, java.lang.Object, java.lang.Object, java.lang.Object)'> (0x0000000609dcd108) 
thrown [s\src\hotspot\share\interpreter\linkResolver.cpp, line 773]
Event: 14.910 Thread 0x0000017c97d77840 Exception <a 'java/lang/NoSuchMethodError'{0x0000000609829ca0}: 'int java.lang.invoke.DirectMethodHandle$Holder.invokeVirtual(java.lang.Object, java.lang.Object, java.lang.Object)'> (0x0000000609829ca0) 
thrown [s\src\hotspot\share\interpreter\linkResolver.cpp, line 773]
Event: 15.056 Thread 0x0000017c97d77840 Exception <a 'java/lang/NoSuchMethodError'{0x0000000609abd860}: 'java.lang.Object java.lang.invoke.DirectMethodHandle$Holder.newInvokeSpecial(java.lang.Object, java.lang.Object, java.lang.Object, java.lang.Object, java.lang.Object, java.lang.Object)'> (0x0000000609abd860) 
thrown [s\src\hotspot\share\interpreter\linkResolver.cpp, line 773]
Event: 15.345 Thread 0x0000017c97d77840 Exception <a 'java/lang/NoSuchMethodError'{0x00000006095685c0}: 'void java.lang.invoke.DelegatingMethodHandle$Holder.reinvoke_L(java.lang.Object, java.lang.Object, java.lang.Object, java.lang.Object, java.lang.Object, java.lang.Object, java.lang.Object, java.lang.Object, java.lang.Object, java.lang.Object)'> (0x00000006095685c0) 
thrown [s\src\hotspot\share\interpreter\linkResolver.cpp, line 773]
Event: 15.355 Thread 0x0000017c97d77840 Exception <a 'java/lang/NoSuchMethodError'{0x00000006095700a0}: 'java.lang.Object java.lang.invoke.Invokers$Holder.invoker(java.lang.Object, java.lang.Object, java.lang.Object, java.lang.Object, java.lang.Object, java.lang.Object, java.lang.Object, java.lang.Object, java.lang.Object, java.lang.Object)'> (0x00000006095700a0) 
thrown [s\src\hotspot\share\interpreter\linkResolver.cpp, line 773]
Event: 16.143 Thread 0x0000017c97d77840 Exception <a 'java/lang/NoSuchMethodError'{0x0000000608c036a0}: 'void java.lang.invoke.DirectMethodHandle$Holder.invokeInterface(java.lang.Object, java.lang.Object)'> (0x0000000608c036a0) 
thrown [s\src\hotspot\share\interpreter\linkResolver.cpp, line 773]
Event: 16.143 Thread 0x0000017c97d77840 Exception <a 'java/lang/IncompatibleClassChangeError'{0x0000000608c06c20}: Found class java.lang.Object, but interface was expected> (0x0000000608c06c20) 
thrown [s\src\hotspot\share\interpreter\linkResolver.cpp, line 840]
Event: 16.225 Thread 0x0000017c97d77840 Exception <a 'java/lang/NoSuchMethodError'{0x0000000608d36888}: 'java.lang.Object java.lang.invoke.DirectMethodHandle$Holder.newInvokeSpecial(java.lang.Object, java.lang.Object, int)'> (0x0000000608d36888) 
thrown [s\src\hotspot\share\interpreter\linkResolver.cpp, line 773]
Event: 16.824 Thread 0x0000017c97d77840 Exception <a 'java/lang/NoSuchMethodError'{0x0000000608a3d260}: 'java.lang.Object java.lang.invoke.DirectMethodHandle$Holder.invokeVirtual(java.lang.Object, java.lang.Object, java.lang.Object, java.lang.Object, java.lang.Object, java.lang.Object, java.lang.Object, java.lang.Object)'> (0x0000000608a3d260) 
thrown [s\src\hotspot\share\interpreter\linkResolver.cpp, line 773]

ZGC Phase Switch (0 events):
No events

VM Operations (20 events):
Event: 12.186 Executing non-safepoint VM operation: HandshakeAllThreads (Deoptimize)
Event: 12.187 Executing non-safepoint VM operation: HandshakeAllThreads (Deoptimize) done
Event: 12.506 Executing non-safepoint VM operation: HandshakeAllThreads (Deoptimize)
Event: 12.506 Executing non-safepoint VM operation: HandshakeAllThreads (Deoptimize) done
Event: 13.520 Executing safepoint VM operation: Cleanup
Event: 13.520 Executing safepoint VM operation: Cleanup done
Event: 14.526 Executing safepoint VM operation: Cleanup
Event: 14.527 Executing safepoint VM operation: Cleanup done
Event: 15.533 Executing safepoint VM operation: Cleanup
Event: 15.549 Executing safepoint VM operation: Cleanup done
Event: 16.221 Executing non-safepoint VM operation: HandshakeAllThreads (Deoptimize)
Event: 16.221 Executing non-safepoint VM operation: HandshakeAllThreads (Deoptimize) done
Event: 17.223 Executing safepoint VM operation: Cleanup
Event: 17.223 Executing safepoint VM operation: Cleanup done
Event: 18.228 Executing safepoint VM operation: Cleanup
Event: 18.228 Executing safepoint VM operation: Cleanup done
Event: 19.238 Executing safepoint VM operation: Cleanup
Event: 19.238 Executing safepoint VM operation: Cleanup done
Event: 22.255 Executing safepoint VM operation: Cleanup
Event: 22.255 Executing safepoint VM operation: Cleanup done

Memory protections (0 events):
No events

Nmethod flushes (0 events):
No events

Events (20 events):
Event: 0.607 Thread 0x0000017c21780880 Thread added: 0x0000017c511b6dd0
Event: 0.607 Thread 0x0000017c21780880 Thread added: 0x0000017c511b7830
Event: 0.607 Thread 0x0000017c21780880 Thread added: 0x0000017c511ba5d0
Event: 0.715 Thread 0x0000017c21780880 Thread added: 0x0000017c511de410
Event: 1.111 Thread 0x0000017c21780880 Thread added: 0x0000017c51b10e10
Event: 1.231 Thread 0x0000017c21780880 Thread added: 0x0000017c51bfcf40
Event: 10.672 Thread 0x0000017c21780880 Thread added: 0x0000017c986051f0
Event: 12.248 Thread 0x0000017c21780880 Thread added: 0x0000017c985bba30
Event: 12.428 Thread 0x0000017c21780880 Thread added: 0x0000017c97d3b120
Event: 12.581 Thread 0x0000017c985bba30 Thread added: 0x0000017c97bb3ed0
Event: 12.735 Thread 0x0000017c97bb3ed0 Thread added: 0x0000017c97bb4af0
Event: 14.221 Thread 0x0000017c97bb3ed0 Thread added: 0x0000017c97c4e210
Event: 14.303 Thread 0x0000017c97bb3ed0 Thread added: 0x0000017c97d77840
Event: 14.337 Thread 0x0000017c97d77840 Thread added: 0x0000017c97d77ed0
Event: 14.351 Thread 0x0000017c97d77840 Thread added: 0x0000017c97d76b20
Event: 14.363 Thread 0x0000017c97d77840 Thread added: 0x0000017c97d750e0
Event: 16.222 Thread 0x0000017c97d77840 Thread added: 0x0000017c97d78560
Event: 16.263 Thread 0x0000017c97d77840 Thread added: 0x0000017c97d771b0
Event: 16.829 Thread 0x0000017c97d77840 Thread added: 0x0000017c97d75770
Event: 18.676 Thread 0x0000017c97d771b0 Thread added: 0x0000017c97d76490


Dynamic libraries:
0x00007ff749e80000 - 0x00007ff749e8e000 	C:\Users\MypC\.vscode\extensions\redhat.java-1.56.0-win32-x64\jre\21.0.12.1-win32-x86_64\bin\java.exe
0x00007ffe52740000 - 0x00007ffe529a7000 	C:\WINDOWS\SYSTEM32\ntdll.dll
0x00007ffe51940000 - 0x00007ffe51a0b000 	C:\WINDOWS\System32\KERNEL32.DLL
0x00007ffe4fe00000 - 0x00007ffe50201000 	C:\WINDOWS\System32\KERNELBASE.dll
0x00007ffe4f9f0000 - 0x00007ffe4fb3c000 	C:\WINDOWS\System32\ucrtbase.dll
0x00007ffe31d40000 - 0x00007ffe31d58000 	C:\Users\MypC\.vscode\extensions\redhat.java-1.56.0-win32-x64\jre\21.0.12.1-win32-x86_64\bin\jli.dll
0x00007ffe459f0000 - 0x00007ffe45a0e000 	C:\Users\MypC\.vscode\extensions\redhat.java-1.56.0-win32-x64\jre\21.0.12.1-win32-x86_64\bin\VCRUNTIME140.dll
0x00007ffe51c70000 - 0x00007ffe51e47000 	C:\WINDOWS\System32\USER32.dll
0x00007ffe4fb50000 - 0x00007ffe4fb77000 	C:\WINDOWS\System32\win32u.dll
0x00007ffe50ef0000 - 0x00007ffe50f1b000 	C:\WINDOWS\System32\GDI32.dll
0x00007ffe4fc40000 - 0x00007ffe4fd68000 	C:\WINDOWS\System32\gdi32full.dll
0x00007ffe4f940000 - 0x00007ffe4f9e3000 	C:\WINDOWS\System32\msvcp_win.dll
0x00007ffe39020000 - 0x00007ffe392b0000 	C:\WINDOWS\WinSxS\amd64_microsoft.windows.common-controls_6595b64144ccf1df_6.0.26100.9549_none_3e0a0396e3330090\COMCTL32.dll
0x00007ffe50720000 - 0x00007ffe507c9000 	C:\WINDOWS\System32\msvcrt.dll
0x00007ffe50d10000 - 0x00007ffe50d41000 	C:\WINDOWS\System32\IMM32.DLL
0x00007ffe32ca0000 - 0x00007ffe32cac000 	C:\Users\MypC\.vscode\extensions\redhat.java-1.56.0-win32-x64\jre\21.0.12.1-win32-x86_64\bin\vcruntime140_1.dll
0x00007ffe0f9f0000 - 0x00007ffe0fa7d000 	C:\Users\MypC\.vscode\extensions\redhat.java-1.56.0-win32-x64\jre\21.0.12.1-win32-x86_64\bin\msvcp140.dll
0x00007ffda53c0000 - 0x00007ffda6162000 	C:\Users\MypC\.vscode\extensions\redhat.java-1.56.0-win32-x64\jre\21.0.12.1-win32-x86_64\bin\server\jvm.dll
0x00007ffe51aa0000 - 0x00007ffe51b5b000 	C:\WINDOWS\System32\ADVAPI32.dll
0x00007ffe504c0000 - 0x00007ffe50568000 	C:\WINDOWS\System32\sechost.dll
0x00007ffe51820000 - 0x00007ffe51938000 	C:\WINDOWS\System32\RPCRT4.dll
0x00007ffe51fe0000 - 0x00007ffe52061000 	C:\WINDOWS\System32\WS2_32.dll
0x00007ffe4f7b0000 - 0x00007ffe4f80e000 	C:\WINDOWS\SYSTEM32\POWRPROF.dll
0x00007ffe45e90000 - 0x00007ffe45ec7000 	C:\WINDOWS\SYSTEM32\WINMM.dll
0x00007ffe45c60000 - 0x00007ffe45c6b000 	C:\WINDOWS\SYSTEM32\VERSION.dll
0x00007ffe4f790000 - 0x00007ffe4f7a5000 	C:\WINDOWS\SYSTEM32\UMPDC.dll
0x00007ffe4e5c0000 - 0x00007ffe4e5db000 	C:\WINDOWS\SYSTEM32\kernel.appcore.dll
0x00007ffe324f0000 - 0x00007ffe324fa000 	C:\Users\MypC\.vscode\extensions\redhat.java-1.56.0-win32-x64\jre\21.0.12.1-win32-x86_64\bin\jimage.dll
0x00007ffe4cce0000 - 0x00007ffe4cf2c000 	C:\WINDOWS\SYSTEM32\DBGHELP.DLL
0x00007ffe50850000 - 0x00007ffe50bda000 	C:\WINDOWS\System32\combase.dll
0x00007ffe50be0000 - 0x00007ffe50cb9000 	C:\WINDOWS\System32\OLEAUT32.dll
0x00007ffe49130000 - 0x00007ffe4916b000 	C:\WINDOWS\SYSTEM32\dbgcore.DLL
0x00007ffe50210000 - 0x00007ffe502bc000 	C:\WINDOWS\System32\bcryptPrimitives.dll
0x00007ffe312d0000 - 0x00007ffe312df000 	C:\Users\MypC\.vscode\extensions\redhat.java-1.56.0-win32-x64\jre\21.0.12.1-win32-x86_64\bin\instrument.dll
0x00007ffe31480000 - 0x00007ffe314a0000 	C:\Users\MypC\.vscode\extensions\redhat.java-1.56.0-win32-x64\jre\21.0.12.1-win32-x86_64\bin\java.dll
0x00007ffe51060000 - 0x00007ffe517fc000 	C:\WINDOWS\System32\SHELL32.dll
0x00007ffe4d350000 - 0x00007ffe4dbfd000 	C:\WINDOWS\SYSTEM32\windows.storage.dll
0x00007ffe51e50000 - 0x00007ffe51f49000 	C:\WINDOWS\System32\SHCORE.dll
0x00007ffe50ff0000 - 0x00007ffe51056000 	C:\WINDOWS\System32\shlwapi.dll
0x00007ffe4f850000 - 0x00007ffe4f879000 	C:\WINDOWS\SYSTEM32\profapi.dll
0x00007ffe28060000 - 0x00007ffe28078000 	C:\Users\MypC\.vscode\extensions\redhat.java-1.56.0-win32-x64\jre\21.0.12.1-win32-x86_64\bin\zip.dll
0x00007ffe321f0000 - 0x00007ffe32200000 	C:\Users\MypC\.vscode\extensions\redhat.java-1.56.0-win32-x64\jre\21.0.12.1-win32-x86_64\bin\net.dll
0x00007ffe48690000 - 0x00007ffe487ba000 	C:\WINDOWS\SYSTEM32\WINHTTP.dll
0x00007ffe4eba0000 - 0x00007ffe4ec0c000 	C:\WINDOWS\system32\mswsock.dll
0x00007ffe0c940000 - 0x00007ffe0c956000 	C:\Users\MypC\.vscode\extensions\redhat.java-1.56.0-win32-x64\jre\21.0.12.1-win32-x86_64\bin\nio.dll
0x00007ffe2cfe0000 - 0x00007ffe2cff0000 	C:\Users\MypC\.vscode\extensions\redhat.java-1.56.0-win32-x64\jre\21.0.12.1-win32-x86_64\bin\verify.dll
0x00007ffe0a340000 - 0x00007ffe0a367000 	C:\Users\MypC\.gradle\native\660c5614fbf4a5f2a75b1949f50a0caf5cd603558e7d8a26e50b933a0cfb79d1\windows-amd64\native-platform.dll
0x00007ffddafb0000 - 0x00007ffddb027000 	C:\Users\MypC\.gradle\native\0.2.8\x86_64-windows-gnu\gradle-fileevents.dll
0x00007ffe07700000 - 0x00007ffe0770a000 	C:\Users\MypC\.vscode\extensions\redhat.java-1.56.0-win32-x64\jre\21.0.12.1-win32-x86_64\bin\management.dll
0x00007ffe04950000 - 0x00007ffe0495c000 	C:\Users\MypC\.vscode\extensions\redhat.java-1.56.0-win32-x64\jre\21.0.12.1-win32-x86_64\bin\management_ext.dll
0x00007ffe51810000 - 0x00007ffe51818000 	C:\WINDOWS\System32\PSAPI.DLL
0x00007ffe4df60000 - 0x00007ffe4df93000 	C:\WINDOWS\SYSTEM32\IPHLPAPI.DLL
0x00007ffe51b60000 - 0x00007ffe51b6a000 	C:\WINDOWS\System32\NSI.dll
0x00007ffe0c580000 - 0x00007ffe0c589000 	C:\Users\MypC\.vscode\extensions\redhat.java-1.56.0-win32-x64\jre\21.0.12.1-win32-x86_64\bin\extnet.dll
0x00007ffe4ee90000 - 0x00007ffe4eeab000 	C:\WINDOWS\SYSTEM32\CRYPTSP.dll
0x00007ffe4e520000 - 0x00007ffe4e559000 	C:\WINDOWS\system32\rsaenh.dll
0x00007ffe4ec50000 - 0x00007ffe4ec84000 	C:\WINDOWS\SYSTEM32\USERENV.dll
0x00007ffe4f820000 - 0x00007ffe4f84a000 	C:\WINDOWS\SYSTEM32\bcrypt.dll
0x00007ffe4eeb0000 - 0x00007ffe4eebc000 	C:\WINDOWS\SYSTEM32\CRYPTBASE.dll
0x00007ffe29750000 - 0x00007ffe2975e000 	C:\Users\MypC\.vscode\extensions\redhat.java-1.56.0-win32-x64\jre\21.0.12.1-win32-x86_64\bin\sunmscapi.dll
0x00007ffe502d0000 - 0x00007ffe5044f000 	C:\WINDOWS\System32\CRYPT32.dll
0x00007ffe4f0f0000 - 0x00007ffe4f120000 	C:\WINDOWS\SYSTEM32\ncrypt.dll
0x00007ffe4f0a0000 - 0x00007ffe4f0df000 	C:\WINDOWS\SYSTEM32\NTASN1.dll
0x00007ffe4bf40000 - 0x00007ffe4bf48000 	C:\WINDOWS\system32\wshunix.dll

JVMTI agents:
C:\Users\MypC\.gradle\wrapper\dists\gradle-9.3.1-all\9ot9r568e8zfvvd4mn8rbu1j0\gradle-9.3.1\lib\agents\gradle-instrumentation-agent-9.3.1.jar path:C:\Users\MypC\.vscode\extensions\redhat.java-1.56.0-win32-x64\jre\21.0.12.1-win32-x86_64\bin\instrument.dll, loaded, initialized, instrumentlib options:none

dbghelp: loaded successfully - version: 4.0.5 - missing functions: none
symbol engine: initialized successfully - sym options: 0x614 - pdb path: .;C:\Users\MypC\.vscode\extensions\redhat.java-1.56.0-win32-x64\jre\21.0.12.1-win32-x86_64\bin;C:\WINDOWS\SYSTEM32;C:\WINDOWS\WinSxS\amd64_microsoft.windows.common-controls_6595b64144ccf1df_6.0.26100.9549_none_3e0a0396e3330090;C:\Users\MypC\.vscode\extensions\redhat.java-1.56.0-win32-x64\jre\21.0.12.1-win32-x86_64\bin\server;C:\Users\MypC\.gradle\native\660c5614fbf4a5f2a75b1949f50a0caf5cd603558e7d8a26e50b933a0cfb79d1\windows-amd64;C:\Users\MypC\.gradle\native\0.2.8\x86_64-windows-gnu

VM Arguments:
jvm_args: --add-opens=java.base/java.lang=ALL-UNNAMED --add-opens=java.base/java.lang.invoke=ALL-UNNAMED --add-opens=java.base/java.util=ALL-UNNAMED --add-opens=java.prefs/java.util.prefs=ALL-UNNAMED --add-exports=jdk.compiler/com.sun.tools.javac.api=ALL-UNNAMED --add-exports=jdk.compiler/com.sun.tools.javac.util=ALL-UNNAMED --add-opens=java.base/java.util=ALL-UNNAMED --add-opens=java.prefs/java.util.prefs=ALL-UNNAMED --add-opens=java.base/java.nio.charset=ALL-UNNAMED --add-opens=java.base/java.net=ALL-UNNAMED --add-opens=java.base/java.util.concurrent=ALL-UNNAMED --add-opens=java.base/java.util.concurrent.atomic=ALL-UNNAMED --add-opens=java.xml/javax.xml.namespace=ALL-UNNAMED --add-opens=java.base/java.time=ALL-UNNAMED -XX:MaxMetaspaceSize=4G -XX:ReservedCodeCacheSize=512m -XX:+HeapDumpOnOutOfMemoryError -Xmx8G -Dfile.encoding=UTF-8 -Duser.country=US -Duser.language=en -Duser.variant -javaagent:C:\Users\MypC\.gradle\wrapper\dists\gradle-9.3.1-all\9ot9r568e8zfvvd4mn8rbu1j0\gradle-9.3.1\lib\agents\gradle-instrumentation-agent-9.3.1.jar 
java_command: org.gradle.launcher.daemon.bootstrap.GradleDaemon 9.3.1
java_class_path (initial): C:\Users\MypC\.gradle\wrapper\dists\gradle-9.3.1-all\9ot9r568e8zfvvd4mn8rbu1j0\gradle-9.3.1\lib\gradle-daemon-main-9.3.1.jar
Launcher Type: SUN_STANDARD

[Global flags]
     intx CICompilerCount                          = 4                                         {product} {ergonomic}
     uint ConcGCThreads                            = 2                                         {product} {ergonomic}
     uint G1ConcRefinementThreads                  = 8                                         {product} {ergonomic}
   size_t G1HeapRegionSize                         = 4194304                                   {product} {ergonomic}
    uintx GCDrainStackTargetSize                   = 64                                        {product} {ergonomic}
     bool HeapDumpOnOutOfMemoryError               = true                                   {manageable} {command line}
   size_t InitialHeapSize                          = 264241152                                 {product} {ergonomic}
   size_t MarkStackSize                            = 4194304                                   {product} {ergonomic}
   size_t MaxHeapSize                              = 8589934592                                {product} {command line}
   size_t MaxMetaspaceSize                         = 4294967296                                {product} {command line}
   size_t MaxNewSize                               = 5150605312                                {product} {ergonomic}
   size_t MinHeapDeltaBytes                        = 4194304                                   {product} {ergonomic}
   size_t MinHeapSize                              = 8388608                                   {product} {ergonomic}
    uintx NonNMethodCodeHeapSize                   = 5839372                                {pd product} {ergonomic}
    uintx NonProfiledCodeHeapSize                  = 265515770                              {pd product} {ergonomic}
    uintx ProfiledCodeHeapSize                     = 265515770                              {pd product} {ergonomic}
    uintx ReservedCodeCacheSize                    = 536870912                              {pd product} {command line}
     bool SegmentedCodeCache                       = true                                      {product} {ergonomic}
   size_t SoftMaxHeapSize                          = 8589934592                             {manageable} {ergonomic}
     bool UseCompressedOops                        = true                           {product lp64_product} {ergonomic}
     bool UseG1GC                                  = true                                      {product} {ergonomic}
     bool UseLargePagesIndividualAllocation        = false                                  {pd product} {ergonomic}

Logging:
Log output configuration:
 #0: stdout all=warning uptime,level,tags foldmultilines=false
 #1: stderr all=off uptime,level,tags foldmultilines=false

Release file:
JAVA_VERSION="21.0.12.1" 
MODULES="java.base java.compiler java.datatransfer java.xml java.prefs java.desktop java.instrument java.logging java.management java.security.sasl java.naming java.rmi java.management.rmi java.net.http java.scripting java.security.jgss java.transaction.xa java.sql java.sql.rowset java.xml.crypto java.se java.smartcardio jdk.accessibility jdk.internal.jvmstat jdk.attach jdk.charsets jdk.internal.opt jdk.zipfs jdk.compiler jdk.crypto.ec jdk.crypto.cryptoki jdk.crypto.mscapi jdk.dynalink jdk.internal.ed jdk.editpad jdk.hotspot.agent jdk.httpserver jdk.internal.le jdk.internal.vm.ci jdk.internal.vm.compiler jdk.internal.vm.compiler.management jdk.jartool jdk.javadoc jdk.jcmd jdk.management jdk.management.agent jdk.jconsole jdk.jdeps jdk.jdwp.agent jdk.jdi jdk.jfr jdk.jshell jdk.jsobject jdk.jstatd jdk.localedata jdk.management.jfr jdk.naming.dns jdk.naming.rmi jdk.net jdk.nio.mapmode jdk.random jdk.sctp jdk.security.auth jdk.security.jgss jdk.unsupported jdk.unsupported.desktop jdk.xml.dom" 

Environment Variables:
JAVA_HOME=C:\Users\MypC\AppData\Local\Programs\Eclipse Adoptium\jdk-17.0.20.101-hotspot\
PATH=C:\Program Files (x86)\VMware\VMware Workstation\bin\;C:\WINDOWS\system32;C:\WINDOWS;C:\WINDOWS\System32\Wbem;C:\WINDOWS\System32\WindowsPowerShell\v1.0\;C:\WINDOWS\System32\OpenSSH\;C:\Program Files\dotnet\;C:\Program Files\Microsoft SQL Server\Client SDK\ODBC\110\Tools\Binn\;C:\Program Files (x86)\Microsoft SQL Server\120\Tools\Binn\;C:\Program Files\Microsoft SQL Server\120\Tools\Binn\;C:\Program Files\Microsoft SQL Server\120\DTS\Binn\;C:\Program Files (x86)\Microsoft SQL Server\160\Tools\Binn\;C:\Program Files\Microsoft SQL Server\160\Tools\Binn\;C:\Program Files\Microsoft SQL Server\Client SDK\ODBC\170\Tools\Binn\;C:\Program Files\Microsoft SQL Server\160\DTS\Binn\;C:\Program Files (x86)\Microsoft SQL Server\120\Tools\Binn\ManagementStudio\;C:\Program Files (x86)\Microsoft SQL Server\120\DTS\Binn\;C:\Program Files\Microsoft SQL Server\150\Tools\Binn\;C:\Program Files\Microsoft SQL Server\170\Tools\Binn\;C:\ProgramData\chocolatey\bin;C:\Program Files\Git\cmd;F:\MypC\Program Files\nodejs\;F:\src\flutter\bin;C:\Program Files (x86)\Windows Kits\10\Windows Performance Toolkit\;C:\Users\MypC\AppData\Local\Programs\Eclipse Adoptium\jdk-17.0.20.101-hotspot\bin;C:\Users\MypC\AppData\Local\Programs\Python\Python312\Scripts\;C:\Users\MypC\AppData\Local\Programs\Python\Python312\;C:\Users\MypC\AppData\Local\Programs\Python\Launcher\;C:\Users\MypC\AppData\Local\Microsoft\WindowsApps;C:\Users\MypC\.dotnet\tools;C:\Users\MypC\AppData\Local\Programs\Microsoft VS Code\bin;C:\Users\MypC\AppData\Local\Programs\Antigravity\bin;C:\Users\MypC\AppData\Local\Programs\cursor\resources\app\bin;C:\Users\MypC\AppData\Local\Programs\Kiro\bin;C:\Users\MypC\AppData\Local\Programs\Antigravity IDE\bin;F:\tools\dart-sdk\bin;C:\Users\MypC\AppData\Local\Pub\Cache\bin;C:\Users\MypC\AppData\Roaming\npm
USERNAME=MypC
OS=Windows_NT
PROCESSOR_IDENTIFIER=Intel64 Family 6 Model 140 Stepping 1, GenuineIntel
TMP=C:\Users\MypC\AppData\Local\Temp
TEMP=C:\Users\MypC\AppData\Local\Temp




Periodic native trim disabled

---------------  S Y S T E M  ---------------

OS:
 Windows 11 , 64 bit Build 26100 (10.0.26100.9549)
OS uptime: 1 days 18:01 hours
Hyper-V role detected

CPU: total 8 (initial active 8) (4 cores per cpu, 2 threads per core) family 6 model 140 stepping 1 microcode 0xbe, cx8, cmov, fxsr, ht, mmx, 3dnowpref, sse, sse2, sse3, ssse3, sse4.1, sse4.2, popcnt, lzcnt, tsc, tscinvbit, avx, avx2, aes, erms, clmul, bmi1, bmi2, adx, avx512f, avx512dq, avx512cd, avx512bw, avx512vl, sha, fma, vzeroupper, avx512_vpopcntdq, avx512_vpclmulqdq, avx512_vaes, avx512_vnni, clflush, clflushopt, clwb, avx512_vbmi2, avx512_vbmi, hv, rdtscp, rdpid, fsrm, gfni, avx512_bitalg, f16c, cet_ibt, cet_ss, avx512_ifma
Processor Information for the first 8 processors :
  Max Mhz: 2419, Current Mhz: 2419, Mhz Limit: 2419

Memory: 4k page, system-wide physical 16106M (111M free)
TotalPageFile size 47356M (AvailPageFile size 13M)
current process WorkingSet (physical memory assigned to process): 203M, peak: 224M
current process commit charge ("private bytes"): 388M, peak: 411M

vm_info: OpenJDK 64-Bit Server VM (21.0.12.1+1-LTS) for windows-amd64 JRE (21.0.12.1+1-LTS), built on 2026-08-18T00:00:00Z by "admin" with MS VC++ 17.12 (VS2022)

END.
